rsi_common_apis.c:64:9:rsi_common_get_status	4	static
rsi_common_apis.c:84:6:rsi_common_set_status	16	static
rsi_common_apis.c:108:9:rsi_driver_init	32	static
rsi_common_apis.c:403:9:rsi_wireless_init	40	static
rsi_common_apis.c:673:9:rsi_cmd_uart_flow_ctrl	32	static
rsi_common_apis.c:818:9:rsi_wireless_deinit	16	static
rsi_common_apis.c:941:9:rsi_wireless_antenna	40	static
rsi_common_apis.c:1025:9:rsi_send_feature_frame	24	static
rsi_common_apis.c:1110:9:rsi_get_fw_version	32	static
rsi_common_apis.c:1202:9:rsi_common_debug_log	32	static
rsi_common_apis.c:1279:9:rsi_switch_proto	32	static
rsi_common_apis.c:1369:6:rsi_wireless_driver_task	8	static
rsi_common_apis.c:1404:9:rsi_driver_deinit	16	static
rsi_common_apis.c:1585:9:rsi_driver_version	16	static
rsi_common_apis.c:1599:9:rsi_set_rtc_timer	32	static
rsi_common_apis.c:1666:9:rsi_get_ram_log	32	static
rsi_common_apis.c:1733:9:rsi_driver_memory_estimate	16	static
rsi_common_apis.c:1742:6:rsi_uregister_events_callbacks	16	static
rsi_common_apis.c:1755:9:rsi_get_rtc_timer	32	static
