Archive member included to satisfy reference by file (symbol)

c:/siliconlabs/simplicitystudio/v5_3/developer/toolchains/gnu_arm/7.2_2017q4/bin/../lib/gcc/arm-none-eabi/7.2.1/thumb/v8-m.main/fpv5-sp/softfp\libgcc.a(_arm_addsubdf3.o)
                              ./Sapis/nwk/applications/aws_sdk/src/aws_iot_shadow_json.o (__aeabi_f2d)
c:/siliconlabs/simplicitystudio/v5_3/developer/toolchains/gnu_arm/7.2_2017q4/bin/../lib/gcc/arm-none-eabi/7.2.1/thumb/v8-m.main/fpv5-sp/softfp\libgcc.a(_arm_truncdfsf2.o)
                              ./Sapis/nwk/applications/http_server/rsi_json_handlers.o (__aeabi_d2f)
c:/siliconlabs/simplicitystudio/v5_3/developer/toolchains/gnu_arm/7.2_2017q4/bin/../lib/gcc/arm-none-eabi/7.2.1/thumb/v8-m.main/fpv5-sp/softfp\libgcc.a(_aeabi_uldivmod.o)
                              ./emlib/em_usart.o (__aeabi_uldivmod)
c:/siliconlabs/simplicitystudio/v5_3/developer/toolchains/gnu_arm/7.2_2017q4/bin/../lib/gcc/arm-none-eabi/7.2.1/thumb/v8-m.main/fpv5-sp/softfp\libgcc.a(_udivmoddi4.o)
                              c:/siliconlabs/simplicitystudio/v5_3/developer/toolchains/gnu_arm/7.2_2017q4/bin/../lib/gcc/arm-none-eabi/7.2.1/thumb/v8-m.main/fpv5-sp/softfp\libgcc.a(_aeabi_uldivmod.o) (__udivmoddi4)
c:/siliconlabs/simplicitystudio/v5_3/developer/toolchains/gnu_arm/7.2_2017q4/bin/../lib/gcc/arm-none-eabi/7.2.1/thumb/v8-m.main/fpv5-sp/softfp\libgcc.a(_dvmd_tls.o)
                              c:/siliconlabs/simplicitystudio/v5_3/developer/toolchains/gnu_arm/7.2_2017q4/bin/../lib/gcc/arm-none-eabi/7.2.1/thumb/v8-m.main/fpv5-sp/softfp\libgcc.a(_aeabi_uldivmod.o) (__aeabi_ldiv0)
c:/siliconlabs/simplicitystudio/v5_3/developer/toolchains/gnu_arm/7.2_2017q4/bin/../lib/gcc/arm-none-eabi/7.2.1/../../../../arm-none-eabi/lib/thumb/v8-m.main/fpv5-sp/softfp\libc_nano.a(lib_a-atof.o)
                              ./Sapis/nwk/applications/http_server/rsi_json_handlers.o (atof)
c:/siliconlabs/simplicitystudio/v5_3/developer/toolchains/gnu_arm/7.2_2017q4/bin/../lib/gcc/arm-none-eabi/7.2.1/../../../../arm-none-eabi/lib/thumb/v8-m.main/fpv5-sp/softfp\libc_nano.a(lib_a-exit.o)
                              c:/siliconlabs/simplicitystudio/v5_3/developer/toolchains/gnu_arm/7.2_2017q4/bin/../lib/gcc/arm-none-eabi/7.2.1/../../../../arm-none-eabi/lib/thumb/v8-m.main/fpv5-sp/softfp/crt0.o (exit)
c:/siliconlabs/simplicitystudio/v5_3/developer/toolchains/gnu_arm/7.2_2017q4/bin/../lib/gcc/arm-none-eabi/7.2.1/../../../../arm-none-eabi/lib/thumb/v8-m.main/fpv5-sp/softfp\libc_nano.a(lib_a-impure.o)
                              c:/siliconlabs/simplicitystudio/v5_3/developer/toolchains/gnu_arm/7.2_2017q4/bin/../lib/gcc/arm-none-eabi/7.2.1/../../../../arm-none-eabi/lib/thumb/v8-m.main/fpv5-sp/softfp\libc_nano.a(lib_a-exit.o) (_global_impure_ptr)
c:/siliconlabs/simplicitystudio/v5_3/developer/toolchains/gnu_arm/7.2_2017q4/bin/../lib/gcc/arm-none-eabi/7.2.1/../../../../arm-none-eabi/lib/thumb/v8-m.main/fpv5-sp/softfp\libc_nano.a(lib_a-init.o)
                              c:/siliconlabs/simplicitystudio/v5_3/developer/toolchains/gnu_arm/7.2_2017q4/bin/../lib/gcc/arm-none-eabi/7.2.1/../../../../arm-none-eabi/lib/thumb/v8-m.main/fpv5-sp/softfp/crt0.o (__libc_init_array)
c:/siliconlabs/simplicitystudio/v5_3/developer/toolchains/gnu_arm/7.2_2017q4/bin/../lib/gcc/arm-none-eabi/7.2.1/../../../../arm-none-eabi/lib/thumb/v8-m.main/fpv5-sp/softfp\libc_nano.a(lib_a-memcmp.o)
                              ./Sapis/driver/rsi_bt_ble.o (memcmp)
c:/siliconlabs/simplicitystudio/v5_3/developer/toolchains/gnu_arm/7.2_2017q4/bin/../lib/gcc/arm-none-eabi/7.2.1/../../../../arm-none-eabi/lib/thumb/v8-m.main/fpv5-sp/softfp\libc_nano.a(lib_a-memcpy-stub.o)
                              ./Example/Aws_iot/rsi_ble_app.o (memcpy)
c:/siliconlabs/simplicitystudio/v5_3/developer/toolchains/gnu_arm/7.2_2017q4/bin/../lib/gcc/arm-none-eabi/7.2.1/../../../../arm-none-eabi/lib/thumb/v8-m.main/fpv5-sp/softfp\libc_nano.a(lib_a-memmove.o)
                              ./Sapis/nwk/applications/mdnsd_records/rsi_mdnsd_records.o (memmove)
c:/siliconlabs/simplicitystudio/v5_3/developer/toolchains/gnu_arm/7.2_2017q4/bin/../lib/gcc/arm-none-eabi/7.2.1/../../../../arm-none-eabi/lib/thumb/v8-m.main/fpv5-sp/softfp\libc_nano.a(lib_a-memset.o)
                              c:/siliconlabs/simplicitystudio/v5_3/developer/toolchains/gnu_arm/7.2_2017q4/bin/../lib/gcc/arm-none-eabi/7.2.1/../../../../arm-none-eabi/lib/thumb/v8-m.main/fpv5-sp/softfp/crt0.o (memset)
c:/siliconlabs/simplicitystudio/v5_3/developer/toolchains/gnu_arm/7.2_2017q4/bin/../lib/gcc/arm-none-eabi/7.2.1/../../../../arm-none-eabi/lib/thumb/v8-m.main/fpv5-sp/softfp\libc_nano.a(lib_a-printf.o)
                              ./Example/Aws_iot/rsi_ble_app.o (printf)
c:/siliconlabs/simplicitystudio/v5_3/developer/toolchains/gnu_arm/7.2_2017q4/bin/../lib/gcc/arm-none-eabi/7.2.1/../../../../arm-none-eabi/lib/thumb/v8-m.main/fpv5-sp/softfp\libc_nano.a(lib_a-snprintf.o)
[...]
Memory Configuration

Name             Origin             Length             Attributes
FLASH            0x00000000         0x00100000         xr
RAM              0x20000000         0x00018000         xrw
*default*        0x00000000         0xffffffff

Linker script and memory map

LOAD c:/siliconlabs/simplicitystudio/v5_3/developer/toolchains/gnu_arm/7.2_2017q4/bin/../lib/gcc/arm-none-eabi/7.2.1/thumb/v8-m.main/fpv5-sp/softfp/crti.o
LOAD c:/siliconlabs/simplicitystudio/v5_3/developer/toolchains/gnu_arm/7.2_2017q4/bin/../lib/gcc/arm-none-eabi/7.2.1/thumb/v8-m.main/fpv5-sp/softfp/crtbegin.o
LOAD c:/siliconlabs/simplicitystudio/v5_3/developer/toolchains/gnu_arm/7.2_2017q4/bin/../lib/gcc/arm-none-eabi/7.2.1/../../../../arm-none-eabi/lib/thumb/v8-m.main/fpv5-sp/softfp/crt0.o
LOAD ./CMSIS/EFR32MG21/startup_efr32mg21.o
LOAD ./CMSIS/EFR32MG21/system_efr32mg21.o
LOAD ./Example/Aws_iot/rsi_ble_app.o
LOAD ./Example/Aws_iot/rsi_shadow_sample_led.o
LOAD ./Example/Aws_iot/rsi_wlan_app.o
LOAD ./Platforms/hal/rsi_hal_mcu_interrupt.o
LOAD ./Platforms/hal/rsi_hal_mcu_ioports.o
LOAD ./Platforms/hal/rsi_hal_mcu_platform_init.o
LOAD ./Platforms/hal/rsi_hal_mcu_random.o
LOAD ./Platforms/hal/rsi_hal_mcu_sdio.o
LOAD ./Platforms/hal/rsi_hal_mcu_spi.o
LOAD ./Platforms/hal/rsi_hal_mcu_timer.o
LOAD ./Platforms/hal/rsi_hal_mcu_uart.o
LOAD ./Platforms/hal/rsi_timer.o
LOAD ./Sapis/bt_ble/rsi_ble_gap_apis.o
LOAD ./Sapis/bt_ble/rsi_ble_gatt_apis.o
LOAD ./Sapis/bt_ble/rsi_ble_l2cap_conn.o
LOAD ./Sapis/bt_ble/rsi_bt_a2dp_apis.o
LOAD ./Sapis/bt_ble/rsi_bt_avrcp_apis.o
LOAD ./Sapis/bt_ble/rsi_bt_common_apis.o
LOAD ./Sapis/bt_ble/rsi_bt_gap_apis.o
LOAD ./Sapis/bt_ble/rsi_bt_hfp_apis.o
LOAD ./Sapis/bt_ble/rsi_bt_hid_apis.o
LOAD ./Sapis/bt_ble/rsi_bt_iap_apis.o
LOAD ./Sapis/bt_ble/rsi_bt_pbap_apis.o
LOAD ./Sapis/bt_ble/rsi_bt_sdp_apis.o
LOAD ./Sapis/bt_ble/rsi_bt_spp_apis.o
LOAD ./Sapis/common/rsi_common_apis.o
LOAD ./Sapis/common/rsi_device_init_apis.o
LOAD ./Sapis/driver/intf/sdio/rsi_sdio_frame_rd_wr.o
LOAD ./Sapis/driver/intf/sdio/rsi_sdio_iface_init.o
LOAD ./Sapis/driver/intf/sdio/rsi_sdio_mem_rd_wr.o
LOAD ./Sapis/driver/intf/sdio/rsi_sdio_reg_rd_wr.o
LOAD ./Sapis/driver/intf/spi/rsi_spi_frame_rd_wr.o
LOAD ./Sapis/driver/intf/spi/rsi_spi_functs.o
LOAD ./Sapis/driver/intf/spi/rsi_spi_iface_init.o
LOAD ./Sapis/driver/intf/spi/rsi_spi_mem_rd_wr.o
LOAD ./Sapis/driver/intf/spi/rsi_spi_reg_rd_wr.o
LOAD ./Sapis/driver/intf/uart/rsi_uart.o
LOAD ./Sapis/driver/rsi_bt_ble.o
LOAD ./Sapis/driver/rsi_common.o
LOAD ./Sapis/driver/rsi_device_init.o
LOAD ./Sapis/driver/rsi_driver.o
LOAD ./Sapis/driver/rsi_driver_event_handlers.o
LOAD ./Sapis/driver/rsi_events.o
LOAD ./Sapis/driver/rsi_iap.o
LOAD ./Sapis/driver/rsi_nwk.o
LOAD ./Sapis/driver/rsi_os_none.o
LOAD ./Sapis/driver/rsi_pkt_mgmt.o
LOAD ./Sapis/driver/rsi_queue.o
LOAD ./Sapis/driver/rsi_scheduler.o
LOAD ./Sapis/driver/rsi_setregion_countryinfo.o
LOAD ./Sapis/driver/rsi_timer.o
LOAD ./Sapis/driver/rsi_utils.o
LOAD ./Sapis/driver/rsi_wlan.o
LOAD ./Sapis/driver/rsi_zb.o
LOAD ./Sapis/driver/rsi_zb_utility.o
LOAD ./Sapis/nwk/applications/aws_sdk/platform/src/network_wrapper.o
LOAD ./Sapis/nwk/applications/aws_sdk/platform/src/timer.o
LOAD ./Sapis/nwk/applications/aws_sdk/src/aws_iot_jobs_interface.o
LOAD ./Sapis/nwk/applications/aws_sdk/src/aws_iot_jobs_json.o
LOAD ./Sapis/nwk/applications/aws_sdk/src/aws_iot_jobs_topics.o
LOAD ./Sapis/nwk/applications/aws_sdk/src/aws_iot_jobs_types.o
LOAD ./Sapis/nwk/applications/aws_sdk/src/aws_iot_json_utils.o
LOAD ./Sapis/nwk/applications/aws_sdk/src/aws_iot_mqtt_client.o
LOAD ./Sapis/nwk/applications/aws_sdk/src/aws_iot_mqtt_client_common_internal.o
LOAD ./Sapis/nwk/applications/aws_sdk/src/aws_iot_mqtt_client_connect.o
LOAD ./Sapis/nwk/applications/aws_sdk/src/aws_iot_mqtt_client_publish.o
LOAD ./Sapis/nwk/applications/aws_sdk/src/aws_iot_mqtt_client_subscribe.o
LOAD ./Sapis/nwk/applications/aws_sdk/src/aws_iot_mqtt_client_unsubscribe.o
LOAD ./Sapis/nwk/applications/aws_sdk/src/aws_iot_mqtt_client_yield.o
LOAD ./Sapis/nwk/applications/aws_sdk/src/aws_iot_shadow.o
LOAD ./Sapis/nwk/applications/aws_sdk/src/aws_iot_shadow_actions.o
LOAD ./Sapis/nwk/applications/aws_sdk/src/aws_iot_shadow_json.o
LOAD ./Sapis/nwk/applications/aws_sdk/src/aws_iot_shadow_records.o
LOAD ./Sapis/nwk/applications/aws_sdk/src/jsmn.o
LOAD ./Sapis/nwk/applications/http_server/rsi_http_server.o
LOAD ./Sapis/nwk/applications/http_server/rsi_json_handlers.o
LOAD ./Sapis/nwk/applications/mdnsd_records/rsi_mdnsd_records.o
LOAD ./Sapis/nwk/applications/rsi_dhcp_user_class.o
LOAD ./Sapis/nwk/applications/rsi_dns.o
LOAD ./Sapis/nwk/applications/rsi_emb_mqtt_client.o
LOAD ./Sapis/nwk/applications/rsi_firmware_upgradation.o
LOAD ./Sapis/nwk/applications/rsi_ftp.o
LOAD ./Sapis/nwk/applications/rsi_http_client.o
LOAD ./Sapis/nwk/applications/rsi_mdnsd.o
LOAD ./Sapis/nwk/applications/rsi_mqtt_client.o
LOAD ./Sapis/nwk/applications/rsi_multicast.o
LOAD ./Sapis/nwk/applications/rsi_ota_fw_up.o
LOAD ./Sapis/nwk/applications/rsi_pop3_client.o
LOAD ./Sapis/nwk/applications/rsi_raw_data.o
LOAD ./Sapis/nwk/applications/rsi_smtp_client.o
LOAD ./Sapis/nwk/applications/rsi_sntp_client.o
LOAD ./Sapis/nwk/applications/rsi_web_socket.o
LOAD ./Sapis/nwk/socket/rsi_socket.o
LOAD ./Sapis/rom/rsi_apis_non_rom.o
LOAD ./Sapis/rom/rsi_apis_rom.o
LOAD ./Sapis/rom/rsi_events_rom.o
LOAD ./Sapis/rom/rsi_nwk_rom.o
LOAD ./Sapis/rom/rsi_pkt_mgmt_rom.o
LOAD ./Sapis/rom/rsi_queue_rom.o
LOAD ./Sapis/rom/rsi_scheduler_rom.o
LOAD ./Sapis/rom/rsi_socket_rom.o
LOAD ./Sapis/rom/rsi_utils_rom.o
LOAD ./Sapis/wlan/rsi_wlan_apis.o
LOAD ./debug_prints/retargetio.o
LOAD ./emlib/em_cmu.o
LOAD ./emlib/em_core.o
LOAD ./emlib/em_emu.o
LOAD ./emlib/em_gpio.o
LOAD ./emlib/em_ldma.o
LOAD ./emlib/em_system.o
LOAD ./emlib/em_usart.o
START GROUP
LOAD c:/siliconlabs/simplicitystudio/v5_3/developer/toolchains/gnu_arm/7.2_2017q4/bin/../lib/gcc/arm-none-eabi/7.2.1/thumb/v8-m.main/fpv5-sp/softfp\libgcc.a
LOAD c:/siliconlabs/simplicitystudio/v5_3/developer/toolchains/gnu_arm/7.2_2017q4/bin/../lib/gcc/arm-none-eabi/7.2.1/../../../../arm-none-eabi/lib/thumb/v8-m.main/fpv5-sp/softfp\libc_nano.a
LOAD c:/siliconlabs/simplicitystudio/v5_3/developer/toolchains/gnu_arm/7.2_2017q4/bin/../lib/gcc/arm-none-eabi/7.2.1/../../../../arm-none-eabi/lib/thumb/v8-m.main/fpv5-sp/softfp\libnosys.a
END GROUP
START GROUP
LOAD c:/siliconlabs/simplicitystudio/v5_3/developer/toolchains/gnu_arm/7.2_2017q4/bin/../lib/gcc/arm-none-eabi/7.2.1/thumb/v8-m.main/fpv5-sp/softfp\libgcc.a
LOAD c:/siliconlabs/simplicitystudio/v5_3/developer/toolchains/gnu_arm/7.2_2017q4/bin/../lib/gcc/arm-none-eabi/7.2.1/../../../../arm-none-eabi/lib/thumb/v8-m.main/fpv5-sp/softfp\libg_nano.a
LOAD c:/siliconlabs/simplicitystudio/v5_3/developer/toolchains/gnu_arm/7.2_2017q4/bin/../lib/gcc/arm-none-eabi/7.2.1/../../../../arm-none-eabi/lib/thumb/v8-m.main/fpv5-sp/softfp\libc_nano.a
END GROUP
START GROUP
LOAD c:/siliconlabs/simplicitystudio/v5_3/developer/toolchains/gnu_arm/7.2_2017q4/bin/../lib/gcc/arm-none-eabi/7.2.1/thumb/v8-m.main/fpv5-sp/softfp\libgcc.a
LOAD c:/siliconlabs/simplicitystudio/v5_3/developer/toolchains/gnu_arm/7.2_2017q4/bin/../lib/gcc/arm-none-eabi/7.2.1/../../../../arm-none-eabi/lib/thumb/v8-m.main/fpv5-sp/softfp\libc_nano.a
END GROUP
LOAD c:/siliconlabs/simplicitystudio/v5_3/developer/toolchains/gnu_arm/7.2_2017q4/bin/../lib/gcc/arm-none-eabi/7.2.1/thumb/v8-m.main/fpv5-sp/softfp/crtend.o
LOAD c:/siliconlabs/simplicitystudio/v5_3/developer/toolchains/gnu_arm/7.2_2017q4/bin/../lib/gcc/arm-none-eabi/7.2.1/thumb/v8-m.main/fpv5-sp/softfp/crtn.o

.text           0x00000000    0x15910
 *(.vectors)
 .vectors       0x00000000      0x134 ./CMSIS/EFR32MG21/startup_efr32mg21.o
                0x00000000                __Vectors
                0x00000134                __Vectors_End = .
                0x00000134                __Vectors_Size = (__Vectors_End - __Vectors)
                0x00000134                __end__ = .
 *(.text*)
 .text          0x00000134       0x40 c:/siliconlabs/simplicitystudio/v5_3/developer/toolchains/gnu_arm/7.2_2017q4/bin/../lib/gcc/arm-none-eabi/7.2.1/thumb/v8-m.main/fpv5-sp/softfp/crtbegin.o
 .text          0x00000174       0x74 c:/siliconlabs/simplicitystudio/v5_3/developer/toolchains/gnu_arm/7.2_2017q4/bin/../lib/gcc/arm-none-eabi/7.2.1/../../../../arm-none-eabi/lib/thumb/v8-m.main/fpv5-sp/softfp/crt0.o
                0x00000174                _start
                0x00000174                _mainCRTStartup
 .text          0x000001e8       0x30 ./CMSIS/EFR32MG21/startup_efr32mg21.o
                0x000001e8                Reset_Handler
                0x00000214                SW2_IRQHandler
                0x00000214                TIMER2_IRQHandler
                0x00000214                DebugMon_Handler
                0x00000214                PRORTC_IRQHandler
                0x00000214                IADC_IRQHandler
                0x00000214                I2C0_IRQHandler
                0x00000214                LFXO_IRQHandler
                0x00000214                HardFault_Handler
                0x00000214                SMU_SECURE_IRQHandler
                0x00000214                USART1_RX_IRQHandler
                0x00000214                PendSV_Handler
                0x00000214                NMI_Handler
                0x00000214                SYNTH_IRQHandler
                0x00000214                I2C1_IRQHandler
                0x00000214                WDOG0_IRQHandler
                0x00000214                TIMER3_IRQHandler
                0x00000214                SYSCFG_IRQHandler
                0x00000214                EMUSE_IRQHandler
                0x00000214                EMUDG_IRQHandler
                0x00000214                USART1_TX_IRQHandler
                0x00000214                SMU_PRIVILEGED_IRQHandler
                0x00000214                MSC_IRQHandler
                0x00000214                DPLL0_IRQHandler
                0x00000214                UsageFault_Handler
                0x00000214                WDOG1_IRQHandler
                0x00000214                M33CTI1_IRQHandler
                0x00000214                GPIO_EVEN_IRQHandler
                0x00000214                SEMBTX_IRQHandler
                0x00000214                SW0_IRQHandler
                0x00000214                TIMER0_IRQHandler
                0x00000214                ULFRCO_IRQHandler
                0x00000214                LETIMER0_IRQHandler
                0x00000214                TIMER1_IRQHandler
                0x00000214                HFRCO0_IRQHandler
                0x00000214                BUFC_IRQHandler
                0x00000214                MODEM_IRQHandler
                0x00000214                USART2_RX_IRQHandler
                0x00000214                Default_Handler
                0x00000214                RAC_SEQ_IRQHandler
                0x00000214                FRC_PRI_IRQHandler
                0x00000214                SW3_IRQHandler
                0x00000214                EMU_IRQHandler
                0x00000214                KERNEL0_IRQHandler
                0x00000214                FRC_IRQHandler
                0x00000214                KERNEL1_IRQHandler
                0x00000214                AGC_IRQHandler
                0x00000214                HFRCOEM23_IRQHandler
                0x00000214                sl_app_properties
                0x00000214                BURTC_IRQHandler
                0x00000214                SEMBRX_IRQHandler
                0x00000214                LFRCO_IRQHandler
                0x00000214                ACMP0_IRQHandler
                0x00000214                USART0_RX_IRQHandler
                0x00000214                MemManage_Handler
                0x00000214                SVC_Handler
                0x00000214                RTCC_IRQHandler
                0x00000214                HFXO00_IRQHandler
                0x00000214                SW1_IRQHandler
                0x00000214                CMU_IRQHandler
                0x00000214                RAC_RSM_IRQHandler
                0x00000214                SETAMPERHOST_IRQHandler
                0x00000214                AES_IRQHandler
                0x00000214                M33CTI0_IRQHandler
                0x00000214                ICACHE0_IRQHandler
                0x00000214                PROTIMER_IRQHandler
                0x00000214                ACMP1_IRQHandler
                0x00000214                BusFault_Handler
                0x00000214                USART2_TX_IRQHandler
 .text.SystemInit
                0x00000218       0x2c ./CMSIS/EFR32MG21/system_efr32mg21.o
                0x00000218                SystemInit
 .text.SystemHFRCODPLLClockGet
                0x00000244       0x18 ./CMSIS/EFR32MG21/system_efr32mg21.o
                0x00000244                SystemHFRCODPLLClockGet
 .text.SystemSYSCLKGet
                0x0000025c       0x50 ./CMSIS/EFR32MG21/system_efr32mg21.o
                0x0000025c                SystemSYSCLKGet
 .text.SystemHCLKGet
                0x000002ac       0x3c ./CMSIS/EFR32MG21/system_efr32mg21.o
                0x000002ac                SystemHCLKGet
 .text.SystemMaxCoreClockGet
                0x000002e8       0x14 ./CMSIS/EFR32MG21/system_efr32mg21.o
                0x000002e8                SystemMaxCoreClockGet
 .text.SystemHFXOClockGet
                0x000002fc       0x18 ./CMSIS/EFR32MG21/system_efr32mg21.o
                0x000002fc                SystemHFXOClockGet
 .text.SystemCLKIN0Get
                0x00000314       0x10 ./CMSIS/EFR32MG21/system_efr32mg21.o
                0x00000314                SystemCLKIN0Get
 .text.SystemFSRCOClockGet
                0x00000324       0x14 ./CMSIS/EFR32MG21/system_efr32mg21.o
                0x00000324                SystemFSRCOClockGet
 .text.SystemHFRCOEM23ClockGet
                0x00000338       0xe4 ./CMSIS/EFR32MG21/system_efr32mg21.o
                0x00000338                SystemHFRCOEM23ClockGet
 .text.SystemLFRCOClockGet
                0x0000041c       0x12 ./CMSIS/EFR32MG21/system_efr32mg21.o
                0x0000041c                SystemLFRCOClockGet
 .text.SystemULFRCOClockGet
                0x0000042e       0x12 ./CMSIS/EFR32MG21/system_efr32mg21.o
                0x0000042e                SystemULFRCOClockGet
 .text.SystemLFXOClockGet
                0x00000440       0x18 ./CMSIS/EFR32MG21/system_efr32mg21.o
                0x00000440                SystemLFXOClockGet
 .text.CMU_ClockEnable
                0x00000458       0x1c ./Example/Aws_iot/rsi_shadow_sample_led.o
 .text.iot_subscribe_callback_handler
                0x00000474       0x88 ./Example/Aws_iot/rsi_shadow_sample_led.o
 .text.rsi_remote_socket_terminate_handler1
                0x000004fc       0x1a ./Example/Aws_iot/rsi_shadow_sample_led.o
                0x000004fc                rsi_remote_socket_terminate_handler1
 *fill*         0x00000516        0x2 
 .text.disconnectCallbackHandler
                0x00000518       0x74 ./Example/Aws_iot/rsi_shadow_sample_led.o
 .text.rsi_mqtt_client_app
                0x0000058c      0x264 ./Example/Aws_iot/rsi_shadow_sample_led.o
                0x0000058c                rsi_mqtt_client_app
 .text.rsi_mqtt_client_app_2
                0x000007f0      0x108 ./Example/Aws_iot/rsi_shadow_sample_led.o
                0x000007f0                rsi_mqtt_client_app_2
 .text.main     0x000008f8      0x280 ./Example/Aws_iot/rsi_shadow_sample_led.o
                0x000008f8                main
 .text.__NVIC_EnableIRQ
                0x00000b78       0x3c ./Platforms/hal/rsi_hal_mcu_interrupt.o
 .text.__NVIC_DisableIRQ
                0x00000bb4       0x44 ./Platforms/hal/rsi_hal_mcu_interrupt.o
 .text.GPIO_IntClear
                0x00000bf8       0x24 ./Platforms/hal/rsi_hal_mcu_interrupt.o
 .text.USART_IntClear
                0x00000c1c       0x22 ./Platforms/hal/rsi_hal_mcu_interrupt.o
 *fill*         0x00000c3e        0x2 
 .text.USART0_TX_IRQHandler
                0x00000c40       0x48 ./Platforms/hal/rsi_hal_mcu_interrupt.o
                0x00000c40                USART0_TX_IRQHandler
 .text.GPIO_ODD_IRQHandler
                0x00000c88       0x24 ./Platforms/hal/rsi_hal_mcu_interrupt.o
                0x00000c88                GPIO_ODD_IRQHandler
 .text.rsi_hal_intr_config
                0x00000cac       0x20 ./Platforms/hal/rsi_hal_mcu_interrupt.o
                0x00000cac                rsi_hal_intr_config
 .text.rsi_hal_intr_mask
                0x00000ccc        0xe ./Platforms/hal/rsi_hal_mcu_interrupt.o
                0x00000ccc                rsi_hal_intr_mask
 .text.rsi_hal_intr_unmask
                0x00000cda        0xe ./Platforms/hal/rsi_hal_mcu_interrupt.o
                0x00000cda                rsi_hal_intr_unmask
 .text.BUS_RegBitRead
                0x00000ce8       0x24 ./Platforms/hal/rsi_hal_mcu_ioports.o
 .text.GPIO_PinInGet
                0x00000d0c       0x48 ./Platforms/hal/rsi_hal_mcu_ioports.o
 .text.GPIO_PinOutClear
                0x00000d54       0x54 ./Platforms/hal/rsi_hal_mcu_ioports.o
 .text.CMU_ClockEnable
                0x00000da8       0x1c ./Platforms/hal/rsi_hal_mcu_ioports.o
 .text.rsi_hal_config_gpio
                0x00000dc4       0x6a ./Platforms/hal/rsi_hal_mcu_ioports.o
                0x00000dc4                rsi_hal_config_gpio
 .text.rsi_hal_set_gpio
                0x00000e2e       0x4a ./Platforms/hal/rsi_hal_mcu_ioports.o
                0x00000e2e                rsi_hal_set_gpio
 .text.rsi_hal_get_gpio
                0x00000e78       0x4e ./Platforms/hal/rsi_hal_mcu_ioports.o
                0x00000e78                rsi_hal_get_gpio
 .text.rsi_hal_clear_gpio
                0x00000ec6       0x3e ./Platforms/hal/rsi_hal_mcu_ioports.o
                0x00000ec6                rsi_hal_clear_gpio
 .text.__NVIC_SetPriority
                0x00000f04       0x54 ./Platforms/hal/rsi_hal_mcu_platform_init.o
 .text.SysTick_Config
                0x00000f58       0x44 ./Platforms/hal/rsi_hal_mcu_platform_init.o
 .text.ITM_SendChar
                0x00000f9c       0x4e ./Platforms/hal/rsi_hal_mcu_platform_init.o
 .text.CMU_ClockEnable
                0x00000fea       0x1c ./Platforms/hal/rsi_hal_mcu_platform_init.o
 *fill*         0x00001006        0x2 
 .text.CHIP_Init
                0x00001008       0xa8 ./Platforms/hal/rsi_hal_mcu_platform_init.o
 .text.LDMA_IntClear
                0x000010b0       0x24 ./Platforms/hal/rsi_hal_mcu_platform_init.o
 .text.LDMA_IntGet
                0x000010d4       0x18 ./Platforms/hal/rsi_hal_mcu_platform_init.o
 .text.RETARGET_WriteChar
                0x000010ec       0x1c ./Platforms/hal/rsi_hal_mcu_platform_init.o
                0x000010ec                RETARGET_WriteChar
 .text.RETARGET_ReadChar
                0x00001108       0x10 ./Platforms/hal/rsi_hal_mcu_platform_init.o
                0x00001108                RETARGET_ReadChar
 .text.initGpio
                0x00001118       0x40 ./Platforms/hal/rsi_hal_mcu_platform_init.o
                0x00001118                initGpio
 .text.initUsart0
                0x00001158       0x88 ./Platforms/hal/rsi_hal_mcu_platform_init.o
                0x00001158                initUsart0
 .text.initLdma
                0x000011e0       0x20 ./Platforms/hal/rsi_hal_mcu_platform_init.o
                0x000011e0                initLdma
 .text.LDMA_IRQHandler
                0x00001200       0x48 ./Platforms/hal/rsi_hal_mcu_platform_init.o
                0x00001200                LDMA_IRQHandler
 .text.swo_setup
                0x00001248       0xd0 ./Platforms/hal/rsi_hal_mcu_platform_init.o
 .text.rsi_hal_board_init
                0x00001318       0x5c ./Platforms/hal/rsi_hal_mcu_platform_init.o
                0x00001318                rsi_hal_board_init
 .text.rsi_spi_transfer
                0x00001374      0x134 ./Platforms/hal/rsi_hal_mcu_spi.o
                0x00001374                rsi_spi_transfer
 .text.rsi_timer_start
                0x000014a8       0x22 ./Platforms/hal/rsi_hal_mcu_timer.o
                0x000014a8                rsi_timer_start
 .text.rsi_delay_ms
                0x000014ca       0x30 ./Platforms/hal/rsi_hal_mcu_timer.o
                0x000014ca                rsi_delay_ms
 *fill*         0x000014fa        0x2 
 .text.SysTick_Handler
                0x000014fc       0x1c ./Platforms/hal/rsi_hal_mcu_timer.o
                0x000014fc                SysTick_Handler
 .text.rsi_hal_gettickcount
                0x00001518       0x18 ./Platforms/hal/rsi_hal_mcu_timer.o
                0x00001518                rsi_hal_gettickcount
 .text.rsi_common_get_status
                0x00001530       0x1c ./Sapis/common/rsi_common_apis.o
                0x00001530                rsi_common_get_status
 .text.rsi_common_set_status
                0x0000154c       0x24 ./Sapis/common/rsi_common_apis.o
                0x0000154c                rsi_common_set_status
 .text.rsi_driver_init
                0x00001570      0x2dc ./Sapis/common/rsi_common_apis.o
                0x00001570                rsi_driver_init
 .text.rsi_wireless_init
                0x0000184c      0x1c0 ./Sapis/common/rsi_common_apis.o
                0x0000184c                rsi_wireless_init
 .text.rsi_send_feature_frame
                0x00001a0c       0xac ./Sapis/common/rsi_common_apis.o
                0x00001a0c                rsi_send_feature_frame
 .text.rsi_get_fw_version
                0x00001ab8       0xcc ./Sapis/common/rsi_common_apis.o
                0x00001ab8                rsi_get_fw_version
 .text.rsi_driver_memory_estimate
                0x00001b84       0x22 ./Sapis/common/rsi_common_apis.o
                0x00001b84                rsi_driver_memory_estimate
 *fill*         0x00001ba6        0x2 
 .text.rsi_device_init
                0x00001ba8       0xd8 ./Sapis/common/rsi_device_init_apis.o
                0x00001ba8                rsi_device_init
 .text.rsi_frame_read
                0x00001c80       0x6e ./Sapis/driver/intf/spi/rsi_spi_frame_rd_wr.o
                0x00001c80                rsi_frame_read
 .text.rsi_frame_write
                0x00001cee       0x62 ./Sapis/driver/intf/spi/rsi_spi_frame_rd_wr.o
                0x00001cee                rsi_frame_write
 .text.rsi_pre_dsc_rd
                0x00001d50       0x9c ./Sapis/driver/intf/spi/rsi_spi_frame_rd_wr.o
                0x00001d50                rsi_pre_dsc_rd
 .text.rsi_pkt_rd
                0x00001dec       0xe8 ./Sapis/driver/intf/spi/rsi_spi_frame_rd_wr.o
                0x00001dec                rsi_pkt_rd
 .text.rsi_spi_frame_dsc_wr
                0x00001ed4       0x80 ./Sapis/driver/intf/spi/rsi_spi_frame_rd_wr.o
                0x00001ed4                rsi_spi_frame_dsc_wr
 .text.rsi_spi_frame_data_wr
                0x00001f54       0xb8 ./Sapis/driver/intf/spi/rsi_spi_frame_rd_wr.o
                0x00001f54                rsi_spi_frame_data_wr
 .text.rsi_send_c1c2
                0x0000200c       0x90 ./Sapis/driver/intf/spi/rsi_spi_functs.o
                0x0000200c                rsi_send_c1c2
 .text.rsi_send_c3c4
                0x0000209c       0x44 ./Sapis/driver/intf/spi/rsi_spi_functs.o
                0x0000209c                rsi_send_c3c4
 .text.rsi_spi_wait_start_token
                0x000020e0       0x5c ./Sapis/driver/intf/spi/rsi_spi_functs.o
                0x000020e0                rsi_spi_wait_start_token
 .text.rsi_set_intr_type
                0x0000213c       0x70 ./Sapis/driver/intf/spi/rsi_spi_functs.o
                0x0000213c                rsi_set_intr_type
 .text.rsi_device_interrupt_status
                0x000021ac       0x58 ./Sapis/driver/intf/spi/rsi_spi_functs.o
                0x000021ac                rsi_device_interrupt_status
 .text.rsi_spi_iface_init
                0x00002204       0x78 ./Sapis/driver/intf/spi/rsi_spi_iface_init.o
                0x00002204                rsi_spi_iface_init
 .text.rsi_mem_wr
                0x0000227c       0xc6 ./Sapis/driver/intf/spi/rsi_spi_mem_rd_wr.o
                0x0000227c                rsi_mem_wr
 *fill*         0x00002342        0x2 
 .text.rsi_mem_rd
                0x00002344       0xf8 ./Sapis/driver/intf/spi/rsi_spi_mem_rd_wr.o
                0x00002344                rsi_mem_rd
 .text.rsi_reg_rd
                0x0000243c       0x74 ./Sapis/driver/intf/spi/rsi_spi_reg_rd_wr.o
                0x0000243c                rsi_reg_rd
 .text.rsi_bt_get_proto_type
                0x000024b0      0x3bc ./Sapis/driver/rsi_bt_ble.o
                0x000024b0                rsi_bt_get_proto_type
 .text.rsi_bt_common_tx_done
                0x0000286c       0x76 ./Sapis/driver/rsi_bt_ble.o
                0x0000286c                rsi_bt_common_tx_done
 .text.rsi_bt_set_status
                0x000028e2       0x1c ./Sapis/driver/rsi_bt_ble.o
                0x000028e2                rsi_bt_set_status
 .text.rsi_bt_get_status
                0x000028fe       0x18 ./Sapis/driver/rsi_bt_ble.o
                0x000028fe                rsi_bt_get_status
 *fill*         0x00002916        0x2 
 .text.rsi_ble_update_le_dev_buf
                0x00002918       0x88 ./Sapis/driver/rsi_bt_ble.o
                0x00002918                rsi_ble_update_le_dev_buf
 .text.rsi_add_remote_ble_dev_info
                0x000029a0       0xbc ./Sapis/driver/rsi_bt_ble.o
                0x000029a0                rsi_add_remote_ble_dev_info
 .text.rsi_remove_remote_ble_dev_info
                0x00002a5c       0xd0 ./Sapis/driver/rsi_bt_ble.o
                0x00002a5c                rsi_remove_remote_ble_dev_info
 .text.rsi_driver_process_bt_resp
                0x00002b2c      0x1cc ./Sapis/driver/rsi_bt_ble.o
                0x00002b2c                rsi_driver_process_bt_resp
 .text.rsi_driver_process_bt_resp_handler
                0x00002cf8       0xc4 ./Sapis/driver/rsi_bt_ble.o
                0x00002cf8                rsi_driver_process_bt_resp_handler
 .text.rsi_bt_cb_init
                0x00002dbc       0x88 ./Sapis/driver/rsi_bt_ble.o
                0x00002dbc                rsi_bt_cb_init
 .text.rsi_bt_global_cb_init
                0x00002e44       0x54 ./Sapis/driver/rsi_bt_ble.o
                0x00002e44                rsi_bt_global_cb_init
 .text.rsi_bt_common_init
                0x00002e98       0x38 ./Sapis/driver/rsi_bt_ble.o
                0x00002e98                rsi_bt_common_init
 .text.rsi_bt_callbacks_handler
                0x00002ed0     0x1384 ./Sapis/driver/rsi_bt_ble.o
                0x00002ed0                rsi_bt_callbacks_handler
 .text.rsi_ble_callbacks_handler
                0x00004254      0x87a ./Sapis/driver/rsi_bt_ble.o
                0x00004254                rsi_ble_callbacks_handler
 *fill*         0x00004ace        0x2 
 .text.rsi_common_cb_init
                0x00004ad0       0xbc ./Sapis/driver/rsi_common.o
                0x00004ad0                rsi_common_cb_init
 .text.rsi_driver_common_send_cmd
                0x00004b8c      0x30c ./Sapis/driver/rsi_common.o
                0x00004b8c                rsi_driver_common_send_cmd
 .text.rsi_driver_process_common_recv_cmd
                0x00004e98      0x41c ./Sapis/driver/rsi_common.o
                0x00004e98                rsi_driver_process_common_recv_cmd
 .text.rsi_handle_slp_wkp
                0x000052b4       0xf8 ./Sapis/driver/rsi_common.o
                0x000052b4                rsi_handle_slp_wkp
 .text.rsi_allow_sleep
                0x000053ac        0xe ./Sapis/driver/rsi_common.o
                0x000053ac                rsi_allow_sleep
 .text.rsi_powersave_gpio_init
                0x000053ba       0x28 ./Sapis/driver/rsi_common.o
                0x000053ba                rsi_powersave_gpio_init
 .text.rsi_common_packet_transfer_done
                0x000053e2       0x16 ./Sapis/driver/rsi_common.o
                0x000053e2                rsi_common_packet_transfer_done
 .text.rsi_wait_on_common_semaphore
                0x000053f8       0x30 ./Sapis/driver/rsi_common.o
                0x000053f8                rsi_wait_on_common_semaphore
 .text.rsi_check_and_update_cmd_state
                0x00005428       0xf4 ./Sapis/driver/rsi_common.o
                0x00005428                rsi_check_and_update_cmd_state
 .text.rsi_bl_module_power_cycle
                0x0000551c       0x26 ./Sapis/driver/rsi_device_init.o
                0x0000551c                rsi_bl_module_power_cycle
 *fill*         0x00005542        0x2 
 .text.rsi_bl_waitfor_boardready
                0x00005544       0x88 ./Sapis/driver/rsi_device_init.o
                0x00005544                rsi_bl_waitfor_boardready
 .text.rsi_bl_select_option
                0x000055cc      0x184 ./Sapis/driver/rsi_device_init.o
                0x000055cc                rsi_bl_select_option
 .text.rsi_bootloader_instructions
                0x00005750      0x1ec ./Sapis/driver/rsi_device_init.o
                0x00005750                rsi_bootloader_instructions
 .text.rsi_interrupt_handler
                0x0000593c       0x12 ./Sapis/driver/rsi_driver.o
                0x0000593c                rsi_interrupt_handler
 *fill*         0x0000594e        0x2 
 .text.rsi_tx_event_handler
                0x00005950      0x2b8 ./Sapis/driver/rsi_driver_event_handlers.o
                0x00005950                rsi_tx_event_handler
 .text.rsi_rx_event_handler
                0x00005c08      0x374 ./Sapis/driver/rsi_driver_event_handlers.o
                0x00005c08                rsi_rx_event_handler
 .text.rsi_set_event
                0x00005f7c       0x28 ./Sapis/driver/rsi_events.o
                0x00005f7c                rsi_set_event
 .text.rsi_clear_event
                0x00005fa4       0x28 ./Sapis/driver/rsi_events.o
                0x00005fa4                rsi_clear_event
 .text.rsi_mask_event
                0x00005fcc       0x28 ./Sapis/driver/rsi_events.o
                0x00005fcc                rsi_mask_event
 .text.rsi_unmask_event
                0x00005ff4       0x28 ./Sapis/driver/rsi_events.o
                0x00005ff4                rsi_unmask_event
 .text.rsi_register_event
                0x0000601c       0x2c ./Sapis/driver/rsi_events.o
                0x0000601c                rsi_register_event
 .text.rsi_events_init
                0x00006048       0x2c ./Sapis/driver/rsi_events.o
                0x00006048                rsi_events_init
 .text.rsi_driver_send_data
                0x00006074       0x24 ./Sapis/driver/rsi_nwk.o
                0x00006074                rsi_driver_send_data
 .text.rsi_driver_process_recv_data
                0x00006098       0x18 ./Sapis/driver/rsi_nwk.o
                0x00006098                rsi_driver_process_recv_data
 .text.rsi_wait_on_nwk_semaphore
                0x000060b0       0x30 ./Sapis/driver/rsi_nwk.o
                0x000060b0                rsi_wait_on_nwk_semaphore
 .text.rsi_wlan_get_nwk_status
                0x000060e0       0x18 ./Sapis/driver/rsi_nwk.o
                0x000060e0                rsi_wlan_get_nwk_status
 .text.rsi_wlan_set_nwk_status
                0x000060f8       0x24 ./Sapis/driver/rsi_nwk.o
                0x000060f8                rsi_wlan_set_nwk_status
 .text.rsi_driver_send_data_non_rom
                0x0000611c      0x2a8 ./Sapis/driver/rsi_nwk.o
                0x0000611c                rsi_driver_send_data_non_rom
 .text.rsi_driver_process_recv_data_non_rom
                0x000063c4      0x258 ./Sapis/driver/rsi_nwk.o
                0x000063c4                rsi_driver_process_recv_data_non_rom
 .text.rsi_post_waiting_nwk_semaphore
                0x0000661c       0x50 ./Sapis/driver/rsi_nwk.o
                0x0000661c                rsi_post_waiting_nwk_semaphore
 .text.rsi_critical_section_entry
                0x0000666c       0x18 ./Sapis/driver/rsi_os_none.o
                0x0000666c                rsi_critical_section_entry
 .text.rsi_critical_section_exit
                0x00006684       0x14 ./Sapis/driver/rsi_os_none.o
                0x00006684                rsi_critical_section_exit
 .text.rsi_mutex_create
                0x00006698       0x1c ./Sapis/driver/rsi_os_none.o
                0x00006698                rsi_mutex_create
 .text.rsi_mutex_lock
                0x000066b4       0x26 ./Sapis/driver/rsi_os_none.o
                0x000066b4                rsi_mutex_lock
 .text.rsi_mutex_unlock
                0x000066da       0x1c ./Sapis/driver/rsi_os_none.o
                0x000066da                rsi_mutex_unlock
 .text.rsi_semaphore_create
                0x000066f6       0x1e ./Sapis/driver/rsi_os_none.o
                0x000066f6                rsi_semaphore_create
 .text.rsi_semaphore_wait
                0x00006714       0xbc ./Sapis/driver/rsi_os_none.o
                0x00006714                rsi_semaphore_wait
 .text.rsi_semaphore_post_from_isr
                0x000067d0       0x24 ./Sapis/driver/rsi_os_none.o
                0x000067d0                rsi_semaphore_post_from_isr
 .text.rsi_semaphore_post
                0x000067f4       0x24 ./Sapis/driver/rsi_os_none.o
                0x000067f4                rsi_semaphore_post
 .text.rsi_pkt_pool_init
                0x00006818       0x38 ./Sapis/driver/rsi_pkt_mgmt.o
                0x00006818                rsi_pkt_pool_init
 .text.rsi_pkt_alloc
                0x00006850       0x2c ./Sapis/driver/rsi_pkt_mgmt.o
                0x00006850                rsi_pkt_alloc
 .text.rsi_pkt_free
                0x0000687c       0x2c ./Sapis/driver/rsi_pkt_mgmt.o
                0x0000687c                rsi_pkt_free
 .text.rsi_queues_init
                0x000068a8       0x28 ./Sapis/driver/rsi_queue.o
                0x000068a8                rsi_queues_init
 .text.rsi_enqueue_pkt
                0x000068d0       0x2c ./Sapis/driver/rsi_queue.o
                0x000068d0                rsi_enqueue_pkt
 .text.rsi_dequeue_pkt
                0x000068fc       0x2c ./Sapis/driver/rsi_queue.o
                0x000068fc                rsi_dequeue_pkt
 .text.rsi_check_queue_status
                0x00006928       0x2c ./Sapis/driver/rsi_queue.o
                0x00006928                rsi_check_queue_status
 .text.rsi_block_queue
                0x00006954       0x28 ./Sapis/driver/rsi_queue.o
                0x00006954                rsi_block_queue
 .text.rsi_unblock_queue
                0x0000697c       0x28 ./Sapis/driver/rsi_queue.o
                0x0000697c                rsi_unblock_queue
 .text.rsi_scheduler_init
                0x000069a4       0x28 ./Sapis/driver/rsi_scheduler.o
                0x000069a4                rsi_scheduler_init
 .text.rsi_scheduler
                0x000069cc       0x28 ./Sapis/driver/rsi_scheduler.o
                0x000069cc                rsi_scheduler
 .text.rsi_timer_expiry_interrupt_handler
                0x000069f4       0x1c ./Sapis/driver/rsi_timer.o
                0x000069f4                rsi_timer_expiry_interrupt_handler
 .text.rsi_timer_read_counter
                0x00006a10        0xe ./Sapis/driver/rsi_timer.o
                0x00006a10                rsi_timer_read_counter
 .text.rsi_init_timer
                0x00006a1e       0x20 ./Sapis/driver/rsi_timer.o
                0x00006a1e                rsi_init_timer
 .text.rsi_timer_expired
                0x00006a3e       0x2a ./Sapis/driver/rsi_timer.o
                0x00006a3e                rsi_timer_expired
 .text.rsi_uint16_to_2bytes
                0x00006a68       0x2c ./Sapis/driver/rsi_utils.o
                0x00006a68                rsi_uint16_to_2bytes
 .text.rsi_uint32_to_4bytes
                0x00006a94       0x2c ./Sapis/driver/rsi_utils.o
                0x00006a94                rsi_uint32_to_4bytes
 .text.rsi_bytes2R_to_uint16
                0x00006ac0       0x2c ./Sapis/driver/rsi_utils.o
                0x00006ac0                rsi_bytes2R_to_uint16
 .text.rsi_bytes4R_to_uint32
                0x00006aec       0x2c ./Sapis/driver/rsi_utils.o
                0x00006aec                rsi_bytes4R_to_uint32
 .text.lmac_crc8_c
                0x00006b18      0x326 ./Sapis/driver/rsi_utils.o
                0x00006b18                lmac_crc8_c
 .text.multicast_mac_hash
                0x00006e3e       0x4a ./Sapis/driver/rsi_utils.o
                0x00006e3e                multicast_mac_hash
 .text.rsi_wlan_cb_init
                0x00006e88      0x120 ./Sapis/driver/rsi_wlan.o
                0x00006e88                rsi_wlan_cb_init
 .text.rsi_driver_wlan_send_cmd
                0x00006fa8      0xb30 ./Sapis/driver/rsi_wlan.o
                0x00006fa8                rsi_driver_wlan_send_cmd
 .text.rsi_extract_filename
                0x00007ad8       0x58 ./Sapis/driver/rsi_wlan.o
                0x00007ad8                rsi_extract_filename
 .text.rsi_driver_process_wlan_recv_cmd
                0x00007b30     0x2468 ./Sapis/driver/rsi_wlan.o
                0x00007b30                rsi_driver_process_wlan_recv_cmd
 .text.rsi_wlan_radio_init
                0x00009f98      0x1b0 ./Sapis/driver/rsi_wlan.o
                0x00009f98                rsi_wlan_radio_init
 .text.rsi_wlan_set_status
                0x0000a148       0x24 ./Sapis/driver/rsi_wlan.o
                0x0000a148                rsi_wlan_set_status
 .text.rsi_post_waiting_semaphore
                0x0000a16c       0xbc ./Sapis/driver/rsi_wlan.o
                0x0000a16c                rsi_post_waiting_semaphore
 .text.rsi_wlan_check_waiting_wlan_cmd
                0x0000a228       0x5c ./Sapis/driver/rsi_wlan.o
                0x0000a228                rsi_wlan_check_waiting_wlan_cmd
 .text.rsi_wlan_packet_transfer_done
                0x0000a284       0xd4 ./Sapis/driver/rsi_wlan.o
                0x0000a284                rsi_wlan_packet_transfer_done
 .text.rsi_wait_on_wlan_semaphore
                0x0000a358       0x30 ./Sapis/driver/rsi_wlan.o
                0x0000a358                rsi_wait_on_wlan_semaphore
 .text.get_aws_error
                0x0000a388      0x1a2 ./Sapis/nwk/applications/aws_sdk/platform/src/network_wrapper.o
                0x0000a388                get_aws_error
 .text._iot_tls_set_connect_params
                0x0000a52a       0x48 ./Sapis/nwk/applications/aws_sdk/platform/src/network_wrapper.o
                0x0000a52a                _iot_tls_set_connect_params
 *fill*         0x0000a572        0x2 
 .text.iot_tls_init
                0x0000a574       0x74 ./Sapis/nwk/applications/aws_sdk/platform/src/network_wrapper.o
                0x0000a574                iot_tls_init
 .text.iot_tls_is_connected
                0x0000a5e8       0x16 ./Sapis/nwk/applications/aws_sdk/platform/src/network_wrapper.o
                0x0000a5e8                iot_tls_is_connected
 *fill*         0x0000a5fe        0x2 
 .text.ConnecttoNetwork
                0x0000a600      0x1d4 ./Sapis/nwk/applications/aws_sdk/platform/src/network_wrapper.o
                0x0000a600                ConnecttoNetwork
 .text.iot_tls_connect
                0x0000a7d4       0x9e ./Sapis/nwk/applications/aws_sdk/platform/src/network_wrapper.o
                0x0000a7d4                iot_tls_connect
 .text.iot_tls_write
                0x0000a872       0xbe ./Sapis/nwk/applications/aws_sdk/platform/src/network_wrapper.o
                0x0000a872                iot_tls_write
 .text.iot_tls_read
                0x0000a930       0xf2 ./Sapis/nwk/applications/aws_sdk/platform/src/network_wrapper.o
                0x0000a930                iot_tls_read
 .text.iot_tls_disconnect
                0x0000aa22       0x3c ./Sapis/nwk/applications/aws_sdk/platform/src/network_wrapper.o
                0x0000aa22                iot_tls_disconnect
 .text.iot_tls_destroy
                0x0000aa5e       0x1e ./Sapis/nwk/applications/aws_sdk/platform/src/network_wrapper.o
                0x0000aa5e                iot_tls_destroy
 .text.has_timer_expired
                0x0000aa7c       0x24 ./Sapis/nwk/applications/aws_sdk/platform/src/timer.o
                0x0000aa7c                has_timer_expired
 .text.countdown_ms
                0x0000aaa0       0x26 ./Sapis/nwk/applications/aws_sdk/platform/src/timer.o
                0x0000aaa0                countdown_ms
 .text.countdown_sec
                0x0000aac6       0x28 ./Sapis/nwk/applications/aws_sdk/platform/src/timer.o
                0x0000aac6                countdown_sec
 .text.init_timer
                0x0000aaee       0x1a ./Sapis/nwk/applications/aws_sdk/platform/src/timer.o
                0x0000aaee                init_timer
 .text.aws_iot_mqtt_get_client_state
                0x0000ab08       0x24 ./Sapis/nwk/applications/aws_sdk/src/aws_iot_mqtt_client.o
                0x0000ab08                aws_iot_mqtt_get_client_state
 .text.aws_iot_mqtt_set_client_state
                0x0000ab2c       0x4a ./Sapis/nwk/applications/aws_sdk/src/aws_iot_mqtt_client.o
                0x0000ab2c                aws_iot_mqtt_set_client_state
 *fill*         0x0000ab76        0x2 
 .text.aws_iot_mqtt_set_connect_params
                0x0000ab78       0xf8 ./Sapis/nwk/applications/aws_sdk/src/aws_iot_mqtt_client.o
                0x0000ab78                aws_iot_mqtt_set_connect_params
 .text.aws_iot_mqtt_init
                0x0000ac70      0x1ac ./Sapis/nwk/applications/aws_sdk/src/aws_iot_mqtt_client.o
                0x0000ac70                aws_iot_mqtt_init
 .text.aws_iot_mqtt_get_next_packet_id
                0x0000ae1c       0x34 ./Sapis/nwk/applications/aws_sdk/src/aws_iot_mqtt_client.o
                0x0000ae1c                aws_iot_mqtt_get_next_packet_id
 .text.aws_iot_mqtt_is_client_connected
                0x0000ae50       0x6c ./Sapis/nwk/applications/aws_sdk/src/aws_iot_mqtt_client.o
                0x0000ae50                aws_iot_mqtt_is_client_connected
 .text.aws_iot_is_autoreconnect_enabled
                0x0000aebc       0x24 ./Sapis/nwk/applications/aws_sdk/src/aws_iot_mqtt_client.o
                0x0000aebc                aws_iot_is_autoreconnect_enabled
 .text.aws_iot_mqtt_autoreconnect_set_status
                0x0000aee0       0x2e ./Sapis/nwk/applications/aws_sdk/src/aws_iot_mqtt_client.o
                0x0000aee0                aws_iot_mqtt_autoreconnect_set_status
 .text.aws_iot_mqtt_internal_write_len_to_buffer
                0x0000af0e       0x4e ./Sapis/nwk/applications/aws_sdk/src/aws_iot_mqtt_client_common_internal.o
                0x0000af0e                aws_iot_mqtt_internal_write_len_to_buffer
 .text.aws_iot_mqtt_internal_decode_remaining_length_from_buffer
                0x0000af5c       0x70 ./Sapis/nwk/applications/aws_sdk/src/aws_iot_mqtt_client_common_internal.o
                0x0000af5c                aws_iot_mqtt_internal_decode_remaining_length_from_buffer
 .text.aws_iot_mqtt_internal_get_final_packet_length_from_remaining_length
                0x0000afcc       0x50 ./Sapis/nwk/applications/aws_sdk/src/aws_iot_mqtt_client_common_internal.o
                0x0000afcc                aws_iot_mqtt_internal_get_final_packet_length_from_remaining_length
 .text.aws_iot_mqtt_internal_read_uint16_t
                0x0000b01c       0x46 ./Sapis/nwk/applications/aws_sdk/src/aws_iot_mqtt_client_common_internal.o
                0x0000b01c                aws_iot_mqtt_internal_read_uint16_t
 .text.aws_iot_mqtt_internal_write_uint_16
                0x0000b062       0x44 ./Sapis/nwk/applications/aws_sdk/src/aws_iot_mqtt_client_common_internal.o
                0x0000b062                aws_iot_mqtt_internal_write_uint_16
 .text.aws_iot_mqtt_internal_read_char
                0x0000b0a6       0x28 ./Sapis/nwk/applications/aws_sdk/src/aws_iot_mqtt_client_common_internal.o
                0x0000b0a6                aws_iot_mqtt_internal_read_char
 .text.aws_iot_mqtt_internal_write_char
                0x0000b0ce       0x2a ./Sapis/nwk/applications/aws_sdk/src/aws_iot_mqtt_client_common_internal.o
                0x0000b0ce                aws_iot_mqtt_internal_write_char
 .text.aws_iot_mqtt_internal_write_utf8_string
                0x0000b0f8       0x40 ./Sapis/nwk/applications/aws_sdk/src/aws_iot_mqtt_client_common_internal.o
                0x0000b0f8                aws_iot_mqtt_internal_write_utf8_string
 .text.aws_iot_mqtt_internal_init_header
                0x0000b138      0x14c ./Sapis/nwk/applications/aws_sdk/src/aws_iot_mqtt_client_common_internal.o
                0x0000b138                aws_iot_mqtt_internal_init_header
 .text.aws_iot_mqtt_internal_send_packet
                0x0000b284       0xac ./Sapis/nwk/applications/aws_sdk/src/aws_iot_mqtt_client_common_internal.o
                0x0000b284                aws_iot_mqtt_internal_send_packet
 .text._aws_iot_mqtt_internal_readWrapper
                0x0000b330       0x8a ./Sapis/nwk/applications/aws_sdk/src/aws_iot_mqtt_client_common_internal.o
 .text._aws_iot_mqtt_internal_decode_packet_remaining_len
                0x0000b3ba       0x9e ./Sapis/nwk/applications/aws_sdk/src/aws_iot_mqtt_client_common_internal.o
 .text._aws_iot_mqtt_internal_read_packet
                0x0000b458      0x17e ./Sapis/nwk/applications/aws_sdk/src/aws_iot_mqtt_client_common_internal.o
 .text._aws_iot_mqtt_internal_is_topic_matched
                0x0000b5d6       0xe4 ./Sapis/nwk/applications/aws_sdk/src/aws_iot_mqtt_client_common_internal.o
 .text._aws_iot_mqtt_internal_deliver_message
                0x0000b6ba       0xfc ./Sapis/nwk/applications/aws_sdk/src/aws_iot_mqtt_client_common_internal.o
 .text._aws_iot_mqtt_internal_handle_publish
                0x0000b7b6       0xfc ./Sapis/nwk/applications/aws_sdk/src/aws_iot_mqtt_client_common_internal.o
 *fill*         0x0000b8b2        0x2 
 .text.aws_iot_mqtt_internal_cycle_read
                0x0000b8b4       0xb4 ./Sapis/nwk/applications/aws_sdk/src/aws_iot_mqtt_client_common_internal.o
                0x0000b8b4                aws_iot_mqtt_internal_cycle_read
 .text.aws_iot_mqtt_internal_flushBuffers
                0x0000b968       0x1c ./Sapis/nwk/applications/aws_sdk/src/aws_iot_mqtt_client_common_internal.o
                0x0000b968                aws_iot_mqtt_internal_flushBuffers
 .text.aws_iot_mqtt_internal_wait_for_read
                0x0000b984       0x6c ./Sapis/nwk/applications/aws_sdk/src/aws_iot_mqtt_client_common_internal.o
                0x0000b984                aws_iot_mqtt_internal_wait_for_read
 .text.aws_iot_mqtt_internal_serialize_zero
                0x0000b9f0       0x94 ./Sapis/nwk/applications/aws_sdk/src/aws_iot_mqtt_client_common_internal.o
                0x0000b9f0                aws_iot_mqtt_internal_serialize_zero
 .text._aws_iot_get_connect_packet_length
                0x0000ba84       0x70 ./Sapis/nwk/applications/aws_sdk/src/aws_iot_mqtt_client_connect.o
 .text._aws_iot_mqtt_serialize_connect
                0x0000baf4      0x214 ./Sapis/nwk/applications/aws_sdk/src/aws_iot_mqtt_client_connect.o
 .text._aws_iot_mqtt_deserialize_connack
                0x0000bd08      0x148 ./Sapis/nwk/applications/aws_sdk/src/aws_iot_mqtt_client_connect.o
 .text._aws_iot_mqtt_is_client_state_valid_for_connect
                0x0000be50       0x7c ./Sapis/nwk/applications/aws_sdk/src/aws_iot_mqtt_client_connect.o
 .text._aws_iot_mqtt_internal_connect
                0x0000becc      0x148 ./Sapis/nwk/applications/aws_sdk/src/aws_iot_mqtt_client_connect.o
 .text.aws_iot_mqtt_connect
                0x0000c014       0xb4 ./Sapis/nwk/applications/aws_sdk/src/aws_iot_mqtt_client_connect.o
                0x0000c014                aws_iot_mqtt_connect
 .text._aws_iot_mqtt_internal_disconnect
                0x0000c0c8       0x9c ./Sapis/nwk/applications/aws_sdk/src/aws_iot_mqtt_client_connect.o
 .text.aws_iot_mqtt_disconnect
                0x0000c164       0x84 ./Sapis/nwk/applications/aws_sdk/src/aws_iot_mqtt_client_connect.o
                0x0000c164                aws_iot_mqtt_disconnect
 .text.aws_iot_mqtt_attempt_reconnect
                0x0000c1e8       0x7a ./Sapis/nwk/applications/aws_sdk/src/aws_iot_mqtt_client_connect.o
                0x0000c1e8                aws_iot_mqtt_attempt_reconnect
 .text._aws_iot_mqtt_read_string_with_len
                0x0000c262       0x62 ./Sapis/nwk/applications/aws_sdk/src/aws_iot_mqtt_client_publish.o
 .text._aws_iot_mqtt_internal_serialize_publish
                0x0000c2c4       0xfe ./Sapis/nwk/applications/aws_sdk/src/aws_iot_mqtt_client_publish.o
 .text.aws_iot_mqtt_internal_serialize_ack
                0x0000c3c2       0xba ./Sapis/nwk/applications/aws_sdk/src/aws_iot_mqtt_client_publish.o
                0x0000c3c2                aws_iot_mqtt_internal_serialize_ack
 .text._aws_iot_mqtt_internal_publish
                0x0000c47c      0x122 ./Sapis/nwk/applications/aws_sdk/src/aws_iot_mqtt_client_publish.o
 .text.aws_iot_mqtt_publish
                0x0000c59e       0xc0 ./Sapis/nwk/applications/aws_sdk/src/aws_iot_mqtt_client_publish.o
                0x0000c59e                aws_iot_mqtt_publish
 .text.aws_iot_mqtt_internal_deserialize_publish
                0x0000c65e      0x12c ./Sapis/nwk/applications/aws_sdk/src/aws_iot_mqtt_client_publish.o
                0x0000c65e                aws_iot_mqtt_internal_deserialize_publish
 .text.aws_iot_mqtt_internal_deserialize_ack
                0x0000c78a       0xda ./Sapis/nwk/applications/aws_sdk/src/aws_iot_mqtt_client_publish.o
                0x0000c78a                aws_iot_mqtt_internal_deserialize_ack
 .text._aws_iot_mqtt_serialize_subscribe
                0x0000c864      0x122 ./Sapis/nwk/applications/aws_sdk/src/aws_iot_mqtt_client_subscribe.o
 .text._aws_iot_mqtt_deserialize_suback
                0x0000c986      0x10a ./Sapis/nwk/applications/aws_sdk/src/aws_iot_mqtt_client_subscribe.o
 .text._aws_iot_mqtt_get_free_message_handler_index
                0x0000ca90       0x3e ./Sapis/nwk/applications/aws_sdk/src/aws_iot_mqtt_client_subscribe.o
 .text._aws_iot_mqtt_internal_subscribe
                0x0000cace      0x180 ./Sapis/nwk/applications/aws_sdk/src/aws_iot_mqtt_client_subscribe.o
 .text.aws_iot_mqtt_subscribe
                0x0000cc4e       0xca ./Sapis/nwk/applications/aws_sdk/src/aws_iot_mqtt_client_subscribe.o
                0x0000cc4e                aws_iot_mqtt_subscribe
 .text._aws_iot_mqtt_internal_resubscribe
                0x0000cd18      0x186 ./Sapis/nwk/applications/aws_sdk/src/aws_iot_mqtt_client_subscribe.o
 .text.aws_iot_mqtt_resubscribe
                0x0000ce9e       0x96 ./Sapis/nwk/applications/aws_sdk/src/aws_iot_mqtt_client_subscribe.o
                0x0000ce9e                aws_iot_mqtt_resubscribe
 .text._aws_iot_mqtt_force_client_disconnect
                0x0000cf34       0x38 ./Sapis/nwk/applications/aws_sdk/src/aws_iot_mqtt_client_yield.o
 .text._aws_iot_mqtt_handle_disconnect
                0x0000cf6c       0x5e ./Sapis/nwk/applications/aws_sdk/src/aws_iot_mqtt_client_yield.o
 .text._aws_iot_mqtt_handle_reconnect
                0x0000cfca       0xb6 ./Sapis/nwk/applications/aws_sdk/src/aws_iot_mqtt_client_yield.o
 .text._aws_iot_mqtt_keep_alive
                0x0000d080      0x10a ./Sapis/nwk/applications/aws_sdk/src/aws_iot_mqtt_client_yield.o
 .text._aws_iot_mqtt_internal_yield
                0x0000d18a      0x15a ./Sapis/nwk/applications/aws_sdk/src/aws_iot_mqtt_client_yield.o
 .text.aws_iot_mqtt_yield
                0x0000d2e4       0xc8 ./Sapis/nwk/applications/aws_sdk/src/aws_iot_mqtt_client_yield.o
                0x0000d2e4                aws_iot_mqtt_yield
 .text.rsi_dns_req
                0x0000d3ac      0x248 ./Sapis/nwk/applications/rsi_dns.o
                0x0000d3ac                rsi_dns_req
 .text.rsi_set_fd
                0x0000d5f4       0x38 ./Sapis/nwk/socket/rsi_socket.o
                0x0000d5f4                rsi_set_fd
 .text.rsi_socket
                0x0000d62c       0x74 ./Sapis/nwk/socket/rsi_socket.o
                0x0000d62c                rsi_socket
 .text.rsi_bind
                0x0000d6a0       0x20 ./Sapis/nwk/socket/rsi_socket.o
                0x0000d6a0                rsi_bind
 .text.rsi_connect
                0x0000d6c0       0x20 ./Sapis/nwk/socket/rsi_socket.o
                0x0000d6c0                rsi_connect
 .text.rsi_recv
                0x0000d6e0       0x32 ./Sapis/nwk/socket/rsi_socket.o
                0x0000d6e0                rsi_recv
 .text.rsi_sendto_async
                0x0000d712       0x30 ./Sapis/nwk/socket/rsi_socket.o
                0x0000d712                rsi_sendto_async
 .text.rsi_send
                0x0000d742       0x28 ./Sapis/nwk/socket/rsi_socket.o
                0x0000d742                rsi_send
 *fill*         0x0000d76a        0x2 
 .text.rsi_reset_per_socket_info
                0x0000d76c       0x64 ./Sapis/nwk/socket/rsi_socket.o
                0x0000d76c                rsi_reset_per_socket_info
 .text.rsi_chunk_data_tx_done_cb
                0x0000d7d0      0x1d8 ./Sapis/nwk/socket/rsi_socket.o
                0x0000d7d0                rsi_chunk_data_tx_done_cb
 .text.rsi_find_socket_data_pending
                0x0000d9a8       0x3c ./Sapis/nwk/socket/rsi_socket.o
                0x0000d9a8                rsi_find_socket_data_pending
 .text.rsi_socket_event_handler
                0x0000d9e4       0x40 ./Sapis/nwk/socket/rsi_socket.o
                0x0000d9e4                rsi_socket_event_handler
 .text.rsi_send_async
                0x0000da24       0x28 ./Sapis/nwk/socket/rsi_socket.o
                0x0000da24                rsi_send_async
 .text.rsi_shutdown
                0x0000da4c       0x1c ./Sapis/nwk/socket/rsi_socket.o
                0x0000da4c                rsi_shutdown
 .text.rsi_get_application_socket_descriptor
                0x0000da68       0x18 ./Sapis/nwk/socket/rsi_socket.o
                0x0000da68                rsi_get_application_socket_descriptor
 .text.rsi_clear_sockets
                0x0000da80       0x16 ./Sapis/nwk/socket/rsi_socket.o
                0x0000da80                rsi_clear_sockets
 *fill*         0x0000da96        0x2 
 .text.rsi_fill_tls_extension
                0x0000da98      0x138 ./Sapis/nwk/socket/rsi_socket.o
                0x0000da98                rsi_fill_tls_extension
 .text.rsi_setsockopt
                0x0000dbd0      0x3d8 ./Sapis/nwk/socket/rsi_socket.o
                0x0000dbd0                rsi_setsockopt
 .text.calculate_buffers_required
                0x0000dfa8       0x34 ./Sapis/nwk/socket/rsi_socket.o
                0x0000dfa8                calculate_buffers_required
 .text.rsi_get_app_socket_descriptor
                0x0000dfdc       0xa4 ./Sapis/nwk/socket/rsi_socket.o
                0x0000dfdc                rsi_get_app_socket_descriptor
 .text.rsi_get_socket_id
                0x0000e080       0x90 ./Sapis/nwk/socket/rsi_socket.o
                0x0000e080                rsi_get_socket_id
 .text.rsi_get_primary_socket_id
                0x0000e110       0x88 ./Sapis/nwk/socket/rsi_socket.o
                0x0000e110                rsi_get_primary_socket_id
 .text.rsi_socket_create_async
                0x0000e198      0x54c ./Sapis/nwk/socket/rsi_socket.o
                0x0000e198                rsi_socket_create_async
 .text.rsi_get_socket_descriptor
                0x0000e6e4      0x2ec ./Sapis/nwk/socket/rsi_socket.o
                0x0000e6e4                rsi_get_socket_descriptor
 .text.rsi_socket_async_non_rom
                0x0000e9d0      0x3c8 ./Sapis/nwk/socket/rsi_socket.o
                0x0000e9d0                rsi_socket_async_non_rom
 .text.rsi_socket_connect
                0x0000ed98      0x1ec ./Sapis/nwk/socket/rsi_socket.o
                0x0000ed98                rsi_socket_connect
 .text.rsi_socket_recvfrom
                0x0000ef84      0x41c ./Sapis/nwk/socket/rsi_socket.o
                0x0000ef84                rsi_socket_recvfrom
 .text.rsi_socket_shutdown
                0x0000f3a0      0x20c ./Sapis/nwk/socket/rsi_socket.o
                0x0000f3a0                rsi_socket_shutdown
 .text.rsi_socket_bind
                0x0000f5ac      0x1d4 ./Sapis/nwk/socket/rsi_socket.o
                0x0000f5ac                rsi_socket_bind
 .text.rsi_wait_on_socket_semaphore
                0x0000f780       0x28 ./Sapis/nwk/socket/rsi_socket.o
                0x0000f780                rsi_wait_on_socket_semaphore
 .text.rsi_application_socket_descriptor
                0x0000f7a8       0x88 ./Sapis/nwk/socket/rsi_socket.o
                0x0000f7a8                rsi_application_socket_descriptor
 .text.rsi_wlan_socket_get_status
                0x0000f830       0x2c ./Sapis/nwk/socket/rsi_socket.o
                0x0000f830                rsi_wlan_socket_get_status
 .text.rsi_wlan_socket_set_status
                0x0000f85c       0x30 ./Sapis/nwk/socket/rsi_socket.o
                0x0000f85c                rsi_wlan_socket_set_status
 .text.rsi_select_set_status
                0x0000f88c       0x30 ./Sapis/nwk/socket/rsi_socket.o
                0x0000f88c                rsi_select_set_status
 .text.rsi_send_async_non_rom
                0x0000f8bc       0xf0 ./Sapis/nwk/socket/rsi_socket.o
                0x0000f8bc                rsi_send_async_non_rom
 .text.rsi_sendto_async_non_rom
                0x0000f9ac      0x3f0 ./Sapis/nwk/socket/rsi_socket.o
                0x0000f9ac                rsi_sendto_async_non_rom
 .text.rsi_clear_sockets_non_rom
                0x0000fd9c      0x1f0 ./Sapis/nwk/socket/rsi_socket.o
                0x0000fd9c                rsi_clear_sockets_non_rom
 .text.rsi_post_waiting_socket_semaphore
                0x0000ff8c       0xf4 ./Sapis/nwk/socket/rsi_socket.o
                0x0000ff8c                rsi_post_waiting_socket_semaphore
 .text.rom_init
                0x00010080      0x130 ./Sapis/rom/rsi_apis_non_rom.o
                0x00010080                rom_init
 .text.ROM_WL_rsi_set_event
                0x000101b0       0x3c ./Sapis/rom/rsi_events_rom.o
                0x000101b0                ROM_WL_rsi_set_event
 .text.ROM_WL_rsi_set_event_from_isr
                0x000101ec       0x48 ./Sapis/rom/rsi_events_rom.o
                0x000101ec                ROM_WL_rsi_set_event_from_isr
 .text.ROM_WL_rsi_clear_event
                0x00010234       0x36 ./Sapis/rom/rsi_events_rom.o
                0x00010234                ROM_WL_rsi_clear_event
 .text.ROM_WL_rsi_mask_event
                0x0001026a       0x36 ./Sapis/rom/rsi_events_rom.o
                0x0001026a                ROM_WL_rsi_mask_event
 .text.ROM_WL_rsi_unmask_event_from_isr
                0x000102a0       0x48 ./Sapis/rom/rsi_events_rom.o
                0x000102a0                ROM_WL_rsi_unmask_event_from_isr
 .text.ROM_WL_rsi_unmask_event
                0x000102e8       0x3a ./Sapis/rom/rsi_events_rom.o
                0x000102e8                ROM_WL_rsi_unmask_event
 .text.ROM_WL_rsi_find_event
                0x00010322       0x42 ./Sapis/rom/rsi_events_rom.o
                0x00010322                ROM_WL_rsi_find_event
 .text.ROM_WL_rsi_register_event
                0x00010364       0x4c ./Sapis/rom/rsi_events_rom.o
                0x00010364                ROM_WL_rsi_register_event
 .text.ROM_WL_rsi_pkt_pool_init
                0x000103b0       0xcc ./Sapis/rom/rsi_pkt_mgmt_rom.o
                0x000103b0                ROM_WL_rsi_pkt_pool_init
 .text.ROM_WL_rsi_pkt_alloc
                0x0001047c       0x74 ./Sapis/rom/rsi_pkt_mgmt_rom.o
                0x0001047c                ROM_WL_rsi_pkt_alloc
 .text.ROM_WL_rsi_pkt_free
                0x000104f0       0x60 ./Sapis/rom/rsi_pkt_mgmt_rom.o
                0x000104f0                ROM_WL_rsi_pkt_free
 .text.ROM_WL_rsi_is_pkt_available
                0x00010550       0x2a ./Sapis/rom/rsi_pkt_mgmt_rom.o
                0x00010550                ROM_WL_rsi_is_pkt_available
 .text.ROM_WL_rsi_queues_init
                0x0001057a       0x34 ./Sapis/rom/rsi_queue_rom.o
                0x0001057a                ROM_WL_rsi_queues_init
 .text.ROM_WL_rsi_enqueue_pkt_from_isr
                0x000105ae       0x4e ./Sapis/rom/rsi_queue_rom.o
                0x000105ae                ROM_WL_rsi_enqueue_pkt_from_isr
 .text.ROM_WL_rsi_enqueue_pkt
                0x000105fc       0x5e ./Sapis/rom/rsi_queue_rom.o
                0x000105fc                ROM_WL_rsi_enqueue_pkt
 .text.ROM_WL_rsi_dequeue_pkt
                0x0001065a       0x74 ./Sapis/rom/rsi_queue_rom.o
                0x0001065a                ROM_WL_rsi_dequeue_pkt
 .text.ROM_WL_rsi_check_queue_status
                0x000106ce       0x4a ./Sapis/rom/rsi_queue_rom.o
                0x000106ce                ROM_WL_rsi_check_queue_status
 .text.ROM_WL_rsi_block_queue
                0x00010718       0x2c ./Sapis/rom/rsi_queue_rom.o
                0x00010718                ROM_WL_rsi_block_queue
 .text.ROM_WL_rsi_unblock_queue
                0x00010744       0x2c ./Sapis/rom/rsi_queue_rom.o
                0x00010744                ROM_WL_rsi_unblock_queue
 .text.ROM_WL_rsi_scheduler_init
                0x00010770       0x36 ./Sapis/rom/rsi_scheduler_rom.o
                0x00010770                ROM_WL_rsi_scheduler_init
 .text.ROM_WL_rsi_get_event
                0x000107a6       0x2c ./Sapis/rom/rsi_scheduler_rom.o
                0x000107a6                ROM_WL_rsi_get_event
 .text.ROM_WL_rsi_scheduler
                0x000107d2       0x8c ./Sapis/rom/rsi_scheduler_rom.o
                0x000107d2                ROM_WL_rsi_scheduler
 .text.ROM_WL_rsi_get_application_socket_descriptor
                0x0001085e       0x66 ./Sapis/rom/rsi_socket_rom.o
                0x0001085e                ROM_WL_rsi_get_application_socket_descriptor
 .text.ROM_WL_calculate_buffers_required
                0x000108c4       0x8a ./Sapis/rom/rsi_socket_rom.o
                0x000108c4                ROM_WL_calculate_buffers_required
 .text.ROM_WL_calculate_length_to_send
                0x0001094e       0x72 ./Sapis/rom/rsi_socket_rom.o
                0x0001094e                ROM_WL_calculate_length_to_send
 .text.ROM_WL_rsi_uint16_to_2bytes
                0x000109c0       0x50 ./Sapis/rom/rsi_utils_rom.o
                0x000109c0                ROM_WL_rsi_uint16_to_2bytes
 .text.ROM_WL_rsi_uint32_to_4bytes
                0x00010a10       0x7a ./Sapis/rom/rsi_utils_rom.o
                0x00010a10                ROM_WL_rsi_uint32_to_4bytes
 .text.ROM_WL_rsi_bytes2R_to_uint16
                0x00010a8a       0x56 ./Sapis/rom/rsi_utils_rom.o
                0x00010a8a                ROM_WL_rsi_bytes2R_to_uint16
 .text.ROM_WL_rsi_bytes4R_to_uint32
                0x00010ae0       0xa6 ./Sapis/rom/rsi_utils_rom.o
                0x00010ae0                ROM_WL_rsi_bytes4R_to_uint32
 *fill*         0x00010b86        0x2 
 .text.rsi_wlan_scan
                0x00010b88       0x8c ./Sapis/wlan/rsi_wlan_apis.o
                0x00010b88                rsi_wlan_scan
 .text.rsi_wlan_scan_async
                0x00010c14      0x294 ./Sapis/wlan/rsi_wlan_apis.o
                0x00010c14                rsi_wlan_scan_async
 .text.rsi_wlan_connect
                0x00010ea8       0x84 ./Sapis/wlan/rsi_wlan_apis.o
                0x00010ea8                rsi_wlan_connect
 .text.rsi_wlan_connect_async
                0x00010f2c      0x5c0 ./Sapis/wlan/rsi_wlan_apis.o
                0x00010f2c                rsi_wlan_connect_async
 .text.rsi_wlan_execute_post_connect_cmds
                0x000114ec       0x4c ./Sapis/wlan/rsi_wlan_apis.o
                0x000114ec                rsi_wlan_execute_post_connect_cmds
 .text.rsi_config_ipaddress
                0x00011538      0x1a4 ./Sapis/wlan/rsi_wlan_apis.o
                0x00011538                rsi_config_ipaddress
 .text.rsi_wlan_set_certificate_index
                0x000116dc      0x2b4 ./Sapis/wlan/rsi_wlan_apis.o
                0x000116dc                rsi_wlan_set_certificate_index
 .text.rsi_wlan_set_certificate
                0x00011990       0x24 ./Sapis/wlan/rsi_wlan_apis.o
                0x00011990                rsi_wlan_set_certificate
 .text.rsi_wlan_get_status
                0x000119b4       0x1c ./Sapis/wlan/rsi_wlan_apis.o
                0x000119b4                rsi_wlan_get_status
 .text.rsi_wlan_get
                0x000119d0      0x3ec ./Sapis/wlan/rsi_wlan_apis.o
                0x000119d0                rsi_wlan_get
 .text.rsi_wlan_register_callbacks
                0x00011dbc      0x118 ./Sapis/wlan/rsi_wlan_apis.o
                0x00011dbc                rsi_wlan_register_callbacks
 .text.rsi_wlan_req_radio
                0x00011ed4       0xcc ./Sapis/wlan/rsi_wlan_apis.o
                0x00011ed4                rsi_wlan_req_radio
 .text._close   0x00011fa0       0x16 ./debug_prints/retargetio.o
                0x00011fa0                _close
 .text._exit    0x00011fb6        0xa ./debug_prints/retargetio.o
                0x00011fb6                _exit
 .text._fstat   0x00011fc0       0x20 ./debug_prints/retargetio.o
                0x00011fc0                _fstat
 .text._isatty  0x00011fe0       0x16 ./debug_prints/retargetio.o
                0x00011fe0                _isatty
 .text._lseek   0x00011ff6       0x1a ./debug_prints/retargetio.o
                0x00011ff6                _lseek
 .text._read    0x00012010       0x56 ./debug_prints/retargetio.o
                0x00012010                _read
 *fill*         0x00012066        0x2 
 .text._sbrk    0x00012068       0x40 ./debug_prints/retargetio.o
                0x00012068                _sbrk
 .text._write   0x000120a8       0x38 ./debug_prints/retargetio.o
                0x000120a8                _write
 .text.SystemCoreClockGet
                0x000120e0        0xe ./emlib/em_cmu.o
 *fill*         0x000120ee        0x2 
 .text.CMU_ClockFreqGet
                0x000120f0      0x198 ./emlib/em_cmu.o
                0x000120f0                CMU_ClockFreqGet
 .text.traceClkGet
                0x00012288       0x64 ./emlib/em_cmu.o
 .text.wdog1ClkGet
                0x000122ec       0x94 ./emlib/em_cmu.o
 .text.CMU_ClockDivGet
                0x00012380       0x9c ./emlib/em_cmu.o
                0x00012380                CMU_ClockDivGet
 .text.CMU_ClockDivSet
                0x0001241c       0xf0 ./emlib/em_cmu.o
                0x0001241c                CMU_ClockDivSet
 .text.CMU_ClockSelectSet
                0x0001250c      0x3ec ./emlib/em_cmu.o
                0x0001250c                CMU_ClockSelectSet
 .text.CMU_UpdateWaitStates
                0x000128f8       0x2a ./emlib/em_cmu.o
                0x000128f8                CMU_UpdateWaitStates
 *fill*         0x00012922        0x2 
 .text.dpllRefClkGet
                0x00012924       0x88 ./emlib/em_cmu.o
 .text.em01GrpaClkGet
                0x000129ac       0x90 ./emlib/em_cmu.o
 .text.em23GrpaClkGet
                0x00012a3c       0x74 ./emlib/em_cmu.o
 .text.em4GrpaClkGet
                0x00012ab0       0x74 ./emlib/em_cmu.o
 .text.flashWaitStateControl
                0x00012b24       0x94 ./emlib/em_cmu.o
 .text.iadcClkGet
                0x00012bb8       0x7c ./emlib/em_cmu.o
 .text.pclkDivMax
                0x00012c34       0x10 ./emlib/em_cmu.o
 .text.pclkDivOptimize
                0x00012c44       0x30 ./emlib/em_cmu.o
 .text.rtccClkGet
                0x00012c74       0x74 ./emlib/em_cmu.o
 .text.waitStateMax
                0x00012ce8       0x16 ./emlib/em_cmu.o
 *fill*         0x00012cfe        0x2 
 .text.wdog0ClkGet
                0x00012d00       0x94 ./emlib/em_cmu.o
 .text.CORE_EnterCritical
                0x00012d94       0x20 ./emlib/em_core.o
                0x00012d94                CORE_EnterCritical
 .text.CORE_ExitCritical
                0x00012db4       0x1c ./emlib/em_core.o
                0x00012db4                CORE_ExitCritical
 .text.CORE_EnterAtomic
                0x00012dd0       0x20 ./emlib/em_core.o
                0x00012dd0                CORE_EnterAtomic
 .text.CORE_ExitAtomic
                0x00012df0       0x1c ./emlib/em_core.o
                0x00012df0                CORE_ExitAtomic
 .text.BUS_RegBitWrite
                0x00012e0c       0x3a ./emlib/em_gpio.o
 .text.BUS_RegMaskedWrite
                0x00012e46       0x36 ./emlib/em_gpio.o
 .text.GPIO_IntClear
                0x00012e7c       0x24 ./emlib/em_gpio.o
 .text.GPIO_PinOutClear
                0x00012ea0       0x54 ./emlib/em_gpio.o
 .text.GPIO_PinOutSet
                0x00012ef4       0x54 ./emlib/em_gpio.o
 .text.GPIO_ExtIntConfig
                0x00012f48       0xc0 ./emlib/em_gpio.o
                0x00012f48                GPIO_ExtIntConfig
 .text.GPIO_PinModeSet
                0x00013008      0x10c ./emlib/em_gpio.o
                0x00013008                GPIO_PinModeSet
 .text.GPIO_PinModeGet
                0x00013114       0x84 ./emlib/em_gpio.o
                0x00013114                GPIO_PinModeGet
 .text.__NVIC_EnableIRQ
                0x00013198       0x3c ./emlib/em_ldma.o
 .text.__NVIC_ClearPendingIRQ
                0x000131d4       0x3c ./emlib/em_ldma.o
 .text.__NVIC_SetPriority
                0x00013210       0x54 ./emlib/em_ldma.o
 .text.BUS_RegMaskedClear
                0x00013264       0x24 ./emlib/em_ldma.o
 .text.LDMA_Init
                0x00013288       0x78 ./emlib/em_ldma.o
                0x00013288                LDMA_Init
 .text.LDMA_StartTransfer
                0x00013300      0x124 ./emlib/em_ldma.o
                0x00013300                LDMA_StartTransfer
 .text.SYSTEM_ChipRevisionGet
                0x00013424       0x48 ./emlib/em_system.o
                0x00013424                SYSTEM_ChipRevisionGet
 .text.prsRxInput
                0x0001346c       0x68 ./emlib/em_usart.o
 .text.USART_BaudrateSyncSet
                0x000134d4       0x3c ./emlib/em_usart.o
                0x000134d4                USART_BaudrateSyncSet
 .text.USART_InitSync
                0x00013510      0x100 ./emlib/em_usart.o
                0x00013510                USART_InitSync
 .text.USART_Reset
                0x00013610       0xd0 ./emlib/em_usart.o
                0x00013610                USART_Reset
 .text.exit     0x000136e0       0x28 c:/siliconlabs/simplicitystudio/v5_3/developer/toolchains/gnu_arm/7.2_2017q4/bin/../lib/gcc/arm-none-eabi/7.2.1/../../../../arm-none-eabi/lib/thumb/v8-m.main/fpv5-sp/softfp\libc_nano.a(lib_a-exit.o)
                0x000136e0                exit
 .text.__libc_init_array
                0x00013708       0x48 c:/siliconlabs/simplicitystudio/v5_3/developer/toolchains/gnu_arm/7.2_2017q4/bin/../lib/gcc/arm-none-eabi/7.2.1/../../../../arm-none-eabi/lib/thumb/v8-m.main/fpv5-sp/softfp\libc_nano.a(lib_a-init.o)
                0x00013708                __libc_init_array
 .text.memcmp   0x00013750       0x1e c:/siliconlabs/simplicitystudio/v5_3/developer/toolchains/gnu_arm/7.2_2017q4/bin/../lib/gcc/arm-none-eabi/7.2.1/../../../../arm-none-eabi/lib/thumb/v8-m.main/fpv5-sp/softfp\libc_nano.a(lib_a-memcmp.o)
                0x00013750                memcmp
 .text.memcpy   0x0001376e       0x16 c:/siliconlabs/simplicitystudio/v5_3/developer/toolchains/gnu_arm/7.2_2017q4/bin/../lib/gcc/arm-none-eabi/7.2.1/../../../../arm-none-eabi/lib/thumb/v8-m.main/fpv5-sp/softfp\libc_nano.a(lib_a-memcpy-stub.o)
                0x0001376e                memcpy
 .text.memmove  0x00013784       0x32 c:/siliconlabs/simplicitystudio/v5_3/developer/toolchains/gnu_arm/7.2_2017q4/bin/../lib/gcc/arm-none-eabi/7.2.1/../../../../arm-none-eabi/lib/thumb/v8-m.main/fpv5-sp/softfp\libc_nano.a(lib_a-memmove.o)
                0x00013784                memmove
 .text.memset   0x000137b6       0x10 c:/siliconlabs/simplicitystudio/v5_3/developer/toolchains/gnu_arm/7.2_2017q4/bin/../lib/gcc/arm-none-eabi/7.2.1/../../../../arm-none-eabi/lib/thumb/v8-m.main/fpv5-sp/softfp\libc_nano.a(lib_a-memset.o)
                0x000137b6                memset
 *fill*         0x000137c6        0x2 
 .text.printf   0x000137c8       0x30 c:/siliconlabs/simplicitystudio/v5_3/developer/toolchains/gnu_arm/7.2_2017q4/bin/../lib/gcc/arm-none-eabi/7.2.1/../../../../arm-none-eabi/lib/thumb/v8-m.main/fpv5-sp/softfp\libc_nano.a(lib_a-printf.o)
                0x000137c8                iprintf
                0x000137c8                printf
 .text.snprintf
                0x000137f8       0x68 c:/siliconlabs/simplicitystudio/v5_3/developer/toolchains/gnu_arm/7.2_2017q4/bin/../lib/gcc/arm-none-eabi/7.2.1/../../../../arm-none-eabi/lib/thumb/v8-m.main/fpv5-sp/softfp\libc_nano.a(lib_a-snprintf.o)
                0x000137f8                sniprintf
                0x000137f8                snprintf
 .text.__sread  0x00013860       0x22 c:/siliconlabs/simplicitystudio/v5_3/developer/toolchains/gnu_arm/7.2_2017q4/bin/../lib/gcc/arm-none-eabi/7.2.1/../../../../arm-none-eabi/lib/thumb/v8-m.main/fpv5-sp/softfp\libc_nano.a(lib_a-stdio.o)
                0x00013860                __sread
 .text.__swrite
                0x00013882       0x38 c:/siliconlabs/simplicitystudio/v5_3/developer/toolchains/gnu_arm/7.2_2017q4/bin/../lib/gcc/arm-none-eabi/7.2.1/../../../../arm-none-eabi/lib/thumb/v8-m.main/fpv5-sp/softfp\libc_nano.a(lib_a-stdio.o)
                0x00013882                __swrite
 .text.__sseek  0x000138ba       0x24 c:/siliconlabs/simplicitystudio/v5_3/developer/toolchains/gnu_arm/7.2_2017q4/bin/../lib/gcc/arm-none-eabi/7.2.1/../../../../arm-none-eabi/lib/thumb/v8-m.main/fpv5-sp/softfp\libc_nano.a(lib_a-stdio.o)
                0x000138ba                __sseek
 .text.__sclose
                0x000138de        0x8 c:/siliconlabs/simplicitystudio/v5_3/developer/toolchains/gnu_arm/7.2_2017q4/bin/../lib/gcc/arm-none-eabi/7.2.1/../../../../arm-none-eabi/lib/thumb/v8-m.main/fpv5-sp/softfp\libc_nano.a(lib_a-stdio.o)
                0x000138de                __sclose
 .text.strcpy   0x000138e6       0x10 c:/siliconlabs/simplicitystudio/v5_3/developer/toolchains/gnu_arm/7.2_2017q4/bin/../lib/gcc/arm-none-eabi/7.2.1/../../../../arm-none-eabi/lib/thumb/v8-m.main/fpv5-sp/softfp\libc_nano.a(lib_a-strcpy.o)
                0x000138e6                strcpy
 .text          0x000138f6       0x10 c:/siliconlabs/simplicitystudio/v5_3/developer/toolchains/gnu_arm/7.2_2017q4/bin/../lib/gcc/arm-none-eabi/7.2.1/../../../../arm-none-eabi/lib/thumb/v8-m.main/fpv5-sp/softfp\libc_nano.a(lib_a-strlen.o)
                0x000138f6                strlen
 .text.strncmp  0x00013906       0x24 c:/siliconlabs/simplicitystudio/v5_3/developer/toolchains/gnu_arm/7.2_2017q4/bin/../lib/gcc/arm-none-eabi/7.2.1/../../../../arm-none-eabi/lib/thumb/v8-m.main/fpv5-sp/softfp\libc_nano.a(lib_a-strncmp.o)
                0x00013906                strncmp
 *fill*         0x0001392a        0x2 
 .text._write_r
                0x0001392c       0x24 c:/siliconlabs/simplicitystudio/v5_3/developer/toolchains/gnu_arm/7.2_2017q4/bin/../lib/gcc/arm-none-eabi/7.2.1/../../../../arm-none-eabi/lib/thumb/v8-m.main/fpv5-sp/softfp\libc_nano.a(lib_a-writer.o)
                0x0001392c                _write_r
 .text._close_r
                0x00013950       0x20 c:/siliconlabs/simplicitystudio/v5_3/developer/toolchains/gnu_arm/7.2_2017q4/bin/../lib/gcc/arm-none-eabi/7.2.1/../../../../arm-none-eabi/lib/thumb/v8-m.main/fpv5-sp/softfp\libc_nano.a(lib_a-closer.o)
                0x00013950                _close_r
 .text.std      0x00013970       0x48 c:/siliconlabs/simplicitystudio/v5_3/developer/toolchains/gnu_arm/7.2_2017q4/bin/../lib/gcc/arm-none-eabi/7.2.1/../../../../arm-none-eabi/lib/thumb/v8-m.main/fpv5-sp/softfp\libc_nano.a(lib_a-findfp.o)
 .text._cleanup_r
                0x000139b8        0xc c:/siliconlabs/simplicitystudio/v5_3/developer/toolchains/gnu_arm/7.2_2017q4/bin/../lib/gcc/arm-none-eabi/7.2.1/../../../../arm-none-eabi/lib/thumb/v8-m.main/fpv5-sp/softfp\libc_nano.a(lib_a-findfp.o)
                0x000139b8                _cleanup_r
 .text.__sfmoreglue
                0x000139c4       0x2c c:/siliconlabs/simplicitystudio/v5_3/developer/toolchains/gnu_arm/7.2_2017q4/bin/../lib/gcc/arm-none-eabi/7.2.1/../../../../arm-none-eabi/lib/thumb/v8-m.main/fpv5-sp/softfp\libc_nano.a(lib_a-findfp.o)
                0x000139c4                __sfmoreglue
 .text.__sinit  0x000139f0       0x60 c:/siliconlabs/simplicitystudio/v5_3/developer/toolchains/gnu_arm/7.2_2017q4/bin/../lib/gcc/arm-none-eabi/7.2.1/../../../../arm-none-eabi/lib/thumb/v8-m.main/fpv5-sp/softfp\libc_nano.a(lib_a-findfp.o)
                0x000139f0                __sinit
 .text.__sfp    0x00013a50       0x78 c:/siliconlabs/simplicitystudio/v5_3/developer/toolchains/gnu_arm/7.2_2017q4/bin/../lib/gcc/arm-none-eabi/7.2.1/../../../../arm-none-eabi/lib/thumb/v8-m.main/fpv5-sp/softfp\libc_nano.a(lib_a-findfp.o)
                0x00013a50                __sfp
 .text._fwalk_reent
                0x00013ac8       0x3c c:/siliconlabs/simplicitystudio/v5_3/developer/toolchains/gnu_arm/7.2_2017q4/bin/../lib/gcc/arm-none-eabi/7.2.1/../../../../arm-none-eabi/lib/thumb/v8-m.main/fpv5-sp/softfp\libc_nano.a(lib_a-fwalk.o)
                0x00013ac8                _fwalk_reent
 .text._lseek_r
                0x00013b04       0x24 c:/siliconlabs/simplicitystudio/v5_3/developer/toolchains/gnu_arm/7.2_2017q4/bin/../lib/gcc/arm-none-eabi/7.2.1/../../../../arm-none-eabi/lib/thumb/v8-m.main/fpv5-sp/softfp\libc_nano.a(lib_a-lseekr.o)
                0x00013b04                _lseek_r
 .text._malloc_r
                0x00013b28       0xb4 c:/siliconlabs/simplicitystudio/v5_3/developer/toolchains/gnu_arm/7.2_2017q4/bin/../lib/gcc/arm-none-eabi/7.2.1/../../../../arm-none-eabi/lib/thumb/v8-m.main/fpv5-sp/softfp\libc_nano.a(lib_a-nano-mallocr.o)
                0x00013b28                _malloc_r
 .text.__ssputs_r
                0x00013bdc       0xb4 c:/siliconlabs/simplicitystudio/v5_3/developer/toolchains/gnu_arm/7.2_2017q4/bin/../lib/gcc/arm-none-eabi/7.2.1/../../../../arm-none-eabi/lib/thumb/v8-m.main/fpv5-sp/softfp\libc_nano.a(lib_a-nano-svfprintf.o)
                0x00013bdc                __ssputs_r
 .text._svfprintf_r
                0x00013c90      0x1ec c:/siliconlabs/simplicitystudio/v5_3/developer/toolchains/gnu_arm/7.2_2017q4/bin/../lib/gcc/arm-none-eabi/7.2.1/../../../../arm-none-eabi/lib/thumb/v8-m.main/fpv5-sp/softfp\libc_nano.a(lib_a-nano-svfprintf.o)
                0x00013c90                _svfiprintf_r
                0x00013c90                _svfprintf_r
 .text.__sfputc_r
                0x00013e7c       0x2e c:/siliconlabs/simplicitystudio/v5_3/developer/toolchains/gnu_arm/7.2_2017q4/bin/../lib/gcc/arm-none-eabi/7.2.1/../../../../arm-none-eabi/lib/thumb/v8-m.main/fpv5-sp/softfp\libc_nano.a(lib_a-nano-vfprintf.o)
 .text.__sfputs_r
                0x00013eaa       0x24 c:/siliconlabs/simplicitystudio/v5_3/developer/toolchains/gnu_arm/7.2_2017q4/bin/../lib/gcc/arm-none-eabi/7.2.1/../../../../arm-none-eabi/lib/thumb/v8-m.main/fpv5-sp/softfp\libc_nano.a(lib_a-nano-vfprintf.o)
                0x00013eaa                __sfputs_r
 *fill*         0x00013ece        0x2 
 .text._vfprintf_r
                0x00013ed0      0x228 c:/siliconlabs/simplicitystudio/v5_3/developer/toolchains/gnu_arm/7.2_2017q4/bin/../lib/gcc/arm-none-eabi/7.2.1/../../../../arm-none-eabi/lib/thumb/v8-m.main/fpv5-sp/softfp\libc_nano.a(lib_a-nano-vfprintf.o)
                0x00013ed0                _vfprintf_r
                0x00013ed0                _vfiprintf_r
 .text._printf_common
                0x000140f8       0xf0 c:/siliconlabs/simplicitystudio/v5_3/developer/toolchains/gnu_arm/7.2_2017q4/bin/../lib/gcc/arm-none-eabi/7.2.1/../../../../arm-none-eabi/lib/thumb/v8-m.main/fpv5-sp/softfp\libc_nano.a(lib_a-nano-vfprintf_i.o)
                0x000140f8                _printf_common
 .text._printf_i
                0x000141e8      0x224 c:/siliconlabs/simplicitystudio/v5_3/developer/toolchains/gnu_arm/7.2_2017q4/bin/../lib/gcc/arm-none-eabi/7.2.1/../../../../arm-none-eabi/lib/thumb/v8-m.main/fpv5-sp/softfp\libc_nano.a(lib_a-nano-vfprintf_i.o)
                0x000141e8                _printf_i
 .text._read_r  0x0001440c       0x24 c:/siliconlabs/simplicitystudio/v5_3/developer/toolchains/gnu_arm/7.2_2017q4/bin/../lib/gcc/arm-none-eabi/7.2.1/../../../../arm-none-eabi/lib/thumb/v8-m.main/fpv5-sp/softfp\libc_nano.a(lib_a-readr.o)
                0x0001440c                _read_r
 .text._sbrk_r  0x00014430       0x20 c:/siliconlabs/simplicitystudio/v5_3/developer/toolchains/gnu_arm/7.2_2017q4/bin/../lib/gcc/arm-none-eabi/7.2.1/../../../../arm-none-eabi/lib/thumb/v8-m.main/fpv5-sp/softfp\libc_nano.a(lib_a-sbrkr.o)
                0x00014430                _sbrk_r
 .text.__swbuf_r
                0x00014450       0xa4 c:/siliconlabs/simplicitystudio/v5_3/developer/toolchains/gnu_arm/7.2_2017q4/bin/../lib/gcc/arm-none-eabi/7.2.1/../../../../arm-none-eabi/lib/thumb/v8-m.main/fpv5-sp/softfp\libc_nano.a(lib_a-wbuf.o)
                0x00014450                __swbuf_r
 .text.__swsetup_r
                0x000144f4       0xdc c:/siliconlabs/simplicitystudio/v5_3/developer/toolchains/gnu_arm/7.2_2017q4/bin/../lib/gcc/arm-none-eabi/7.2.1/../../../../arm-none-eabi/lib/thumb/v8-m.main/fpv5-sp/softfp\libc_nano.a(lib_a-wsetup.o)
                0x000144f4                __swsetup_r
 .text.__sflush_r
                0x000145d0      0x108 c:/siliconlabs/simplicitystudio/v5_3/developer/toolchains/gnu_arm/7.2_2017q4/bin/../lib/gcc/arm-none-eabi/7.2.1/../../../../arm-none-eabi/lib/thumb/v8-m.main/fpv5-sp/softfp\libc_nano.a(lib_a-fflush.o)
                0x000145d0                __sflush_r
 .text._fflush_r
                0x000146d8       0x54 c:/siliconlabs/simplicitystudio/v5_3/developer/toolchains/gnu_arm/7.2_2017q4/bin/../lib/gcc/arm-none-eabi/7.2.1/../../../../arm-none-eabi/lib/thumb/v8-m.main/fpv5-sp/softfp\libc_nano.a(lib_a-fflush.o)
                0x000146d8                _fflush_r
 .text.__swhatbuf_r
                0x0001472c       0x48 c:/siliconlabs/simplicitystudio/v5_3/developer/toolchains/gnu_arm/7.2_2017q4/bin/../lib/gcc/arm-none-eabi/7.2.1/../../../../arm-none-eabi/lib/thumb/v8-m.main/fpv5-sp/softfp\libc_nano.a(lib_a-makebuf.o)
                0x0001472c                __swhatbuf_r
 .text.__smakebuf_r
                0x00014774       0x80 c:/siliconlabs/simplicitystudio/v5_3/developer/toolchains/gnu_arm/7.2_2017q4/bin/../lib/gcc/arm-none-eabi/7.2.1/../../../../arm-none-eabi/lib/thumb/v8-m.main/fpv5-sp/softfp\libc_nano.a(lib_a-makebuf.o)
                0x00014774                __smakebuf_r
 .text.memchr   0x000147f4       0x1c c:/siliconlabs/simplicitystudio/v5_3/developer/toolchains/gnu_arm/7.2_2017q4/bin/../lib/gcc/arm-none-eabi/7.2.1/../../../../arm-none-eabi/lib/thumb/v8-m.main/fpv5-sp/softfp\libc_nano.a(lib_a-memchr-stub.o)
                0x000147f4                memchr
 .text.__malloc_lock
                0x00014810        0x2 c:/siliconlabs/simplicitystudio/v5_3/developer/toolchains/gnu_arm/7.2_2017q4/bin/../lib/gcc/arm-none-eabi/7.2.1/../../../../arm-none-eabi/lib/thumb/v8-m.main/fpv5-sp/softfp\libc_nano.a(lib_a-mlock.o)
                0x00014810                __malloc_lock
 .text.__malloc_unlock
                0x00014812        0x2 c:/siliconlabs/simplicitystudio/v5_3/developer/toolchains/gnu_arm/7.2_2017q4/bin/../lib/gcc/arm-none-eabi/7.2.1/../../../../arm-none-eabi/lib/thumb/v8-m.main/fpv5-sp/softfp\libc_nano.a(lib_a-mlock.o)
                0x00014812                __malloc_unlock
 .text._free_r  0x00014814       0x9c c:/siliconlabs/simplicitystudio/v5_3/developer/toolchains/gnu_arm/7.2_2017q4/bin/../lib/gcc/arm-none-eabi/7.2.1/../../../../arm-none-eabi/lib/thumb/v8-m.main/fpv5-sp/softfp\libc_nano.a(lib_a-nano-freer.o)
                0x00014814                _free_r
 .text._realloc_r
                0x000148b0       0x4c c:/siliconlabs/simplicitystudio/v5_3/developer/toolchains/gnu_arm/7.2_2017q4/bin/../lib/gcc/arm-none-eabi/7.2.1/../../../../arm-none-eabi/lib/thumb/v8-m.main/fpv5-sp/softfp\libc_nano.a(lib_a-nano-reallocr.o)
                0x000148b0                _realloc_r
 .text._fstat_r
                0x000148fc       0x24 c:/siliconlabs/simplicitystudio/v5_3/developer/toolchains/gnu_arm/7.2_2017q4/bin/../lib/gcc/arm-none-eabi/7.2.1/../../../../arm-none-eabi/lib/thumb/v8-m.main/fpv5-sp/softfp\libc_nano.a(lib_a-fstatr.o)
                0x000148fc                _fstat_r
 .text._isatty_r
                0x00014920       0x20 c:/siliconlabs/simplicitystudio/v5_3/developer/toolchains/gnu_arm/7.2_2017q4/bin/../lib/gcc/arm-none-eabi/7.2.1/../../../../arm-none-eabi/lib/thumb/v8-m.main/fpv5-sp/softfp\libc_nano.a(lib_a-isattyr.o)
                0x00014920                _isatty_r
 .text._malloc_usable_size_r
                0x00014940       0x10 c:/siliconlabs/simplicitystudio/v5_3/developer/toolchains/gnu_arm/7.2_2017q4/bin/../lib/gcc/arm-none-eabi/7.2.1/../../../../arm-none-eabi/lib/thumb/v8-m.main/fpv5-sp/softfp\libc_nano.a(lib_a-nano-msizer.o)
                0x00014940                _malloc_usable_size_r
 *(.init)
 .init          0x00014950        0x4 c:/siliconlabs/simplicitystudio/v5_3/developer/toolchains/gnu_arm/7.2_2017q4/bin/../lib/gcc/arm-none-eabi/7.2.1/thumb/v8-m.main/fpv5-sp/softfp/crti.o
                0x00014950                _init
 .init          0x00014954        0x8 c:/siliconlabs/simplicitystudio/v5_3/developer/toolchains/gnu_arm/7.2_2017q4/bin/../lib/gcc/arm-none-eabi/7.2.1/thumb/v8-m.main/fpv5-sp/softfp/crtn.o
 *(.fini)
 .fini          0x0001495c        0x4 c:/siliconlabs/simplicitystudio/v5_3/developer/toolchains/gnu_arm/7.2_2017q4/bin/../lib/gcc/arm-none-eabi/7.2.1/thumb/v8-m.main/fpv5-sp/softfp/crti.o
                0x0001495c                _fini
 .fini          0x00014960        0x8 c:/siliconlabs/simplicitystudio/v5_3/developer/toolchains/gnu_arm/7.2_2017q4/bin/../lib/gcc/arm-none-eabi/7.2.1/thumb/v8-m.main/fpv5-sp/softfp/crtn.o
 *crtbegin.o(.ctors)
 *crtbegin?.o(.ctors)
 *(EXCLUDE_FILE(*crtend.o *crtend?.o) .ctors)
 *(SORT_BY_NAME(.ctors.*))
 *(.ctors)
 *crtbegin.o(.dtors)
 *crtbegin?.o(.dtors)
 *(EXCLUDE_FILE(*crtend.o *crtend?.o) .dtors)
 *(SORT_BY_NAME(.dtors.*))
 *(.dtors)
 *(.rodata*)
 .rodata        0x00014968      0x830 ./Example/Aws_iot/rsi_shadow_sample_led.o
 .rodata        0x00015198      0x180 ./Platforms/hal/rsi_hal_mcu_platform_init.o
 .rodata        0x00015318      0x17d ./Sapis/driver/rsi_wlan.o
 *fill*         0x00015495        0x3 
 .rodata.iotClientInitParamsDefault
                0x00015498       0x30 ./Sapis/nwk/applications/aws_sdk/src/aws_iot_mqtt_client.o
                0x00015498                iotClientInitParamsDefault
 .rodata.iotClientConnectParamsDefault
                0x000154c8       0x38 ./Sapis/nwk/applications/aws_sdk/src/aws_iot_mqtt_client.o
                0x000154c8                iotClientConnectParamsDefault
 .rodata        0x00015500       0x50 ./Sapis/nwk/applications/aws_sdk/src/aws_iot_mqtt_client.o
 .rodata        0x00015550        0x5 ./Sapis/nwk/applications/aws_sdk/src/aws_iot_mqtt_client_connect.o
 *fill*         0x00015555        0x3 
 .rodata        0x00015558       0xa6 ./Sapis/nwk/applications/aws_sdk/src/aws_iot_shadow.o
 *fill*         0x000155fe        0x2 
 .rodata.ShadowInitParametersDefault
                0x00015600       0x1c ./Sapis/nwk/applications/aws_sdk/src/aws_iot_shadow.o
                0x00015600                ShadowInitParametersDefault
 .rodata.ShadowConnectParametersDefault
                0x0001561c       0x10 ./Sapis/nwk/applications/aws_sdk/src/aws_iot_shadow.o
                0x0001561c                ShadowConnectParametersDefault
 .rodata.api_wl_s
                0x0001562c       0x74 ./Sapis/rom/rsi_apis_non_rom.o
                0x0001562c                api_wl_s
 .rodata        0x000156a0      0x1d1 ./Sapis/wlan/rsi_wlan_apis.o
 *fill*         0x00015871        0x3 
 .rodata._global_impure_ptr
                0x00015874        0x4 c:/siliconlabs/simplicitystudio/v5_3/developer/toolchains/gnu_arm/7.2_2017q4/bin/../lib/gcc/arm-none-eabi/7.2.1/../../../../arm-none-eabi/lib/thumb/v8-m.main/fpv5-sp/softfp\libc_nano.a(lib_a-impure.o)
                0x00015874                _global_impure_ptr
 .rodata.__sf_fake_stderr
                0x00015878       0x20 c:/siliconlabs/simplicitystudio/v5_3/developer/toolchains/gnu_arm/7.2_2017q4/bin/../lib/gcc/arm-none-eabi/7.2.1/../../../../arm-none-eabi/lib/thumb/v8-m.main/fpv5-sp/softfp\libc_nano.a(lib_a-findfp.o)
                0x00015878                __sf_fake_stderr
 .rodata.__sf_fake_stdin
                0x00015898       0x20 c:/siliconlabs/simplicitystudio/v5_3/developer/toolchains/gnu_arm/7.2_2017q4/bin/../lib/gcc/arm-none-eabi/7.2.1/../../../../arm-none-eabi/lib/thumb/v8-m.main/fpv5-sp/softfp\libc_nano.a(lib_a-findfp.o)
                0x00015898                __sf_fake_stdin
 .rodata.__sf_fake_stdout
                0x000158b8       0x20 c:/siliconlabs/simplicitystudio/v5_3/developer/toolchains/gnu_arm/7.2_2017q4/bin/../lib/gcc/arm-none-eabi/7.2.1/../../../../arm-none-eabi/lib/thumb/v8-m.main/fpv5-sp/softfp\libc_nano.a(lib_a-findfp.o)
                0x000158b8                __sf_fake_stdout
 .rodata._svfprintf_r.str1.1
                0x000158d8       0x11 c:/siliconlabs/simplicitystudio/v5_3/developer/toolchains/gnu_arm/7.2_2017q4/bin/../lib/gcc/arm-none-eabi/7.2.1/../../../../arm-none-eabi/lib/thumb/v8-m.main/fpv5-sp/softfp\libc_nano.a(lib_a-nano-svfprintf.o)
 .rodata._vfprintf_r.str1.1
                0x000158e9       0x11 c:/siliconlabs/simplicitystudio/v5_3/developer/toolchains/gnu_arm/7.2_2017q4/bin/../lib/gcc/arm-none-eabi/7.2.1/../../../../arm-none-eabi/lib/thumb/v8-m.main/fpv5-sp/softfp\libc_nano.a(lib_a-nano-vfprintf.o)
 .rodata._printf_i.str1.1
                0x000158e9       0x22 c:/siliconlabs/simplicitystudio/v5_3/developer/toolchains/gnu_arm/7.2_2017q4/bin/../lib/gcc/arm-none-eabi/7.2.1/../../../../arm-none-eabi/lib/thumb/v8-m.main/fpv5-sp/softfp\libc_nano.a(lib_a-nano-vfprintf_i.o)
 *(.eh_frame*)
 *fill*         0x0001590b        0x1 
 .eh_frame      0x0001590c        0x0 c:/siliconlabs/simplicitystudio/v5_3/developer/toolchains/gnu_arm/7.2_2017q4/bin/../lib/gcc/arm-none-eabi/7.2.1/thumb/v8-m.main/fpv5-sp/softfp/crtbegin.o
 .eh_frame      0x0001590c        0x4 c:/siliconlabs/simplicitystudio/v5_3/developer/toolchains/gnu_arm/7.2_2017q4/bin/../lib/gcc/arm-none-eabi/7.2.1/thumb/v8-m.main/fpv5-sp/softfp/crtend.o

.glue_7         0x00015910        0x0
 .glue_7        0x00015910        0x0 linker stubs

.glue_7t        0x00015910        0x0
 .glue_7t       0x00015910        0x0 linker stubs

.vfp11_veneer   0x00015910        0x0
 .vfp11_veneer  0x00015910        0x0 linker stubs

.v4_bx          0x00015910        0x0
 .v4_bx         0x00015910        0x0 linker stubs

.iplt           0x00015910        0x0
 .iplt          0x00015910        0x0 c:/siliconlabs/simplicitystudio/v5_3/developer/toolchains/gnu_arm/7.2_2017q4/bin/../lib/gcc/arm-none-eabi/7.2.1/thumb/v8-m.main/fpv5-sp/softfp/crtbegin.o

.ARM.extab
 *(.ARM.extab* .gnu.linkonce.armextab.*)
                0x00015910                __exidx_start = .

.ARM.exidx      0x00015910        0x8
 *(.ARM.exidx* .gnu.linkonce.armexidx.*)
 .ARM.exidx     0x00015910        0x8 c:/siliconlabs/simplicitystudio/v5_3/developer/toolchains/gnu_arm/7.2_2017q4/bin/../lib/gcc/arm-none-eabi/7.2.1/../../../../arm-none-eabi/lib/thumb/v8-m.main/fpv5-sp/softfp/crt0.o
                0x00015918                __exidx_end = .
                0x00015918                __etext = .

.rel.dyn        0x00015918        0x0
 .rel.iplt      0x00015918        0x0 c:/siliconlabs/simplicitystudio/v5_3/developer/toolchains/gnu_arm/7.2_2017q4/bin/../lib/gcc/arm-none-eabi/7.2.1/thumb/v8-m.main/fpv5-sp/softfp/crtbegin.o

.data           0x20000000     0x12f8 load address 0x00015918
                0x20000000                __data_start__ = .
 *(vtable)
 *(.data*)
 .data.SystemHFXOClock
                0x20000000        0x4 ./CMSIS/EFR32MG21/system_efr32mg21.o
 .data.SystemLFXOClock
                0x20000004        0x4 ./CMSIS/EFR32MG21/system_efr32mg21.o
 .data.SystemHFRCODPLLClock
                0x20000008        0x4 ./CMSIS/EFR32MG21/system_efr32mg21.o
 .data.SystemCoreClock
                0x2000000c        0x4 ./CMSIS/EFR32MG21/system_efr32mg21.o
                0x2000000c                SystemCoreClock
 .data.awscertificate
                0x20000010      0x4c9 ./Example/Aws_iot/rsi_shadow_sample_led.o
                0x20000010                awscertificate
 *fill*         0x200004d9        0x3 
 .data.awsprivatekey
                0x200004dc      0x690 ./Example/Aws_iot/rsi_shadow_sample_led.o
                0x200004dc                awsprivatekey
 .data.starfieldca
                0x20000b6c      0x5bd ./Example/Aws_iot/rsi_shadow_sample_led.o
                0x20000b6c                starfieldca
 *fill*         0x20001129        0x3 
 .data.publish_message_mq_2
                0x2000112c       0x1d ./Example/Aws_iot/rsi_shadow_sample_led.o
                0x2000112c                publish_message_mq_2
 *fill*         0x20001149        0x3 
 .data.publish_message_mq_3
                0x2000114c       0x1e ./Example/Aws_iot/rsi_shadow_sample_led.o
                0x2000114c                publish_message_mq_3
 *fill*         0x2000116a        0x2 
 .data.username_mq
                0x2000116c        0x9 ./Example/Aws_iot/rsi_shadow_sample_led.o
                0x2000116c                username_mq
 *fill*         0x20001175        0x3 
 .data.password_mq
                0x20001178        0x9 ./Example/Aws_iot/rsi_shadow_sample_led.o
                0x20001178                password_mq
 *fill*         0x20001181        0x3 
 .data.HostAddress
                0x20001184       0xff ./Example/Aws_iot/rsi_shadow_sample_led.o
 *fill*         0x20001283        0x1 
 .data.port     0x20001284        0x4 ./Example/Aws_iot/rsi_shadow_sample_led.o
 .data.ssl_bit_map
                0x20001288        0x1 ./Sapis/nwk/applications/aws_sdk/platform/src/network_wrapper.o
                0x20001288                ssl_bit_map
 *fill*         0x20001289        0x3 
 .data._impure_ptr
                0x2000128c        0x4 c:/siliconlabs/simplicitystudio/v5_3/developer/toolchains/gnu_arm/7.2_2017q4/bin/../lib/gcc/arm-none-eabi/7.2.1/../../../../arm-none-eabi/lib/thumb/v8-m.main/fpv5-sp/softfp\libc_nano.a(lib_a-impure.o)
                0x2000128c                _impure_ptr
 .data.impure_data
                0x20001290       0x60 c:/siliconlabs/simplicitystudio/v5_3/developer/toolchains/gnu_arm/7.2_2017q4/bin/../lib/gcc/arm-none-eabi/7.2.1/../../../../arm-none-eabi/lib/thumb/v8-m.main/fpv5-sp/softfp\libc_nano.a(lib_a-impure.o)