Archive member included to satisfy reference by file (symbol)

c:/siliconlabs/simplicitystudio/v5_3/developer/toolchains/gnu_arm/7.2_2017q4/bin/../lib/gcc/arm-none-eabi/7.2.1/thumb/v8-m.main/fpv5-sp/softfp\libgcc.a(_arm_truncdfsf2.o)
                              ./Sapis/nwk/applications/http_server/rsi_json_handlers.o (__aeabi_d2f)
c:/siliconlabs/simplicitystudio/v5_3/developer/toolchains/gnu_arm/7.2_2017q4/bin/../lib/gcc/arm-none-eabi/7.2.1/thumb/v8-m.main/fpv5-sp/softfp\libgcc.a(_aeabi_uldivmod.o)
                              ./emlib/em_usart.o (__aeabi_uldivmod)
c:/siliconlabs/simplicitystudio/v5_3/developer/toolchains/gnu_arm/7.2_2017q4/bin/../lib/gcc/arm-none-eabi/7.2.1/thumb/v8-m.main/fpv5-sp/softfp\libgcc.a(_udivmoddi4.o)
                              c:/siliconlabs/simplicitystudio/v5_3/developer/toolchains/gnu_arm/7.2_2017q4/bin/../lib/gcc/arm-none-eabi/7.2.1/thumb/v8-m.main/fpv5-sp/softfp\libgcc.a(_aeabi_uldivmod.o) (__udivmoddi4)
c:/siliconlabs/simplicitystudio/v5_3/developer/toolchains/gnu_arm/7.2_2017q4/bin/../lib/gcc/arm-none-eabi/7.2.1/thumb/v8-m.main/fpv5-sp/softfp\libgcc.a(_dvmd_tls.o)
                              c:/siliconlabs/simplicitystudio/v5_3/developer/toolchains/gnu_arm/7.2_2017q4/bin/../lib/gcc/arm-none-eabi/7.2.1/thumb/v8-m.main/fpv5-sp/softfp\libgcc.a(_aeabi_uldivmod.o) (__aeabi_ldiv0)
c:/siliconlabs/simplicitystudio/v5_3/developer/toolchains/gnu_arm/7.2_2017q4/bin/../lib/gcc/arm-none-eabi/7.2.1/../../../../arm-none-eabi/lib/thumb/v8-m.main/fpv5-sp/softfp\libc_nano.a(lib_a-atof.o)
                              ./Sapis/nwk/applications/http_server/rsi_json_handlers.o (atof)
c:/siliconlabs/simplicitystudio/v5_3/developer/toolchains/gnu_arm/7.2_2017q4/bin/../lib/gcc/arm-none-eabi/7.2.1/../../../../arm-none-eabi/lib/thumb/v8-m.main/fpv5-sp/softfp\libc_nano.a(lib_a-exit.o)
                              c:/siliconlabs/simplicitystudio/v5_3/developer/toolchains/gnu_arm/7.2_2017q4/bin/../lib/gcc/arm-none-eabi/7.2.1/../../../../arm-none-eabi/lib/thumb/v8-m.main/fpv5-sp/softfp/crt0.o (exit)
c:/siliconlabs/simplicitystudio/v5_3/developer/toolchains/gnu_arm/7.2_2017q4/bin/../lib/gcc/arm-none-eabi/7.2.1/../../../../arm-none-eabi/lib/thumb/v8-m.main/fpv5-sp/softfp\libc_nano.a(lib_a-impure.o)
                              c:/siliconlabs/simplicitystudio/v5_3/developer/toolchains/gnu_arm/7.2_2017q4/bin/../lib/gcc/arm-none-eabi/7.2.1/../../../../arm-none-eabi/lib/thumb/v8-m.main/fpv5-sp/softfp\libc_nano.a(lib_a-exit.o) (_global_impure_ptr)
c:/siliconlabs/simplicitystudio/v5_3/developer/toolchains/gnu_arm/7.2_2017q4/bin/../lib/gcc/arm-none-eabi/7.2.1/../../../../arm-none-eabi/lib/thumb/v8-m.main/fpv5-sp/softfp\libc_nano.a(lib_a-init.o)
                              c:/siliconlabs/simplicitystudio/v5_3/developer/toolchains/gnu_arm/7.2_2017q4/bin/../lib/gcc/arm-none-eabi/7.2.1/../../../../arm-none-eabi/lib/thumb/v8-m.main/fpv5-sp/softfp/crt0.o (__libc_init_array)
c:/siliconlabs/simplicitystudio/v5_3/developer/toolchains/gnu_arm/7.2_2017q4/bin/../lib/gcc/arm-none-eabi/7.2.1/../../../../arm-none-eabi/lib/thumb/v8-m.main/fpv5-sp/softfp\libc_nano.a(lib_a-memcmp.o)
                              ./Sapis/nwk/socket/rsi_socket.o (memcmp)
c:/siliconlabs/simplicitystudio/v5_3/developer/toolchains/gnu_arm/7.2_2017q4/bin/../lib/gcc/arm-none-eabi/7.2.1/../../../../arm-none-eabi/lib/thumb/v8-m.main/fpv5-sp/softfp\libc_nano.a(lib_a-memcpy-stub.o)
                              ./Sapis/common/rsi_common_apis.o (memcpy)
c:/siliconlabs/simplicitystudio/v5_3/developer/toolchains/gnu_arm/7.2_2017q4/bin/../lib/gcc/arm-none-eabi/7.2.1/../../../../arm-none-eabi/lib/thumb/v8-m.main/fpv5-sp/softfp\libc_nano.a(lib_a-memmove.o)
                              ./Sapis/nwk/applications/mdnsd_records/rsi_mdnsd_records.o (memmove)
c:/siliconlabs/simplicitystudio/v5_3/developer/toolchains/gnu_arm/7.2_2017q4/bin/../lib/gcc/arm-none-eabi/7.2.1/../../../../arm-none-eabi/lib/thumb/v8-m.main/fpv5-sp/softfp\libc_nano.a(lib_a-memset.o)
                              c:/siliconlabs/simplicitystudio/v5_3/developer/toolchains/gnu_arm/7.2_2017q4/bin/../lib/gcc/arm-none-eabi/7.2.1/../../../../arm-none-eabi/lib/thumb/v8-m.main/fpv5-sp/softfp/crt0.o (memset)
c:/siliconlabs/simplicitystudio/v5_3/developer/toolchains/gnu_arm/7.2_2017q4/bin/../lib/gcc/arm-none-eabi/7.2.1/../../../../arm-none-eabi/lib/thumb/v8-m.main/fpv5-sp/softfp\libc_nano.a(lib_a-printf.o)
                              ./Example/wireless_firmware_upgradation/rsi_wfup_app.o (printf)
c:/siliconlabs/simplicitystudio/v5_3/developer/toolchains/gnu_arm/7.2_2017q4/bin/../lib/gcc/arm-none-eabi/7.2.1/../../../../arm-none-eabi/lib/thumb/v8-m.main/fpv5-sp/softfp\libc_nano.a(lib_a-sprintf.o)
                              ./Sapis/nwk/applications/http_server/rsi_json_handlers.o (sprintf)
c:/siliconlabs/simplicitystudio/v5_3/developer/toolchains/gnu_arm/7.2_2017q4/bin/../lib/gcc/arm-none-eabi/7.2.1/../../../../arm-none-eabi/lib/thumb/v8-m.main/fpv5-sp/softfp\libc_nano.a(lib_a-sscanf.o)
[...]
Memory Configuration

Name             Origin             Length             Attributes
FLASH            0x00000000         0x00100000         xr
RAM              0x20000000         0x00018000         xrw
*default*        0x00000000         0xffffffff

Linker script and memory map

LOAD c:/siliconlabs/simplicitystudio/v5_3/developer/toolchains/gnu_arm/7.2_2017q4/bin/../lib/gcc/arm-none-eabi/7.2.1/thumb/v8-m.main/fpv5-sp/softfp/crti.o
LOAD c:/siliconlabs/simplicitystudio/v5_3/developer/toolchains/gnu_arm/7.2_2017q4/bin/../lib/gcc/arm-none-eabi/7.2.1/thumb/v8-m.main/fpv5-sp/softfp/crtbegin.o
LOAD c:/siliconlabs/simplicitystudio/v5_3/developer/toolchains/gnu_arm/7.2_2017q4/bin/../lib/gcc/arm-none-eabi/7.2.1/../../../../arm-none-eabi/lib/thumb/v8-m.main/fpv5-sp/softfp/crt0.o
LOAD ./CMSIS/EFR32MG21/startup_efr32mg21.o
LOAD ./CMSIS/EFR32MG21/system_efr32mg21.o
LOAD ./Example/wireless_firmware_upgradation/rsi_wfup_app.o
LOAD ./Platforms/hal/rsi_hal_mcu_interrupt.o
LOAD ./Platforms/hal/rsi_hal_mcu_ioports.o
LOAD ./Platforms/hal/rsi_hal_mcu_platform_init.o
LOAD ./Platforms/hal/rsi_hal_mcu_random.o
LOAD ./Platforms/hal/rsi_hal_mcu_sdio.o
LOAD ./Platforms/hal/rsi_hal_mcu_spi.o
LOAD ./Platforms/hal/rsi_hal_mcu_timer.o
LOAD ./Platforms/hal/rsi_hal_mcu_uart.o
LOAD ./Platforms/hal/rsi_timer.o
LOAD ./Sapis/bt_ble/rsi_ble_gap_apis.o
LOAD ./Sapis/bt_ble/rsi_ble_gatt_apis.o
LOAD ./Sapis/bt_ble/rsi_ble_l2cap_conn.o
LOAD ./Sapis/bt_ble/rsi_bt_a2dp_apis.o
LOAD ./Sapis/bt_ble/rsi_bt_avrcp_apis.o
LOAD ./Sapis/bt_ble/rsi_bt_common_apis.o
LOAD ./Sapis/bt_ble/rsi_bt_gap_apis.o
LOAD ./Sapis/bt_ble/rsi_bt_hfp_apis.o
LOAD ./Sapis/bt_ble/rsi_bt_hid_apis.o
LOAD ./Sapis/bt_ble/rsi_bt_iap_apis.o
LOAD ./Sapis/bt_ble/rsi_bt_pbap_apis.o
LOAD ./Sapis/bt_ble/rsi_bt_sdp_apis.o
LOAD ./Sapis/bt_ble/rsi_bt_spp_apis.o
LOAD ./Sapis/common/rsi_common_apis.o
LOAD ./Sapis/common/rsi_device_init_apis.o
LOAD ./Sapis/driver/intf/sdio/rsi_sdio_frame_rd_wr.o
LOAD ./Sapis/driver/intf/sdio/rsi_sdio_iface_init.o
LOAD ./Sapis/driver/intf/sdio/rsi_sdio_mem_rd_wr.o
LOAD ./Sapis/driver/intf/sdio/rsi_sdio_reg_rd_wr.o
LOAD ./Sapis/driver/intf/spi/rsi_spi_frame_rd_wr.o
LOAD ./Sapis/driver/intf/spi/rsi_spi_functs.o
LOAD ./Sapis/driver/intf/spi/rsi_spi_iface_init.o
LOAD ./Sapis/driver/intf/spi/rsi_spi_mem_rd_wr.o
LOAD ./Sapis/driver/intf/spi/rsi_spi_reg_rd_wr.o
LOAD ./Sapis/driver/intf/uart/rsi_uart.o
LOAD ./Sapis/driver/rsi_bt_ble.o
LOAD ./Sapis/driver/rsi_common.o
LOAD ./Sapis/driver/rsi_device_init.o
LOAD ./Sapis/driver/rsi_driver.o
LOAD ./Sapis/driver/rsi_driver_event_handlers.o
LOAD ./Sapis/driver/rsi_events.o
LOAD ./Sapis/driver/rsi_iap.o
LOAD ./Sapis/driver/rsi_nwk.o
LOAD ./Sapis/driver/rsi_os_none.o
LOAD ./Sapis/driver/rsi_pkt_mgmt.o
LOAD ./Sapis/driver/rsi_queue.o
LOAD ./Sapis/driver/rsi_scheduler.o
LOAD ./Sapis/driver/rsi_setregion_countryinfo.o
LOAD ./Sapis/driver/rsi_timer.o
LOAD ./Sapis/driver/rsi_utils.o
LOAD ./Sapis/driver/rsi_wlan.o
LOAD ./Sapis/driver/rsi_zb.o
LOAD ./Sapis/driver/rsi_zb_utility.o
LOAD ./Sapis/nwk/applications/http_server/rsi_http_server.o
LOAD ./Sapis/nwk/applications/http_server/rsi_json_handlers.o
LOAD ./Sapis/nwk/applications/mdnsd_records/rsi_mdnsd_records.o
LOAD ./Sapis/nwk/applications/rsi_dhcp_user_class.o
LOAD ./Sapis/nwk/applications/rsi_dns.o
LOAD ./Sapis/nwk/applications/rsi_emb_mqtt_client.o
LOAD ./Sapis/nwk/applications/rsi_firmware_upgradation.o
LOAD ./Sapis/nwk/applications/rsi_ftp.o
LOAD ./Sapis/nwk/applications/rsi_http_client.o
LOAD ./Sapis/nwk/applications/rsi_mdnsd.o
LOAD ./Sapis/nwk/applications/rsi_mqtt_client.o
LOAD ./Sapis/nwk/applications/rsi_multicast.o
LOAD ./Sapis/nwk/applications/rsi_ota_fw_up.o
LOAD ./Sapis/nwk/applications/rsi_pop3_client.o
LOAD ./Sapis/nwk/applications/rsi_raw_data.o
LOAD ./Sapis/nwk/applications/rsi_smtp_client.o
LOAD ./Sapis/nwk/applications/rsi_sntp_client.o
LOAD ./Sapis/nwk/applications/rsi_web_socket.o
LOAD ./Sapis/nwk/socket/rsi_socket.o
LOAD ./Sapis/rom/rsi_apis_non_rom.o
LOAD ./Sapis/rom/rsi_apis_rom.o
LOAD ./Sapis/rom/rsi_events_rom.o
LOAD ./Sapis/rom/rsi_nwk_rom.o
LOAD ./Sapis/rom/rsi_pkt_mgmt_rom.o
LOAD ./Sapis/rom/rsi_queue_rom.o
LOAD ./Sapis/rom/rsi_scheduler_rom.o
LOAD ./Sapis/rom/rsi_socket_rom.o
LOAD ./Sapis/rom/rsi_utils_rom.o
LOAD ./Sapis/wlan/rsi_wlan_apis.o
LOAD ./debug_prints/retargetio.o
LOAD ./emlib/em_cmu.o
LOAD ./emlib/em_core.o
LOAD ./emlib/em_emu.o
LOAD ./emlib/em_gpio.o
LOAD ./emlib/em_ldma.o
LOAD ./emlib/em_system.o
LOAD ./emlib/em_usart.o
START GROUP
LOAD c:/siliconlabs/simplicitystudio/v5_3/developer/toolchains/gnu_arm/7.2_2017q4/bin/../lib/gcc/arm-none-eabi/7.2.1/thumb/v8-m.main/fpv5-sp/softfp\libgcc.a
LOAD c:/siliconlabs/simplicitystudio/v5_3/developer/toolchains/gnu_arm/7.2_2017q4/bin/../lib/gcc/arm-none-eabi/7.2.1/../../../../arm-none-eabi/lib/thumb/v8-m.main/fpv5-sp/softfp\libc_nano.a
LOAD c:/siliconlabs/simplicitystudio/v5_3/developer/toolchains/gnu_arm/7.2_2017q4/bin/../lib/gcc/arm-none-eabi/7.2.1/../../../../arm-none-eabi/lib/thumb/v8-m.main/fpv5-sp/softfp\libnosys.a
END GROUP
START GROUP
LOAD c:/siliconlabs/simplicitystudio/v5_3/developer/toolchains/gnu_arm/7.2_2017q4/bin/../lib/gcc/arm-none-eabi/7.2.1/thumb/v8-m.main/fpv5-sp/softfp\libgcc.a
LOAD c:/siliconlabs/simplicitystudio/v5_3/developer/toolchains/gnu_arm/7.2_2017q4/bin/../lib/gcc/arm-none-eabi/7.2.1/../../../../arm-none-eabi/lib/thumb/v8-m.main/fpv5-sp/softfp\libg_nano.a
LOAD c:/siliconlabs/simplicitystudio/v5_3/developer/toolchains/gnu_arm/7.2_2017q4/bin/../lib/gcc/arm-none-eabi/7.2.1/../../../../arm-none-eabi/lib/thumb/v8-m.main/fpv5-sp/softfp\libc_nano.a
END GROUP
START GROUP
LOAD c:/siliconlabs/simplicitystudio/v5_3/developer/toolchains/gnu_arm/7.2_2017q4/bin/../lib/gcc/arm-none-eabi/7.2.1/thumb/v8-m.main/fpv5-sp/softfp\libgcc.a
LOAD c:/siliconlabs/simplicitystudio/v5_3/developer/toolchains/gnu_arm/7.2_2017q4/bin/../lib/gcc/arm-none-eabi/7.2.1/../../../../arm-none-eabi/lib/thumb/v8-m.main/fpv5-sp/softfp\libc_nano.a
END GROUP
LOAD c:/siliconlabs/simplicitystudio/v5_3/developer/toolchains/gnu_arm/7.2_2017q4/bin/../lib/gcc/arm-none-eabi/7.2.1/thumb/v8-m.main/fpv5-sp/softfp/crtend.o
LOAD c:/siliconlabs/simplicitystudio/v5_3/developer/toolchains/gnu_arm/7.2_2017q4/bin/../lib/gcc/arm-none-eabi/7.2.1/thumb/v8-m.main/fpv5-sp/softfp/crtn.o

.text           0x00000000     0xd78c
 *(.vectors)
 .vectors       0x00000000      0x134 ./CMSIS/EFR32MG21/startup_efr32mg21.o
                0x00000000                __Vectors
                0x00000134                __Vectors_End = .
                0x00000134                __Vectors_Size = (__Vectors_End - __Vectors)
                0x00000134                __end__ = .
 *(.text*)
 .text          0x00000134       0x40 c:/siliconlabs/simplicitystudio/v5_3/developer/toolchains/gnu_arm/7.2_2017q4/bin/../lib/gcc/arm-none-eabi/7.2.1/thumb/v8-m.main/fpv5-sp/softfp/crtbegin.o
 .text          0x00000174       0x74 c:/siliconlabs/simplicitystudio/v5_3/developer/toolchains/gnu_arm/7.2_2017q4/bin/../lib/gcc/arm-none-eabi/7.2.1/../../../../arm-none-eabi/lib/thumb/v8-m.main/fpv5-sp/softfp/crt0.o
                0x00000174                _start
                0x00000174                _mainCRTStartup
 .text          0x000001e8       0x30 ./CMSIS/EFR32MG21/startup_efr32mg21.o
                0x000001e8                Reset_Handler
                0x00000214                SW2_IRQHandler
                0x00000214                TIMER2_IRQHandler
                0x00000214                DebugMon_Handler
                0x00000214                PRORTC_IRQHandler
                0x00000214                IADC_IRQHandler
                0x00000214                I2C0_IRQHandler
                0x00000214                LFXO_IRQHandler
                0x00000214                HardFault_Handler
                0x00000214                SMU_SECURE_IRQHandler
                0x00000214                USART1_RX_IRQHandler
                0x00000214                PendSV_Handler
                0x00000214                NMI_Handler
                0x00000214                SYNTH_IRQHandler
                0x00000214                I2C1_IRQHandler
                0x00000214                WDOG0_IRQHandler
                0x00000214                TIMER3_IRQHandler
                0x00000214                SYSCFG_IRQHandler
                0x00000214                EMUSE_IRQHandler
                0x00000214                EMUDG_IRQHandler
                0x00000214                USART1_TX_IRQHandler
                0x00000214                SMU_PRIVILEGED_IRQHandler
                0x00000214                MSC_IRQHandler
                0x00000214                DPLL0_IRQHandler
                0x00000214                UsageFault_Handler
                0x00000214                WDOG1_IRQHandler
                0x00000214                M33CTI1_IRQHandler
                0x00000214                GPIO_EVEN_IRQHandler
                0x00000214                SEMBTX_IRQHandler
                0x00000214                SW0_IRQHandler
                0x00000214                TIMER0_IRQHandler
                0x00000214                ULFRCO_IRQHandler
                0x00000214                LETIMER0_IRQHandler
                0x00000214                TIMER1_IRQHandler
                0x00000214                HFRCO0_IRQHandler
                0x00000214                BUFC_IRQHandler
                0x00000214                MODEM_IRQHandler
                0x00000214                USART2_RX_IRQHandler
                0x00000214                Default_Handler
                0x00000214                RAC_SEQ_IRQHandler
                0x00000214                FRC_PRI_IRQHandler
                0x00000214                SW3_IRQHandler
                0x00000214                EMU_IRQHandler
                0x00000214                KERNEL0_IRQHandler
                0x00000214                FRC_IRQHandler
                0x00000214                KERNEL1_IRQHandler
                0x00000214                AGC_IRQHandler
                0x00000214                HFRCOEM23_IRQHandler
                0x00000214                sl_app_properties
                0x00000214                BURTC_IRQHandler
                0x00000214                SEMBRX_IRQHandler
                0x00000214                LFRCO_IRQHandler
                0x00000214                ACMP0_IRQHandler
                0x00000214                USART0_RX_IRQHandler
                0x00000214                MemManage_Handler
                0x00000214                SVC_Handler
                0x00000214                RTCC_IRQHandler
                0x00000214                HFXO00_IRQHandler
                0x00000214                SW1_IRQHandler
                0x00000214                CMU_IRQHandler
                0x00000214                RAC_RSM_IRQHandler
                0x00000214                SETAMPERHOST_IRQHandler
                0x00000214                AES_IRQHandler
                0x00000214                M33CTI0_IRQHandler
                0x00000214                ICACHE0_IRQHandler
                0x00000214                PROTIMER_IRQHandler
                0x00000214                ACMP1_IRQHandler
                0x00000214                BusFault_Handler
                0x00000214                USART2_TX_IRQHandler
 .text.SystemInit
                0x00000218       0x2c ./CMSIS/EFR32MG21/system_efr32mg21.o
                0x00000218                SystemInit
 .text.SystemHFRCODPLLClockGet
                0x00000244       0x18 ./CMSIS/EFR32MG21/system_efr32mg21.o
                0x00000244                SystemHFRCODPLLClockGet
 .text.SystemSYSCLKGet
                0x0000025c       0x50 ./CMSIS/EFR32MG21/system_efr32mg21.o
                0x0000025c                SystemSYSCLKGet
 .text.SystemHCLKGet
                0x000002ac       0x3c ./CMSIS/EFR32MG21/system_efr32mg21.o
                0x000002ac                SystemHCLKGet
 .text.SystemMaxCoreClockGet
                0x000002e8       0x14 ./CMSIS/EFR32MG21/system_efr32mg21.o
                0x000002e8                SystemMaxCoreClockGet
 .text.SystemHFXOClockGet
                0x000002fc       0x18 ./CMSIS/EFR32MG21/system_efr32mg21.o
                0x000002fc                SystemHFXOClockGet
 .text.SystemCLKIN0Get
                0x00000314       0x10 ./CMSIS/EFR32MG21/system_efr32mg21.o
                0x00000314                SystemCLKIN0Get
 .text.SystemFSRCOClockGet
                0x00000324       0x14 ./CMSIS/EFR32MG21/system_efr32mg21.o
                0x00000324                SystemFSRCOClockGet
 .text.SystemHFRCOEM23ClockGet
                0x00000338       0xe4 ./CMSIS/EFR32MG21/system_efr32mg21.o
                0x00000338                SystemHFRCOEM23ClockGet
 .text.SystemLFRCOClockGet
                0x0000041c       0x12 ./CMSIS/EFR32MG21/system_efr32mg21.o
                0x0000041c                SystemLFRCOClockGet
 .text.SystemULFRCOClockGet
                0x0000042e       0x12 ./CMSIS/EFR32MG21/system_efr32mg21.o
                0x0000042e                SystemULFRCOClockGet
 .text.SystemLFXOClockGet
                0x00000440       0x18 ./CMSIS/EFR32MG21/system_efr32mg21.o
                0x00000440                SystemLFXOClockGet
 .text.rsi_http_server_cbs_init
                0x00000458       0x14 ./Example/wireless_firmware_upgradation/rsi_wfup_app.o
                0x00000458                rsi_http_server_cbs_init
 .text.rsi_wfup_app
                0x0000046c      0x1fc ./Example/wireless_firmware_upgradation/rsi_wfup_app.o
                0x0000046c                rsi_wfup_app
 .text.wfup_loop
                0x00000668       0x98 ./Example/wireless_firmware_upgradation/rsi_wfup_app.o
                0x00000668                wfup_loop
 .text.main_loop
                0x00000700       0x20 ./Example/wireless_firmware_upgradation/rsi_wfup_app.o
                0x00000700                main_loop
 .text.main     0x00000720       0x68 ./Example/wireless_firmware_upgradation/rsi_wfup_app.o
                0x00000720                main
 .text.rsi_wireless_fw_upgrade_handler
                0x00000788       0x68 ./Example/wireless_firmware_upgradation/rsi_wfup_app.o
                0x00000788                rsi_wireless_fw_upgrade_handler
 .text.__NVIC_EnableIRQ
                0x000007f0       0x3c ./Platforms/hal/rsi_hal_mcu_interrupt.o
 .text.__NVIC_DisableIRQ
                0x0000082c       0x44 ./Platforms/hal/rsi_hal_mcu_interrupt.o
 .text.GPIO_IntClear
                0x00000870       0x24 ./Platforms/hal/rsi_hal_mcu_interrupt.o
 .text.USART_IntClear
                0x00000894       0x22 ./Platforms/hal/rsi_hal_mcu_interrupt.o
 *fill*         0x000008b6        0x2 
 .text.USART0_TX_IRQHandler
                0x000008b8       0x48 ./Platforms/hal/rsi_hal_mcu_interrupt.o
                0x000008b8                USART0_TX_IRQHandler
 .text.GPIO_ODD_IRQHandler
                0x00000900       0x24 ./Platforms/hal/rsi_hal_mcu_interrupt.o
                0x00000900                GPIO_ODD_IRQHandler
 .text.rsi_hal_intr_config
                0x00000924       0x20 ./Platforms/hal/rsi_hal_mcu_interrupt.o
                0x00000924                rsi_hal_intr_config
 .text.rsi_hal_intr_mask
                0x00000944        0xe ./Platforms/hal/rsi_hal_mcu_interrupt.o
                0x00000944                rsi_hal_intr_mask
 .text.rsi_hal_intr_unmask
                0x00000952        0xe ./Platforms/hal/rsi_hal_mcu_interrupt.o
                0x00000952                rsi_hal_intr_unmask
 .text.BUS_RegBitRead
                0x00000960       0x24 ./Platforms/hal/rsi_hal_mcu_ioports.o
 .text.GPIO_PinInGet
                0x00000984       0x48 ./Platforms/hal/rsi_hal_mcu_ioports.o
 .text.GPIO_PinOutClear
                0x000009cc       0x54 ./Platforms/hal/rsi_hal_mcu_ioports.o
 .text.CMU_ClockEnable
                0x00000a20       0x1c ./Platforms/hal/rsi_hal_mcu_ioports.o
 .text.rsi_hal_config_gpio
                0x00000a3c       0x6a ./Platforms/hal/rsi_hal_mcu_ioports.o
                0x00000a3c                rsi_hal_config_gpio
 .text.rsi_hal_set_gpio
                0x00000aa6       0x4a ./Platforms/hal/rsi_hal_mcu_ioports.o
                0x00000aa6                rsi_hal_set_gpio
 .text.rsi_hal_get_gpio
                0x00000af0       0x4e ./Platforms/hal/rsi_hal_mcu_ioports.o
                0x00000af0                rsi_hal_get_gpio
 .text.rsi_hal_clear_gpio
                0x00000b3e       0x3e ./Platforms/hal/rsi_hal_mcu_ioports.o
                0x00000b3e                rsi_hal_clear_gpio
 .text.__NVIC_SetPriority
                0x00000b7c       0x54 ./Platforms/hal/rsi_hal_mcu_platform_init.o
 .text.SysTick_Config
                0x00000bd0       0x44 ./Platforms/hal/rsi_hal_mcu_platform_init.o
 .text.ITM_SendChar
                0x00000c14       0x4e ./Platforms/hal/rsi_hal_mcu_platform_init.o
 .text.CMU_ClockEnable
                0x00000c62       0x1c ./Platforms/hal/rsi_hal_mcu_platform_init.o
 *fill*         0x00000c7e        0x2 
 .text.CHIP_Init
                0x00000c80       0xa8 ./Platforms/hal/rsi_hal_mcu_platform_init.o
 .text.LDMA_IntClear
                0x00000d28       0x24 ./Platforms/hal/rsi_hal_mcu_platform_init.o
 .text.LDMA_IntGet
                0x00000d4c       0x18 ./Platforms/hal/rsi_hal_mcu_platform_init.o
 .text.RETARGET_WriteChar
                0x00000d64       0x1c ./Platforms/hal/rsi_hal_mcu_platform_init.o
                0x00000d64                RETARGET_WriteChar
 .text.RETARGET_ReadChar
                0x00000d80       0x10 ./Platforms/hal/rsi_hal_mcu_platform_init.o
                0x00000d80                RETARGET_ReadChar
 .text.initGpio
                0x00000d90       0x40 ./Platforms/hal/rsi_hal_mcu_platform_init.o
                0x00000d90                initGpio
 .text.initUsart0
                0x00000dd0       0x88 ./Platforms/hal/rsi_hal_mcu_platform_init.o
                0x00000dd0                initUsart0
 .text.initLdma
                0x00000e58       0x20 ./Platforms/hal/rsi_hal_mcu_platform_init.o
                0x00000e58                initLdma
 .text.LDMA_IRQHandler
                0x00000e78       0x48 ./Platforms/hal/rsi_hal_mcu_platform_init.o
                0x00000e78                LDMA_IRQHandler
 .text.swo_setup
                0x00000ec0       0xd0 ./Platforms/hal/rsi_hal_mcu_platform_init.o
 .text.rsi_hal_board_init
                0x00000f90       0x5c ./Platforms/hal/rsi_hal_mcu_platform_init.o
                0x00000f90                rsi_hal_board_init
 .text.rsi_switch_to_high_clk_freq
                0x00000fec        0xe ./Platforms/hal/rsi_hal_mcu_platform_init.o
                0x00000fec                rsi_switch_to_high_clk_freq
 *fill*         0x00000ffa        0x2 
 .text.rsi_spi_transfer
                0x00000ffc      0x134 ./Platforms/hal/rsi_hal_mcu_spi.o
                0x00000ffc                rsi_spi_transfer
 .text.rsi_timer_start
                0x00001130       0x22 ./Platforms/hal/rsi_hal_mcu_timer.o
                0x00001130                rsi_timer_start
 .text.rsi_delay_ms
                0x00001152       0x30 ./Platforms/hal/rsi_hal_mcu_timer.o
                0x00001152                rsi_delay_ms
 *fill*         0x00001182        0x2 
 .text.SysTick_Handler
                0x00001184       0x1c ./Platforms/hal/rsi_hal_mcu_timer.o
                0x00001184                SysTick_Handler
 .text.rsi_hal_gettickcount
                0x000011a0       0x18 ./Platforms/hal/rsi_hal_mcu_timer.o
                0x000011a0                rsi_hal_gettickcount
 .text.rsi_common_get_status
                0x000011b8       0x1c ./Sapis/common/rsi_common_apis.o
                0x000011b8                rsi_common_get_status
 .text.rsi_common_set_status
                0x000011d4       0x24 ./Sapis/common/rsi_common_apis.o
                0x000011d4                rsi_common_set_status
 .text.rsi_driver_init
                0x000011f8      0x1f0 ./Sapis/common/rsi_common_apis.o
                0x000011f8                rsi_driver_init
 .text.rsi_wireless_init
                0x000013e8      0x1a8 ./Sapis/common/rsi_common_apis.o
                0x000013e8                rsi_wireless_init
 .text.rsi_get_fw_version
                0x00001590       0xcc ./Sapis/common/rsi_common_apis.o
                0x00001590                rsi_get_fw_version
 .text.rsi_wireless_driver_task
                0x0000165c       0x18 ./Sapis/common/rsi_common_apis.o
                0x0000165c                rsi_wireless_driver_task
 .text.rsi_driver_deinit
                0x00001674      0x1dc ./Sapis/common/rsi_common_apis.o
                0x00001674                rsi_driver_deinit
 .text.rsi_driver_memory_estimate
                0x00001850       0x20 ./Sapis/common/rsi_common_apis.o
                0x00001850                rsi_driver_memory_estimate
 .text.rsi_device_init
                0x00001870       0xf0 ./Sapis/common/rsi_device_init_apis.o
                0x00001870                rsi_device_init
 .text.rsi_frame_read
                0x00001960       0x6e ./Sapis/driver/intf/spi/rsi_spi_frame_rd_wr.o
                0x00001960                rsi_frame_read
 .text.rsi_frame_write
                0x000019ce       0x62 ./Sapis/driver/intf/spi/rsi_spi_frame_rd_wr.o
                0x000019ce                rsi_frame_write
 .text.rsi_pre_dsc_rd
                0x00001a30       0x9c ./Sapis/driver/intf/spi/rsi_spi_frame_rd_wr.o
                0x00001a30                rsi_pre_dsc_rd
 .text.rsi_pkt_rd
                0x00001acc       0xe8 ./Sapis/driver/intf/spi/rsi_spi_frame_rd_wr.o
                0x00001acc                rsi_pkt_rd
 .text.rsi_spi_frame_dsc_wr
                0x00001bb4       0x80 ./Sapis/driver/intf/spi/rsi_spi_frame_rd_wr.o
                0x00001bb4                rsi_spi_frame_dsc_wr
 .text.rsi_spi_frame_data_wr
                0x00001c34       0xb8 ./Sapis/driver/intf/spi/rsi_spi_frame_rd_wr.o
                0x00001c34                rsi_spi_frame_data_wr
 .text.rsi_send_c1c2
                0x00001cec       0x90 ./Sapis/driver/intf/spi/rsi_spi_functs.o
                0x00001cec                rsi_send_c1c2
 .text.rsi_send_c3c4
                0x00001d7c       0x44 ./Sapis/driver/intf/spi/rsi_spi_functs.o
                0x00001d7c                rsi_send_c3c4
 .text.rsi_spi_wait_start_token
                0x00001dc0       0x5c ./Sapis/driver/intf/spi/rsi_spi_functs.o
                0x00001dc0                rsi_spi_wait_start_token
 .text.rsi_set_intr_type
                0x00001e1c       0x70 ./Sapis/driver/intf/spi/rsi_spi_functs.o
                0x00001e1c                rsi_set_intr_type
 .text.rsi_device_interrupt_status
                0x00001e8c       0x58 ./Sapis/driver/intf/spi/rsi_spi_functs.o
                0x00001e8c                rsi_device_interrupt_status
 .text.rsi_spi_high_speed_enable
                0x00001ee4       0x24 ./Sapis/driver/intf/spi/rsi_spi_functs.o
                0x00001ee4                rsi_spi_high_speed_enable
 .text.rsi_spi_iface_init
                0x00001f08       0x78 ./Sapis/driver/intf/spi/rsi_spi_iface_init.o
                0x00001f08                rsi_spi_iface_init
 .text.rsi_ulp_wakeup_init
                0x00001f80       0x50 ./Sapis/driver/intf/spi/rsi_spi_iface_init.o
                0x00001f80                rsi_ulp_wakeup_init
 .text.rsi_mem_wr
                0x00001fd0       0xc6 ./Sapis/driver/intf/spi/rsi_spi_mem_rd_wr.o
                0x00001fd0                rsi_mem_wr
 *fill*         0x00002096        0x2 
 .text.rsi_mem_rd
                0x00002098       0xf8 ./Sapis/driver/intf/spi/rsi_spi_mem_rd_wr.o
                0x00002098                rsi_mem_rd
 .text.rsi_reg_rd
                0x00002190       0x74 ./Sapis/driver/intf/spi/rsi_spi_reg_rd_wr.o
                0x00002190                rsi_reg_rd
 .text.rsi_reg_wr
                0x00002204       0x66 ./Sapis/driver/intf/spi/rsi_spi_reg_rd_wr.o
                0x00002204                rsi_reg_wr
 *fill*         0x0000226a        0x2 
 .text.rsi_common_cb_init
                0x0000226c       0xbc ./Sapis/driver/rsi_common.o
                0x0000226c                rsi_common_cb_init
 .text.rsi_driver_common_send_cmd
                0x00002328      0x1e4 ./Sapis/driver/rsi_common.o
                0x00002328                rsi_driver_common_send_cmd
 .text.rsi_driver_process_common_recv_cmd
                0x0000250c      0x404 ./Sapis/driver/rsi_common.o
                0x0000250c                rsi_driver_process_common_recv_cmd
 .text.rsi_handle_slp_wkp
                0x00002910      0x110 ./Sapis/driver/rsi_common.o
                0x00002910                rsi_handle_slp_wkp
 .text.rsi_allow_sleep
                0x00002a20        0xe ./Sapis/driver/rsi_common.o
                0x00002a20                rsi_allow_sleep
 .text.rsi_powersave_gpio_init
                0x00002a2e       0x28 ./Sapis/driver/rsi_common.o
                0x00002a2e                rsi_powersave_gpio_init
 .text.rsi_common_packet_transfer_done
                0x00002a56       0x16 ./Sapis/driver/rsi_common.o
                0x00002a56                rsi_common_packet_transfer_done
 .text.rsi_wait_on_common_semaphore
                0x00002a6c       0x30 ./Sapis/driver/rsi_common.o
                0x00002a6c                rsi_wait_on_common_semaphore
 .text.rsi_check_and_update_cmd_state
                0x00002a9c       0xf4 ./Sapis/driver/rsi_common.o
                0x00002a9c                rsi_check_and_update_cmd_state
 .text.rsi_bl_module_power_cycle
                0x00002b90       0x26 ./Sapis/driver/rsi_device_init.o
                0x00002b90                rsi_bl_module_power_cycle
 *fill*         0x00002bb6        0x2 
 .text.rsi_bl_waitfor_boardready
                0x00002bb8       0x88 ./Sapis/driver/rsi_device_init.o
                0x00002bb8                rsi_bl_waitfor_boardready
 .text.rsi_bl_select_option
                0x00002c40      0x184 ./Sapis/driver/rsi_device_init.o
                0x00002c40                rsi_bl_select_option
 .text.rsi_bootloader_instructions
                0x00002dc4      0x1ec ./Sapis/driver/rsi_device_init.o
                0x00002dc4                rsi_bootloader_instructions
 .text.rsi_interrupt_handler
                0x00002fb0       0x12 ./Sapis/driver/rsi_driver.o
                0x00002fb0                rsi_interrupt_handler
 *fill*         0x00002fc2        0x2 
 .text.rsi_tx_event_handler
                0x00002fc4      0x234 ./Sapis/driver/rsi_driver_event_handlers.o
                0x00002fc4                rsi_tx_event_handler
 .text.rsi_rx_event_handler
                0x000031f8      0x37c ./Sapis/driver/rsi_driver_event_handlers.o
                0x000031f8                rsi_rx_event_handler
 .text.rsi_set_event
                0x00003574       0x28 ./Sapis/driver/rsi_events.o
                0x00003574                rsi_set_event
 .text.rsi_clear_event
                0x0000359c       0x28 ./Sapis/driver/rsi_events.o
                0x0000359c                rsi_clear_event
 .text.rsi_mask_event
                0x000035c4       0x28 ./Sapis/driver/rsi_events.o
                0x000035c4                rsi_mask_event
 .text.rsi_unmask_event
                0x000035ec       0x28 ./Sapis/driver/rsi_events.o
                0x000035ec                rsi_unmask_event
 .text.rsi_register_event
                0x00003614       0x2c ./Sapis/driver/rsi_events.o
                0x00003614                rsi_register_event
 .text.rsi_events_init
                0x00003640       0x2c ./Sapis/driver/rsi_events.o
                0x00003640                rsi_events_init
 .text.rsi_driver_send_data
                0x0000366c       0x24 ./Sapis/driver/rsi_nwk.o
                0x0000366c                rsi_driver_send_data
 .text.rsi_driver_process_recv_data
                0x00003690       0x18 ./Sapis/driver/rsi_nwk.o
                0x00003690                rsi_driver_process_recv_data
 .text.rsi_wlan_nwk_register_wireless_fw_upgrade_cb
                0x000036a8       0x30 ./Sapis/driver/rsi_nwk.o
                0x000036a8                rsi_wlan_nwk_register_wireless_fw_upgrade_cb
 .text.rsi_wait_on_nwk_semaphore
                0x000036d8       0x30 ./Sapis/driver/rsi_nwk.o
                0x000036d8                rsi_wait_on_nwk_semaphore
 .text.rsi_wlan_get_nwk_status
                0x00003708       0x18 ./Sapis/driver/rsi_nwk.o
                0x00003708                rsi_wlan_get_nwk_status
 .text.rsi_wlan_set_nwk_status
                0x00003720       0x24 ./Sapis/driver/rsi_nwk.o
                0x00003720                rsi_wlan_set_nwk_status
 .text.rsi_driver_send_data_non_rom
                0x00003744      0x2a8 ./Sapis/driver/rsi_nwk.o
                0x00003744                rsi_driver_send_data_non_rom
 .text.rsi_driver_process_recv_data_non_rom
                0x000039ec      0x258 ./Sapis/driver/rsi_nwk.o
                0x000039ec                rsi_driver_process_recv_data_non_rom
 .text.rsi_post_waiting_nwk_semaphore
                0x00003c44       0x50 ./Sapis/driver/rsi_nwk.o
                0x00003c44                rsi_post_waiting_nwk_semaphore
 .text.rsi_critical_section_entry
                0x00003c94       0x18 ./Sapis/driver/rsi_os_none.o
                0x00003c94                rsi_critical_section_entry
 .text.rsi_critical_section_exit
                0x00003cac       0x14 ./Sapis/driver/rsi_os_none.o
                0x00003cac                rsi_critical_section_exit
 .text.rsi_mutex_create
                0x00003cc0       0x1c ./Sapis/driver/rsi_os_none.o
                0x00003cc0                rsi_mutex_create
 .text.rsi_mutex_lock
                0x00003cdc       0x26 ./Sapis/driver/rsi_os_none.o
                0x00003cdc                rsi_mutex_lock
 .text.rsi_mutex_unlock
                0x00003d02       0x1c ./Sapis/driver/rsi_os_none.o
                0x00003d02                rsi_mutex_unlock
 .text.rsi_mutex_destroy
                0x00003d1e       0x16 ./Sapis/driver/rsi_os_none.o
                0x00003d1e                rsi_mutex_destroy
 .text.rsi_semaphore_create
                0x00003d34       0x1e ./Sapis/driver/rsi_os_none.o
                0x00003d34                rsi_semaphore_create
 .text.rsi_semaphore_destroy
                0x00003d52       0x1c ./Sapis/driver/rsi_os_none.o
                0x00003d52                rsi_semaphore_destroy
 *fill*         0x00003d6e        0x2 
 .text.rsi_semaphore_wait
                0x00003d70       0xbc ./Sapis/driver/rsi_os_none.o
                0x00003d70                rsi_semaphore_wait
 .text.rsi_semaphore_post_from_isr
                0x00003e2c       0x24 ./Sapis/driver/rsi_os_none.o
                0x00003e2c                rsi_semaphore_post_from_isr
 .text.rsi_semaphore_post
                0x00003e50       0x24 ./Sapis/driver/rsi_os_none.o
                0x00003e50                rsi_semaphore_post
 .text.rsi_pkt_pool_init
                0x00003e74       0x38 ./Sapis/driver/rsi_pkt_mgmt.o
                0x00003e74                rsi_pkt_pool_init
 .text.rsi_pkt_alloc
                0x00003eac       0x2c ./Sapis/driver/rsi_pkt_mgmt.o
                0x00003eac                rsi_pkt_alloc
 .text.rsi_pkt_free
                0x00003ed8       0x2c ./Sapis/driver/rsi_pkt_mgmt.o
                0x00003ed8                rsi_pkt_free
 .text.rsi_queues_init
                0x00003f04       0x28 ./Sapis/driver/rsi_queue.o
                0x00003f04                rsi_queues_init
 .text.rsi_enqueue_pkt
                0x00003f2c       0x2c ./Sapis/driver/rsi_queue.o
                0x00003f2c                rsi_enqueue_pkt
 .text.rsi_dequeue_pkt
                0x00003f58       0x2c ./Sapis/driver/rsi_queue.o
                0x00003f58                rsi_dequeue_pkt
 .text.rsi_check_queue_status
                0x00003f84       0x2c ./Sapis/driver/rsi_queue.o
                0x00003f84                rsi_check_queue_status
 .text.rsi_block_queue
                0x00003fb0       0x28 ./Sapis/driver/rsi_queue.o
                0x00003fb0                rsi_block_queue
 .text.rsi_unblock_queue
                0x00003fd8       0x28 ./Sapis/driver/rsi_queue.o
                0x00003fd8                rsi_unblock_queue
 .text.rsi_scheduler_init
                0x00004000       0x28 ./Sapis/driver/rsi_scheduler.o
                0x00004000                rsi_scheduler_init
 .text.rsi_scheduler
                0x00004028       0x28 ./Sapis/driver/rsi_scheduler.o
                0x00004028                rsi_scheduler
 .text.rsi_timer_expiry_interrupt_handler
                0x00004050       0x1c ./Sapis/driver/rsi_timer.o
                0x00004050                rsi_timer_expiry_interrupt_handler
 .text.rsi_timer_read_counter
                0x0000406c        0xe ./Sapis/driver/rsi_timer.o
                0x0000406c                rsi_timer_read_counter
 .text.rsi_init_timer
                0x0000407a       0x20 ./Sapis/driver/rsi_timer.o
                0x0000407a                rsi_init_timer
 .text.rsi_timer_expired
                0x0000409a       0x2a ./Sapis/driver/rsi_timer.o
                0x0000409a                rsi_timer_expired
 .text.rsi_uint16_to_2bytes
                0x000040c4       0x2c ./Sapis/driver/rsi_utils.o
                0x000040c4                rsi_uint16_to_2bytes
 .text.rsi_uint32_to_4bytes
                0x000040f0       0x2c ./Sapis/driver/rsi_utils.o
                0x000040f0                rsi_uint32_to_4bytes
 .text.rsi_bytes2R_to_uint16
                0x0000411c       0x2c ./Sapis/driver/rsi_utils.o
                0x0000411c                rsi_bytes2R_to_uint16
 .text.rsi_bytes4R_to_uint32
                0x00004148       0x2c ./Sapis/driver/rsi_utils.o
                0x00004148                rsi_bytes4R_to_uint32
 .text.lmac_crc8_c
                0x00004174      0x326 ./Sapis/driver/rsi_utils.o
                0x00004174                lmac_crc8_c
 .text.multicast_mac_hash
                0x0000449a       0x4a ./Sapis/driver/rsi_utils.o
                0x0000449a                multicast_mac_hash
 .text.rsi_wlan_cb_init
                0x000044e4      0x120 ./Sapis/driver/rsi_wlan.o
                0x000044e4                rsi_wlan_cb_init
 .text.rsi_driver_wlan_send_cmd
                0x00004604      0xb34 ./Sapis/driver/rsi_wlan.o
                0x00004604                rsi_driver_wlan_send_cmd
 .text.rsi_extract_filename
                0x00005138       0x58 ./Sapis/driver/rsi_wlan.o
                0x00005138                rsi_extract_filename
 .text.rsi_driver_process_wlan_recv_cmd
                0x00005190     0x2468 ./Sapis/driver/rsi_wlan.o
                0x00005190                rsi_driver_process_wlan_recv_cmd
 .text.rsi_wlan_radio_init
                0x000075f8      0x1b0 ./Sapis/driver/rsi_wlan.o
                0x000075f8                rsi_wlan_radio_init
 .text.rsi_wlan_set_status
                0x000077a8       0x24 ./Sapis/driver/rsi_wlan.o
                0x000077a8                rsi_wlan_set_status
 .text.rsi_post_waiting_semaphore
                0x000077cc       0xbc ./Sapis/driver/rsi_wlan.o
                0x000077cc                rsi_post_waiting_semaphore
 .text.rsi_wlan_check_waiting_wlan_cmd
                0x00007888       0x5c ./Sapis/driver/rsi_wlan.o
                0x00007888                rsi_wlan_check_waiting_wlan_cmd
 .text.rsi_wlan_packet_transfer_done
                0x000078e4       0xd4 ./Sapis/driver/rsi_wlan.o
                0x000078e4                rsi_wlan_packet_transfer_done
 .text.rsi_wait_on_wlan_semaphore
                0x000079b8       0x30 ./Sapis/driver/rsi_wlan.o
                0x000079b8                rsi_wait_on_wlan_semaphore
 .text.rsi_req_wireless_fwup
                0x000079e8       0xb4 ./Sapis/nwk/applications/http_server/rsi_http_server.o
                0x000079e8                rsi_req_wireless_fwup
 .text.rsi_set_fd
                0x00007a9c       0x38 ./Sapis/nwk/socket/rsi_socket.o
                0x00007a9c                rsi_set_fd
 .text.rsi_sendto_async
                0x00007ad4       0x30 ./Sapis/nwk/socket/rsi_socket.o
                0x00007ad4                rsi_sendto_async
 .text.rsi_reset_per_socket_info
                0x00007b04       0x64 ./Sapis/nwk/socket/rsi_socket.o
                0x00007b04                rsi_reset_per_socket_info
 .text.rsi_chunk_data_tx_done_cb
                0x00007b68      0x1d8 ./Sapis/nwk/socket/rsi_socket.o
                0x00007b68                rsi_chunk_data_tx_done_cb
 .text.rsi_find_socket_data_pending
                0x00007d40       0x3c ./Sapis/nwk/socket/rsi_socket.o
                0x00007d40                rsi_find_socket_data_pending
 .text.rsi_socket_event_handler
                0x00007d7c       0x40 ./Sapis/nwk/socket/rsi_socket.o
                0x00007d7c                rsi_socket_event_handler
 .text.rsi_send_async
                0x00007dbc       0x28 ./Sapis/nwk/socket/rsi_socket.o
                0x00007dbc                rsi_send_async
 .text.rsi_get_application_socket_descriptor
                0x00007de4       0x18 ./Sapis/nwk/socket/rsi_socket.o
                0x00007de4                rsi_get_application_socket_descriptor
 .text.rsi_clear_sockets
                0x00007dfc       0x16 ./Sapis/nwk/socket/rsi_socket.o
                0x00007dfc                rsi_clear_sockets
 *fill*         0x00007e12        0x2 
 .text.calculate_buffers_required
                0x00007e14       0x34 ./Sapis/nwk/socket/rsi_socket.o
                0x00007e14                calculate_buffers_required
 .text.rsi_get_app_socket_descriptor
                0x00007e48       0xa4 ./Sapis/nwk/socket/rsi_socket.o
                0x00007e48                rsi_get_app_socket_descriptor
 .text.rsi_get_socket_id
                0x00007eec       0x90 ./Sapis/nwk/socket/rsi_socket.o
                0x00007eec                rsi_get_socket_id
 .text.rsi_get_primary_socket_id
                0x00007f7c       0x88 ./Sapis/nwk/socket/rsi_socket.o
                0x00007f7c                rsi_get_primary_socket_id
 .text.rsi_socket_create_async
                0x00008004      0x54c ./Sapis/nwk/socket/rsi_socket.o
                0x00008004                rsi_socket_create_async
 .text.rsi_get_socket_descriptor
                0x00008550      0x2ec ./Sapis/nwk/socket/rsi_socket.o
                0x00008550                rsi_get_socket_descriptor
 .text.rsi_wait_on_socket_semaphore
                0x0000883c       0x28 ./Sapis/nwk/socket/rsi_socket.o
                0x0000883c                rsi_wait_on_socket_semaphore
 .text.rsi_application_socket_descriptor
                0x00008864       0x88 ./Sapis/nwk/socket/rsi_socket.o
                0x00008864                rsi_application_socket_descriptor
 .text.rsi_wlan_socket_get_status
                0x000088ec       0x2c ./Sapis/nwk/socket/rsi_socket.o
                0x000088ec                rsi_wlan_socket_get_status
 .text.rsi_wlan_socket_set_status
                0x00008918       0x30 ./Sapis/nwk/socket/rsi_socket.o
                0x00008918                rsi_wlan_socket_set_status
 .text.rsi_select_set_status
                0x00008948       0x30 ./Sapis/nwk/socket/rsi_socket.o
                0x00008948                rsi_select_set_status
 .text.rsi_send_async_non_rom
                0x00008978       0xf0 ./Sapis/nwk/socket/rsi_socket.o
                0x00008978                rsi_send_async_non_rom
 .text.rsi_sendto_async_non_rom
                0x00008a68      0x3f0 ./Sapis/nwk/socket/rsi_socket.o
                0x00008a68                rsi_sendto_async_non_rom
 .text.rsi_clear_sockets_non_rom
                0x00008e58      0x1f0 ./Sapis/nwk/socket/rsi_socket.o
                0x00008e58                rsi_clear_sockets_non_rom
 .text.rsi_post_waiting_socket_semaphore
                0x00009048       0xf4 ./Sapis/nwk/socket/rsi_socket.o
                0x00009048                rsi_post_waiting_socket_semaphore
 .text.rom_init
                0x0000913c      0x130 ./Sapis/rom/rsi_apis_non_rom.o
                0x0000913c                rom_init
 .text.ROM_WL_rsi_set_event
                0x0000926c       0x3c ./Sapis/rom/rsi_events_rom.o
                0x0000926c                ROM_WL_rsi_set_event
 .text.ROM_WL_rsi_set_event_from_isr
                0x000092a8       0x48 ./Sapis/rom/rsi_events_rom.o
                0x000092a8                ROM_WL_rsi_set_event_from_isr
 .text.ROM_WL_rsi_clear_event
                0x000092f0       0x36 ./Sapis/rom/rsi_events_rom.o
                0x000092f0                ROM_WL_rsi_clear_event
 .text.ROM_WL_rsi_mask_event
                0x00009326       0x36 ./Sapis/rom/rsi_events_rom.o
                0x00009326                ROM_WL_rsi_mask_event
 .text.ROM_WL_rsi_unmask_event_from_isr
                0x0000935c       0x48 ./Sapis/rom/rsi_events_rom.o
                0x0000935c                ROM_WL_rsi_unmask_event_from_isr
 .text.ROM_WL_rsi_unmask_event
                0x000093a4       0x3a ./Sapis/rom/rsi_events_rom.o
                0x000093a4                ROM_WL_rsi_unmask_event
 .text.ROM_WL_rsi_find_event
                0x000093de       0x42 ./Sapis/rom/rsi_events_rom.o
                0x000093de                ROM_WL_rsi_find_event
 .text.ROM_WL_rsi_register_event
                0x00009420       0x4c ./Sapis/rom/rsi_events_rom.o
                0x00009420                ROM_WL_rsi_register_event
 .text.ROM_WL_rsi_pkt_pool_init
                0x0000946c       0xcc ./Sapis/rom/rsi_pkt_mgmt_rom.o
                0x0000946c                ROM_WL_rsi_pkt_pool_init
 .text.ROM_WL_rsi_pkt_alloc
                0x00009538       0x74 ./Sapis/rom/rsi_pkt_mgmt_rom.o
                0x00009538                ROM_WL_rsi_pkt_alloc
 .text.ROM_WL_rsi_pkt_free
                0x000095ac       0x60 ./Sapis/rom/rsi_pkt_mgmt_rom.o
                0x000095ac                ROM_WL_rsi_pkt_free
 .text.ROM_WL_rsi_is_pkt_available
                0x0000960c       0x2a ./Sapis/rom/rsi_pkt_mgmt_rom.o
                0x0000960c                ROM_WL_rsi_is_pkt_available
 .text.ROM_WL_rsi_queues_init
                0x00009636       0x34 ./Sapis/rom/rsi_queue_rom.o
                0x00009636                ROM_WL_rsi_queues_init
 .text.ROM_WL_rsi_enqueue_pkt_from_isr
                0x0000966a       0x4e ./Sapis/rom/rsi_queue_rom.o
                0x0000966a                ROM_WL_rsi_enqueue_pkt_from_isr
 .text.ROM_WL_rsi_enqueue_pkt
                0x000096b8       0x5e ./Sapis/rom/rsi_queue_rom.o
                0x000096b8                ROM_WL_rsi_enqueue_pkt
 .text.ROM_WL_rsi_dequeue_pkt
                0x00009716       0x74 ./Sapis/rom/rsi_queue_rom.o
                0x00009716                ROM_WL_rsi_dequeue_pkt
 .text.ROM_WL_rsi_check_queue_status
                0x0000978a       0x4a ./Sapis/rom/rsi_queue_rom.o
                0x0000978a                ROM_WL_rsi_check_queue_status
 .text.ROM_WL_rsi_block_queue
                0x000097d4       0x2c ./Sapis/rom/rsi_queue_rom.o
                0x000097d4                ROM_WL_rsi_block_queue
 .text.ROM_WL_rsi_unblock_queue
                0x00009800       0x2c ./Sapis/rom/rsi_queue_rom.o
                0x00009800                ROM_WL_rsi_unblock_queue
 .text.ROM_WL_rsi_scheduler_init
                0x0000982c       0x36 ./Sapis/rom/rsi_scheduler_rom.o
                0x0000982c                ROM_WL_rsi_scheduler_init
 .text.ROM_WL_rsi_get_event
                0x00009862       0x2c ./Sapis/rom/rsi_scheduler_rom.o
                0x00009862                ROM_WL_rsi_get_event
 .text.ROM_WL_rsi_scheduler
                0x0000988e       0x8a ./Sapis/rom/rsi_scheduler_rom.o
                0x0000988e                ROM_WL_rsi_scheduler
 .text.ROM_WL_rsi_get_application_socket_descriptor
                0x00009918       0x66 ./Sapis/rom/rsi_socket_rom.o
                0x00009918                ROM_WL_rsi_get_application_socket_descriptor
 .text.ROM_WL_calculate_buffers_required
                0x0000997e       0x8a ./Sapis/rom/rsi_socket_rom.o
                0x0000997e                ROM_WL_calculate_buffers_required
 .text.ROM_WL_calculate_length_to_send
                0x00009a08       0x72 ./Sapis/rom/rsi_socket_rom.o
                0x00009a08                ROM_WL_calculate_length_to_send
 .text.ROM_WL_rsi_uint16_to_2bytes
                0x00009a7a       0x50 ./Sapis/rom/rsi_utils_rom.o
                0x00009a7a                ROM_WL_rsi_uint16_to_2bytes
 .text.ROM_WL_rsi_uint32_to_4bytes
                0x00009aca       0x7a ./Sapis/rom/rsi_utils_rom.o
                0x00009aca                ROM_WL_rsi_uint32_to_4bytes
 .text.ROM_WL_rsi_bytes2R_to_uint16
                0x00009b44       0x56 ./Sapis/rom/rsi_utils_rom.o
                0x00009b44                ROM_WL_rsi_bytes2R_to_uint16
 .text.ROM_WL_rsi_bytes4R_to_uint32
                0x00009b9a       0xa6 ./Sapis/rom/rsi_utils_rom.o
                0x00009b9a                ROM_WL_rsi_bytes4R_to_uint32
 .text.rsi_config_ipaddress
                0x00009c40      0x1a4 ./Sapis/wlan/rsi_wlan_apis.o
                0x00009c40                rsi_config_ipaddress
 .text.rsi_wlan_get_status
                0x00009de4       0x1c ./Sapis/wlan/rsi_wlan_apis.o
                0x00009de4                rsi_wlan_get_status
 .text.rsi_wlan_get
                0x00009e00      0x3ec ./Sapis/wlan/rsi_wlan_apis.o
                0x00009e00                rsi_wlan_get
 .text.rsi_wlan_ap_start
                0x0000a1ec      0x32c ./Sapis/wlan/rsi_wlan_apis.o
                0x0000a1ec                rsi_wlan_ap_start
 .text.rsi_wlan_req_radio
                0x0000a518       0xcc ./Sapis/wlan/rsi_wlan_apis.o
                0x0000a518                rsi_wlan_req_radio
 .text._close   0x0000a5e4       0x16 ./debug_prints/retargetio.o
                0x0000a5e4                _close
 .text._exit    0x0000a5fa        0xa ./debug_prints/retargetio.o
                0x0000a5fa                _exit
 .text._fstat   0x0000a604       0x20 ./debug_prints/retargetio.o
                0x0000a604                _fstat
 .text._isatty  0x0000a624       0x16 ./debug_prints/retargetio.o
                0x0000a624                _isatty
 .text._lseek   0x0000a63a       0x1a ./debug_prints/retargetio.o
                0x0000a63a                _lseek
 .text._read    0x0000a654       0x56 ./debug_prints/retargetio.o
                0x0000a654                _read
 *fill*         0x0000a6aa        0x2 
 .text._sbrk    0x0000a6ac       0x40 ./debug_prints/retargetio.o
                0x0000a6ac                _sbrk
 .text._write   0x0000a6ec       0x38 ./debug_prints/retargetio.o
                0x0000a6ec                _write
 .text.SystemCoreClockGet
                0x0000a724        0xe ./emlib/em_cmu.o
 *fill*         0x0000a732        0x2 
 .text.CMU_ClockFreqGet
                0x0000a734      0x198 ./emlib/em_cmu.o
                0x0000a734                CMU_ClockFreqGet
 .text.traceClkGet
                0x0000a8cc       0x64 ./emlib/em_cmu.o
 .text.wdog1ClkGet
                0x0000a930       0x94 ./emlib/em_cmu.o
 .text.CMU_ClockDivGet
                0x0000a9c4       0x9c ./emlib/em_cmu.o
                0x0000a9c4                CMU_ClockDivGet
 .text.CMU_ClockDivSet
                0x0000aa60       0xf0 ./emlib/em_cmu.o
                0x0000aa60                CMU_ClockDivSet
 .text.CMU_ClockSelectSet
                0x0000ab50      0x3ec ./emlib/em_cmu.o
                0x0000ab50                CMU_ClockSelectSet
 .text.CMU_UpdateWaitStates
                0x0000af3c       0x2a ./emlib/em_cmu.o
                0x0000af3c                CMU_UpdateWaitStates
 *fill*         0x0000af66        0x2 
 .text.dpllRefClkGet
                0x0000af68       0x88 ./emlib/em_cmu.o
 .text.em01GrpaClkGet
                0x0000aff0       0x90 ./emlib/em_cmu.o
 .text.em23GrpaClkGet
                0x0000b080       0x74 ./emlib/em_cmu.o
 .text.em4GrpaClkGet
                0x0000b0f4       0x74 ./emlib/em_cmu.o
 .text.flashWaitStateControl
                0x0000b168       0x94 ./emlib/em_cmu.o
 .text.iadcClkGet
                0x0000b1fc       0x7c ./emlib/em_cmu.o
 .text.pclkDivMax
                0x0000b278       0x10 ./emlib/em_cmu.o
 .text.pclkDivOptimize
                0x0000b288       0x30 ./emlib/em_cmu.o
 .text.rtccClkGet
                0x0000b2b8       0x74 ./emlib/em_cmu.o
 .text.waitStateMax
                0x0000b32c       0x16 ./emlib/em_cmu.o
 *fill*         0x0000b342        0x2 
 .text.wdog0ClkGet
                0x0000b344       0x94 ./emlib/em_cmu.o
 .text.CORE_EnterCritical
                0x0000b3d8       0x20 ./emlib/em_core.o
                0x0000b3d8                CORE_EnterCritical
 .text.CORE_ExitCritical
                0x0000b3f8       0x1c ./emlib/em_core.o
                0x0000b3f8                CORE_ExitCritical
 .text.CORE_EnterAtomic
                0x0000b414       0x20 ./emlib/em_core.o
                0x0000b414                CORE_EnterAtomic
 .text.CORE_ExitAtomic
                0x0000b434       0x1c ./emlib/em_core.o
                0x0000b434                CORE_ExitAtomic
 .text.BUS_RegBitWrite
                0x0000b450       0x3a ./emlib/em_gpio.o
 .text.BUS_RegMaskedWrite
                0x0000b48a       0x36 ./emlib/em_gpio.o
 .text.GPIO_IntClear
                0x0000b4c0       0x24 ./emlib/em_gpio.o
 .text.GPIO_PinOutClear
                0x0000b4e4       0x54 ./emlib/em_gpio.o
 .text.GPIO_PinOutSet
                0x0000b538       0x54 ./emlib/em_gpio.o
 .text.GPIO_ExtIntConfig
                0x0000b58c       0xc0 ./emlib/em_gpio.o
                0x0000b58c                GPIO_ExtIntConfig
 .text.GPIO_PinModeSet
                0x0000b64c      0x10c ./emlib/em_gpio.o
                0x0000b64c                GPIO_PinModeSet
 .text.GPIO_PinModeGet
                0x0000b758       0x84 ./emlib/em_gpio.o
                0x0000b758                GPIO_PinModeGet
 .text.__NVIC_EnableIRQ
                0x0000b7dc       0x3c ./emlib/em_ldma.o
 .text.__NVIC_ClearPendingIRQ
                0x0000b818       0x3c ./emlib/em_ldma.o
 .text.__NVIC_SetPriority
                0x0000b854       0x54 ./emlib/em_ldma.o
 .text.BUS_RegMaskedClear
                0x0000b8a8       0x24 ./emlib/em_ldma.o
 .text.LDMA_Init
                0x0000b8cc       0x78 ./emlib/em_ldma.o
                0x0000b8cc                LDMA_Init
 .text.LDMA_StartTransfer
                0x0000b944      0x124 ./emlib/em_ldma.o
                0x0000b944                LDMA_StartTransfer
 .text.SYSTEM_ChipRevisionGet
                0x0000ba68       0x48 ./emlib/em_system.o
                0x0000ba68                SYSTEM_ChipRevisionGet
 .text.prsRxInput
                0x0000bab0       0x68 ./emlib/em_usart.o
 .text.USART_BaudrateSyncSet
                0x0000bb18       0x3c ./emlib/em_usart.o
                0x0000bb18                USART_BaudrateSyncSet
 .text.USART_InitSync
                0x0000bb54      0x100 ./emlib/em_usart.o
                0x0000bb54                USART_InitSync
 .text.USART_Reset
                0x0000bc54       0xd0 ./emlib/em_usart.o
                0x0000bc54                USART_Reset
 .text.exit     0x0000bd24       0x28 c:/siliconlabs/simplicitystudio/v5_3/developer/toolchains/gnu_arm/7.2_2017q4/bin/../lib/gcc/arm-none-eabi/7.2.1/../../../../arm-none-eabi/lib/thumb/v8-m.main/fpv5-sp/softfp\libc_nano.a(lib_a-exit.o)
                0x0000bd24                exit
 .text.__libc_init_array
                0x0000bd4c       0x48 c:/siliconlabs/simplicitystudio/v5_3/developer/toolchains/gnu_arm/7.2_2017q4/bin/../lib/gcc/arm-none-eabi/7.2.1/../../../../arm-none-eabi/lib/thumb/v8-m.main/fpv5-sp/softfp\libc_nano.a(lib_a-init.o)
                0x0000bd4c                __libc_init_array
 .text.memcmp   0x0000bd94       0x1e c:/siliconlabs/simplicitystudio/v5_3/developer/toolchains/gnu_arm/7.2_2017q4/bin/../lib/gcc/arm-none-eabi/7.2.1/../../../../arm-none-eabi/lib/thumb/v8-m.main/fpv5-sp/softfp\libc_nano.a(lib_a-memcmp.o)
                0x0000bd94                memcmp
 .text.memcpy   0x0000bdb2       0x16 c:/siliconlabs/simplicitystudio/v5_3/developer/toolchains/gnu_arm/7.2_2017q4/bin/../lib/gcc/arm-none-eabi/7.2.1/../../../../arm-none-eabi/lib/thumb/v8-m.main/fpv5-sp/softfp\libc_nano.a(lib_a-memcpy-stub.o)
                0x0000bdb2                memcpy
 .text.memset   0x0000bdc8       0x10 c:/siliconlabs/simplicitystudio/v5_3/developer/toolchains/gnu_arm/7.2_2017q4/bin/../lib/gcc/arm-none-eabi/7.2.1/../../../../arm-none-eabi/lib/thumb/v8-m.main/fpv5-sp/softfp\libc_nano.a(lib_a-memset.o)
                0x0000bdc8                memset
 .text.printf   0x0000bdd8       0x30 c:/siliconlabs/simplicitystudio/v5_3/developer/toolchains/gnu_arm/7.2_2017q4/bin/../lib/gcc/arm-none-eabi/7.2.1/../../../../arm-none-eabi/lib/thumb/v8-m.main/fpv5-sp/softfp\libc_nano.a(lib_a-printf.o)
                0x0000bdd8                iprintf
                0x0000bdd8                printf
 .text.__sread  0x0000be08       0x22 c:/siliconlabs/simplicitystudio/v5_3/developer/toolchains/gnu_arm/7.2_2017q4/bin/../lib/gcc/arm-none-eabi/7.2.1/../../../../arm-none-eabi/lib/thumb/v8-m.main/fpv5-sp/softfp\libc_nano.a(lib_a-stdio.o)
                0x0000be08                __sread
 .text.__swrite
                0x0000be2a       0x38 c:/siliconlabs/simplicitystudio/v5_3/developer/toolchains/gnu_arm/7.2_2017q4/bin/../lib/gcc/arm-none-eabi/7.2.1/../../../../arm-none-eabi/lib/thumb/v8-m.main/fpv5-sp/softfp\libc_nano.a(lib_a-stdio.o)
                0x0000be2a                __swrite
 .text.__sseek  0x0000be62       0x24 c:/siliconlabs/simplicitystudio/v5_3/developer/toolchains/gnu_arm/7.2_2017q4/bin/../lib/gcc/arm-none-eabi/7.2.1/../../../../arm-none-eabi/lib/thumb/v8-m.main/fpv5-sp/softfp\libc_nano.a(lib_a-stdio.o)
                0x0000be62                __sseek
 .text.__sclose
                0x0000be86        0x8 c:/siliconlabs/simplicitystudio/v5_3/developer/toolchains/gnu_arm/7.2_2017q4/bin/../lib/gcc/arm-none-eabi/7.2.1/../../../../arm-none-eabi/lib/thumb/v8-m.main/fpv5-sp/softfp\libc_nano.a(lib_a-stdio.o)
                0x0000be86                __sclose
 .text.strcpy   0x0000be8e       0x10 c:/siliconlabs/simplicitystudio/v5_3/developer/toolchains/gnu_arm/7.2_2017q4/bin/../lib/gcc/arm-none-eabi/7.2.1/../../../../arm-none-eabi/lib/thumb/v8-m.main/fpv5-sp/softfp\libc_nano.a(lib_a-strcpy.o)
                0x0000be8e                strcpy
 .text          0x0000be9e       0x10 c:/siliconlabs/simplicitystudio/v5_3/developer/toolchains/gnu_arm/7.2_2017q4/bin/../lib/gcc/arm-none-eabi/7.2.1/../../../../arm-none-eabi/lib/thumb/v8-m.main/fpv5-sp/softfp\libc_nano.a(lib_a-strlen.o)
                0x0000be9e                strlen
 *fill*         0x0000beae        0x2 
 .text._write_r
                0x0000beb0       0x24 c:/siliconlabs/simplicitystudio/v5_3/developer/toolchains/gnu_arm/7.2_2017q4/bin/../lib/gcc/arm-none-eabi/7.2.1/../../../../arm-none-eabi/lib/thumb/v8-m.main/fpv5-sp/softfp\libc_nano.a(lib_a-writer.o)
                0x0000beb0                _write_r
 .text._close_r
                0x0000bed4       0x20 c:/siliconlabs/simplicitystudio/v5_3/developer/toolchains/gnu_arm/7.2_2017q4/bin/../lib/gcc/arm-none-eabi/7.2.1/../../../../arm-none-eabi/lib/thumb/v8-m.main/fpv5-sp/softfp\libc_nano.a(lib_a-closer.o)
                0x0000bed4                _close_r
 .text.std      0x0000bef4       0x48 c:/siliconlabs/simplicitystudio/v5_3/developer/toolchains/gnu_arm/7.2_2017q4/bin/../lib/gcc/arm-none-eabi/7.2.1/../../../../arm-none-eabi/lib/thumb/v8-m.main/fpv5-sp/softfp\libc_nano.a(lib_a-findfp.o)
 .text._cleanup_r
                0x0000bf3c        0xc c:/siliconlabs/simplicitystudio/v5_3/developer/toolchains/gnu_arm/7.2_2017q4/bin/../lib/gcc/arm-none-eabi/7.2.1/../../../../arm-none-eabi/lib/thumb/v8-m.main/fpv5-sp/softfp\libc_nano.a(lib_a-findfp.o)
                0x0000bf3c                _cleanup_r
 .text.__sfmoreglue
                0x0000bf48       0x2c c:/siliconlabs/simplicitystudio/v5_3/developer/toolchains/gnu_arm/7.2_2017q4/bin/../lib/gcc/arm-none-eabi/7.2.1/../../../../arm-none-eabi/lib/thumb/v8-m.main/fpv5-sp/softfp\libc_nano.a(lib_a-findfp.o)
                0x0000bf48                __sfmoreglue
 .text.__sinit  0x0000bf74       0x60 c:/siliconlabs/simplicitystudio/v5_3/developer/toolchains/gnu_arm/7.2_2017q4/bin/../lib/gcc/arm-none-eabi/7.2.1/../../../../arm-none-eabi/lib/thumb/v8-m.main/fpv5-sp/softfp\libc_nano.a(lib_a-findfp.o)
                0x0000bf74                __sinit
 .text.__sfp    0x0000bfd4       0x78 c:/siliconlabs/simplicitystudio/v5_3/developer/toolchains/gnu_arm/7.2_2017q4/bin/../lib/gcc/arm-none-eabi/7.2.1/../../../../arm-none-eabi/lib/thumb/v8-m.main/fpv5-sp/softfp\libc_nano.a(lib_a-findfp.o)
                0x0000bfd4                __sfp
 .text._fwalk_reent
                0x0000c04c       0x3c c:/siliconlabs/simplicitystudio/v5_3/developer/toolchains/gnu_arm/7.2_2017q4/bin/../lib/gcc/arm-none-eabi/7.2.1/../../../../arm-none-eabi/lib/thumb/v8-m.main/fpv5-sp/softfp\libc_nano.a(lib_a-fwalk.o)
                0x0000c04c                _fwalk_reent
 .text._lseek_r
                0x0000c088       0x24 c:/siliconlabs/simplicitystudio/v5_3/developer/toolchains/gnu_arm/7.2_2017q4/bin/../lib/gcc/arm-none-eabi/7.2.1/../../../../arm-none-eabi/lib/thumb/v8-m.main/fpv5-sp/softfp\libc_nano.a(lib_a-lseekr.o)
                0x0000c088                _lseek_r
 .text._malloc_r
                0x0000c0ac       0xb4 c:/siliconlabs/simplicitystudio/v5_3/developer/toolchains/gnu_arm/7.2_2017q4/bin/../lib/gcc/arm-none-eabi/7.2.1/../../../../arm-none-eabi/lib/thumb/v8-m.main/fpv5-sp/softfp\libc_nano.a(lib_a-nano-mallocr.o)
                0x0000c0ac                _malloc_r
 .text.__sfputc_r
                0x0000c160       0x2e c:/siliconlabs/simplicitystudio/v5_3/developer/toolchains/gnu_arm/7.2_2017q4/bin/../lib/gcc/arm-none-eabi/7.2.1/../../../../arm-none-eabi/lib/thumb/v8-m.main/fpv5-sp/softfp\libc_nano.a(lib_a-nano-vfprintf.o)
 .text.__sfputs_r
                0x0000c18e       0x24 c:/siliconlabs/simplicitystudio/v5_3/developer/toolchains/gnu_arm/7.2_2017q4/bin/../lib/gcc/arm-none-eabi/7.2.1/../../../../arm-none-eabi/lib/thumb/v8-m.main/fpv5-sp/softfp\libc_nano.a(lib_a-nano-vfprintf.o)
                0x0000c18e                __sfputs_r
 *fill*         0x0000c1b2        0x2 
 .text._vfprintf_r
                0x0000c1b4      0x228 c:/siliconlabs/simplicitystudio/v5_3/developer/toolchains/gnu_arm/7.2_2017q4/bin/../lib/gcc/arm-none-eabi/7.2.1/../../../../arm-none-eabi/lib/thumb/v8-m.main/fpv5-sp/softfp\libc_nano.a(lib_a-nano-vfprintf.o)
                0x0000c1b4                _vfprintf_r
                0x0000c1b4                _vfiprintf_r
 .text._printf_common
                0x0000c3dc       0xf0 c:/siliconlabs/simplicitystudio/v5_3/developer/toolchains/gnu_arm/7.2_2017q4/bin/../lib/gcc/arm-none-eabi/7.2.1/../../../../arm-none-eabi/lib/thumb/v8-m.main/fpv5-sp/softfp\libc_nano.a(lib_a-nano-vfprintf_i.o)
                0x0000c3dc                _printf_common
 .text._printf_i
                0x0000c4cc      0x224 c:/siliconlabs/simplicitystudio/v5_3/developer/toolchains/gnu_arm/7.2_2017q4/bin/../lib/gcc/arm-none-eabi/7.2.1/../../../../arm-none-eabi/lib/thumb/v8-m.main/fpv5-sp/softfp\libc_nano.a(lib_a-nano-vfprintf_i.o)
                0x0000c4cc                _printf_i
 .text._read_r  0x0000c6f0       0x24 c:/siliconlabs/simplicitystudio/v5_3/developer/toolchains/gnu_arm/7.2_2017q4/bin/../lib/gcc/arm-none-eabi/7.2.1/../../../../arm-none-eabi/lib/thumb/v8-m.main/fpv5-sp/softfp\libc_nano.a(lib_a-readr.o)
                0x0000c6f0                _read_r
 .text._sbrk_r  0x0000c714       0x20 c:/siliconlabs/simplicitystudio/v5_3/developer/toolchains/gnu_arm/7.2_2017q4/bin/../lib/gcc/arm-none-eabi/7.2.1/../../../../arm-none-eabi/lib/thumb/v8-m.main/fpv5-sp/softfp\libc_nano.a(lib_a-sbrkr.o)
                0x0000c714                _sbrk_r
 .text.__swbuf_r
                0x0000c734       0xa4 c:/siliconlabs/simplicitystudio/v5_3/developer/toolchains/gnu_arm/7.2_2017q4/bin/../lib/gcc/arm-none-eabi/7.2.1/../../../../arm-none-eabi/lib/thumb/v8-m.main/fpv5-sp/softfp\libc_nano.a(lib_a-wbuf.o)
                0x0000c734                __swbuf_r
 .text.__swsetup_r
                0x0000c7d8       0xdc c:/siliconlabs/simplicitystudio/v5_3/developer/toolchains/gnu_arm/7.2_2017q4/bin/../lib/gcc/arm-none-eabi/7.2.1/../../../../arm-none-eabi/lib/thumb/v8-m.main/fpv5-sp/softfp\libc_nano.a(lib_a-wsetup.o)
                0x0000c7d8                __swsetup_r
 .text.__sflush_r
                0x0000c8b4      0x108 c:/siliconlabs/simplicitystudio/v5_3/developer/toolchains/gnu_arm/7.2_2017q4/bin/../lib/gcc/arm-none-eabi/7.2.1/../../../../arm-none-eabi/lib/thumb/v8-m.main/fpv5-sp/softfp\libc_nano.a(lib_a-fflush.o)
                0x0000c8b4                __sflush_r
 .text._fflush_r
                0x0000c9bc       0x54 c:/siliconlabs/simplicitystudio/v5_3/developer/toolchains/gnu_arm/7.2_2017q4/bin/../lib/gcc/arm-none-eabi/7.2.1/../../../../arm-none-eabi/lib/thumb/v8-m.main/fpv5-sp/softfp\libc_nano.a(lib_a-fflush.o)
                0x0000c9bc                _fflush_r
 .text.__swhatbuf_r
                0x0000ca10       0x48 c:/siliconlabs/simplicitystudio/v5_3/developer/toolchains/gnu_arm/7.2_2017q4/bin/../lib/gcc/arm-none-eabi/7.2.1/../../../../arm-none-eabi/lib/thumb/v8-m.main/fpv5-sp/softfp\libc_nano.a(lib_a-makebuf.o)
                0x0000ca10                __swhatbuf_r
 .text.__smakebuf_r
                0x0000ca58       0x80 c:/siliconlabs/simplicitystudio/v5_3/developer/toolchains/gnu_arm/7.2_2017q4/bin/../lib/gcc/arm-none-eabi/7.2.1/../../../../arm-none-eabi/lib/thumb/v8-m.main/fpv5-sp/softfp\libc_nano.a(lib_a-makebuf.o)
                0x0000ca58                __smakebuf_r
 .text.memchr   0x0000cad8       0x1c c:/siliconlabs/simplicitystudio/v5_3/developer/toolchains/gnu_arm/7.2_2017q4/bin/../lib/gcc/arm-none-eabi/7.2.1/../../../../arm-none-eabi/lib/thumb/v8-m.main/fpv5-sp/softfp\libc_nano.a(lib_a-memchr-stub.o)
                0x0000cad8                memchr
 .text.__malloc_lock
                0x0000caf4        0x2 c:/siliconlabs/simplicitystudio/v5_3/developer/toolchains/gnu_arm/7.2_2017q4/bin/../lib/gcc/arm-none-eabi/7.2.1/../../../../arm-none-eabi/lib/thumb/v8-m.main/fpv5-sp/softfp\libc_nano.a(lib_a-mlock.o)
                0x0000caf4                __malloc_lock
 .text.__malloc_unlock
                0x0000caf6        0x2 c:/siliconlabs/simplicitystudio/v5_3/developer/toolchains/gnu_arm/7.2_2017q4/bin/../lib/gcc/arm-none-eabi/7.2.1/../../../../arm-none-eabi/lib/thumb/v8-m.main/fpv5-sp/softfp\libc_nano.a(lib_a-mlock.o)
                0x0000caf6                __malloc_unlock
 .text._free_r  0x0000caf8       0x9c c:/siliconlabs/simplicitystudio/v5_3/developer/toolchains/gnu_arm/7.2_2017q4/bin/../lib/gcc/arm-none-eabi/7.2.1/../../../../arm-none-eabi/lib/thumb/v8-m.main/fpv5-sp/softfp\libc_nano.a(lib_a-nano-freer.o)
                0x0000caf8                _free_r
 .text._fstat_r
                0x0000cb94       0x24 c:/siliconlabs/simplicitystudio/v5_3/developer/toolchains/gnu_arm/7.2_2017q4/bin/../lib/gcc/arm-none-eabi/7.2.1/../../../../arm-none-eabi/lib/thumb/v8-m.main/fpv5-sp/softfp\libc_nano.a(lib_a-fstatr.o)
                0x0000cb94                _fstat_r
 .text._isatty_r
                0x0000cbb8       0x20 c:/siliconlabs/simplicitystudio/v5_3/developer/toolchains/gnu_arm/7.2_2017q4/bin/../lib/gcc/arm-none-eabi/7.2.1/../../../../arm-none-eabi/lib/thumb/v8-m.main/fpv5-sp/softfp\libc_nano.a(lib_a-isattyr.o)
                0x0000cbb8                _isatty_r
 *(.init)
 .init          0x0000cbd8        0x4 c:/siliconlabs/simplicitystudio/v5_3/developer/toolchains/gnu_arm/7.2_2017q4/bin/../lib/gcc/arm-none-eabi/7.2.1/thumb/v8-m.main/fpv5-sp/softfp/crti.o
                0x0000cbd8                _init
 .init          0x0000cbdc        0x8 c:/siliconlabs/simplicitystudio/v5_3/developer/toolchains/gnu_arm/7.2_2017q4/bin/../lib/gcc/arm-none-eabi/7.2.1/thumb/v8-m.main/fpv5-sp/softfp/crtn.o
 *(.fini)
 .fini          0x0000cbe4        0x4 c:/siliconlabs/simplicitystudio/v5_3/developer/toolchains/gnu_arm/7.2_2017q4/bin/../lib/gcc/arm-none-eabi/7.2.1/thumb/v8-m.main/fpv5-sp/softfp/crti.o
                0x0000cbe4                _fini
 .fini          0x0000cbe8        0x8 c:/siliconlabs/simplicitystudio/v5_3/developer/toolchains/gnu_arm/7.2_2017q4/bin/../lib/gcc/arm-none-eabi/7.2.1/thumb/v8-m.main/fpv5-sp/softfp/crtn.o
 *crtbegin.o(.ctors)
 *crtbegin?.o(.ctors)
 *(EXCLUDE_FILE(*crtend.o *crtend?.o) .ctors)
 *(SORT_BY_NAME(.ctors.*))
 *(.ctors)
 *crtbegin.o(.dtors)
 *crtbegin?.o(.dtors)
 *(EXCLUDE_FILE(*crtend.o *crtend?.o) .dtors)
 *(SORT_BY_NAME(.dtors.*))
 *(.dtors)
 *(.rodata*)
 .rodata        0x0000cbf0      0x5a3 ./Example/wireless_firmware_upgradation/rsi_wfup_app.o
 *fill*         0x0000d193        0x1 
 .rodata        0x0000d194      0x180 ./Platforms/hal/rsi_hal_mcu_platform_init.o
 .rodata.rsi_sleep_ack
                0x0000d314       0x10 ./Sapis/driver/rsi_driver_event_handlers.o
                0x0000d314                rsi_sleep_ack
 .rodata        0x0000d324      0x181 ./Sapis/driver/rsi_wlan.o
 *fill*         0x0000d4a5        0x3 
 .rodata.api_wl_s
                0x0000d4a8       0x74 ./Sapis/rom/rsi_apis_non_rom.o
                0x0000d4a8                api_wl_s
 .rodata        0x0000d51c      0x1d1 ./Sapis/wlan/rsi_wlan_apis.o
 *fill*         0x0000d6ed        0x3 
 .rodata._global_impure_ptr
                0x0000d6f0        0x4 c:/siliconlabs/simplicitystudio/v5_3/developer/toolchains/gnu_arm/7.2_2017q4/bin/../lib/gcc/arm-none-eabi/7.2.1/../../../../arm-none-eabi/lib/thumb/v8-m.main/fpv5-sp/softfp\libc_nano.a(lib_a-impure.o)
                0x0000d6f0                _global_impure_ptr
 .rodata.__sf_fake_stderr
                0x0000d6f4       0x20 c:/siliconlabs/simplicitystudio/v5_3/developer/toolchains/gnu_arm/7.2_2017q4/bin/../lib/gcc/arm-none-eabi/7.2.1/../../../../arm-none-eabi/lib/thumb/v8-m.main/fpv5-sp/softfp\libc_nano.a(lib_a-findfp.o)
                0x0000d6f4                __sf_fake_stderr
 .rodata.__sf_fake_stdin
                0x0000d714       0x20 c:/siliconlabs/simplicitystudio/v5_3/developer/toolchains/gnu_arm/7.2_2017q4/bin/../lib/gcc/arm-none-eabi/7.2.1/../../../../arm-none-eabi/lib/thumb/v8-m.main/fpv5-sp/softfp\libc_nano.a(lib_a-findfp.o)
                0x0000d714                __sf_fake_stdin
 .rodata.__sf_fake_stdout
                0x0000d734       0x20 c:/siliconlabs/simplicitystudio/v5_3/developer/toolchains/gnu_arm/7.2_2017q4/bin/../lib/gcc/arm-none-eabi/7.2.1/../../../../arm-none-eabi/lib/thumb/v8-m.main/fpv5-sp/softfp\libc_nano.a(lib_a-findfp.o)
                0x0000d734                __sf_fake_stdout
 .rodata._vfprintf_r.str1.1
                0x0000d754       0x11 c:/siliconlabs/simplicitystudio/v5_3/developer/toolchains/gnu_arm/7.2_2017q4/bin/../lib/gcc/arm-none-eabi/7.2.1/../../../../arm-none-eabi/lib/thumb/v8-m.main/fpv5-sp/softfp\libc_nano.a(lib_a-nano-vfprintf.o)
 .rodata._printf_i.str1.1
                0x0000d765       0x22 c:/siliconlabs/simplicitystudio/v5_3/developer/toolchains/gnu_arm/7.2_2017q4/bin/../lib/gcc/arm-none-eabi/7.2.1/../../../../arm-none-eabi/lib/thumb/v8-m.main/fpv5-sp/softfp\libc_nano.a(lib_a-nano-vfprintf_i.o)
 *(.eh_frame*)
 *fill*         0x0000d787        0x1 
 .eh_frame      0x0000d788        0x0 c:/siliconlabs/simplicitystudio/v5_3/developer/toolchains/gnu_arm/7.2_2017q4/bin/../lib/gcc/arm-none-eabi/7.2.1/thumb/v8-m.main/fpv5-sp/softfp/crtbegin.o
 .eh_frame      0x0000d788        0x4 c:/siliconlabs/simplicitystudio/v5_3/developer/toolchains/gnu_arm/7.2_2017q4/bin/../lib/gcc/arm-none-eabi/7.2.1/thumb/v8-m.main/fpv5-sp/softfp/crtend.o

.glue_7         0x0000d78c        0x0
 .glue_7        0x0000d78c        0x0 linker stubs

.glue_7t        0x0000d78c        0x0
 .glue_7t       0x0000d78c        0x0 linker stubs

.vfp11_veneer   0x0000d78c        0x0
 .vfp11_veneer  0x0000d78c        0x0 linker stubs

.v4_bx          0x0000d78c        0x0
 .v4_bx         0x0000d78c        0x0 linker stubs

.iplt           0x0000d78c        0x0
 .iplt          0x0000d78c        0x0 c:/siliconlabs/simplicitystudio/v5_3/developer/toolchains/gnu_arm/7.2_2017q4/bin/../lib/gcc/arm-none-eabi/7.2.1/thumb/v8-m.main/fpv5-sp/softfp/crtbegin.o

.ARM.extab
 *(.ARM.extab* .gnu.linkonce.armextab.*)
                0x0000d78c                __exidx_start = .

.ARM.exidx      0x0000d78c        0x8
 *(.ARM.exidx* .gnu.linkonce.armexidx.*)
 .ARM.exidx     0x0000d78c        0x8 c:/siliconlabs/simplicitystudio/v5_3/developer/toolchains/gnu_arm/7.2_2017q4/bin/../lib/gcc/arm-none-eabi/7.2.1/../../../../arm-none-eabi/lib/thumb/v8-m.main/fpv5-sp/softfp/crt0.o
                0x0000d794                __exidx_end = .
                0x0000d794                __etext = .

.rel.dyn        0x0000d794        0x0
 .rel.iplt      0x0000d794        0x0 c:/siliconlabs/simplicitystudio/v5_3/developer/toolchains/gnu_arm/7.2_2017q4/bin/../lib/gcc/arm-none-eabi/7.2.1/thumb/v8-m.main/fpv5-sp/softfp/crtbegin.o

.data           0x20000000       0x7c load address 0x0000d794
                0x20000000                __data_start__ = .
 *(vtable)
 *(.data*)
 .data.SystemHFXOClock
                0x20000000        0x4 ./CMSIS/EFR32MG21/system_efr32mg21.o
 .data.SystemLFXOClock
                0x20000004        0x4 ./CMSIS/EFR32MG21/system_efr32mg21.o
 .data.SystemHFRCODPLLClock
                0x20000008        0x4 ./CMSIS/EFR32MG21/system_efr32mg21.o
 .data.SystemCoreClock
                0x2000000c        0x4 ./CMSIS/EFR32MG21/system_efr32mg21.o
                0x2000000c                SystemCoreClock
 .data._impure_ptr
                0x20000010        0x4 c:/siliconlabs/simplicitystudio/v5_3/developer/toolchains/gnu_arm/7.2_2017q4/bin/../lib/gcc/arm-none-eabi/7.2.1/../../../../arm-none-eabi/lib/thumb/v8-m.main/fpv5-sp/softfp\libc_nano.a(lib_a-impure.o)
                0x20000010                _impure_ptr
 .data.impure_data
                0x20000014       0x60 c:/siliconlabs/simplicitystudio/v5_3/developer/toolchains/gnu_arm/7.2_2017q4/bin/../lib/gcc/arm-none-eabi/7.2.1/../../../../arm-none-eabi/lib/thumb/v8-m.main/fpv5-sp/softfp\libc_nano.a(lib_a-impure.o)
                0x20000074                . = ALIGN (0x4)
 *(.ram)
                0x20000074                . = ALIGN (0x4)
                0x20000074                PROVIDE (__preinit_array_start, .)
 *(.preinit_array)
                0x20000074                PROVIDE (__preinit_array_end, .)
                0x20000074                . = ALIGN (0x4)
                0x20000074                PROVIDE (__init_array_start, .)
 *(SORT_BY_NAME(.init_array.*))
 *(.init_array)
 .init_array    0x20000074        0x4 c:/siliconlabs/simplicitystudio/v5_3/developer/toolchains/gnu_arm/7.2_2017q4/bin/../lib/gcc/arm-none-eabi/7.2.1/thumb/v8-m.main/fpv5-sp/softfp/crtbegin.o
                0x20000078                PROVIDE (__init_array_end, .)
                0x20000078                . = ALIGN (0x4)
                [!provide]                PROVIDE (__fini_array_start, .)
 *(SORT_BY_NAME(.fini_array.*))
 *(.fini_array)
 .fini_array    0x20000078        0x4 c:/siliconlabs/simplicitystudio/v5_3/developer/toolchains/gnu_arm/7.2_2017q4/bin/../lib/gcc/arm-none-eabi/7.2.1/thumb/v8-m.main/fpv5-sp/softfp/crtbegin.o
                [!provide]                PROVIDE (__fini_array_end, .)
 *(.jcr*)
                0x2000007c                . = ALIGN (0x4)
                0x2000007c                __data_end__ = .

.igot.plt       0x2000007c        0x0 load address 0x0000d810
 .igot.plt      0x2000007c        0x0 c:/siliconlabs/simplicitystudio/v5_3/developer/toolchains/gnu_arm/7.2_2017q4/bin/../lib/gcc/arm-none-eabi/7.2.1/thumb/v8-m.main/fpv5-sp/softfp/crtbegin.o

.bss            0x2000007c     0x41b0 load address 0x0000d810
                0x2000007c                . = ALIGN (0x4)
                0x2000007c                __bss_start__ = .
 *(.bss*)
 .bss           0x2000007c       0x1c c:/siliconlabs/simplicitystudio/v5_3/developer/toolchains/gnu_arm/7.2_2017q4/bin/../lib/gcc/arm-none-eabi/7.2.1/thumb/v8-m.main/fpv5-sp/softfp/crtbegin.o
 .bss.msTicks   0x20000098        0x4 ./Platforms/hal/rsi_hal_mcu_timer.o
                0x20000098                msTicks
 .bss.rsi_driver_cb
                0x2000009c        0x4 ./Sapis/common/rsi_common_apis.o
                0x2000009c                rsi_driver_cb
 .bss.buffer_addr
                0x200000a0        0x4 ./Sapis/common/rsi_common_apis.o
                0x200000a0                buffer_addr
 .bss.rsi_driver_cb_non_rom
                0x200000a4        0x4 ./Sapis/driver/rsi_driver_event_handlers.o
                0x200000a4                rsi_driver_cb_non_rom
 .bss.api_wl    0x200000a8        0x4 ./Sapis/rom/rsi_apis_non_rom.o
                0x200000a8                api_wl
 .bss.heap_end.11556
                0x200000ac        0x4 ./debug_prints/retargetio.o
 .bss.__malloc_free_list
                0x200000b0        0x4 c:/siliconlabs/simplicitystudio/v5_3/developer/toolchains/gnu_arm/7.2_2017q4/bin/../lib/gcc/arm-none-eabi/7.2.1/../../../../arm-none-eabi/lib/thumb/v8-m.main/fpv5-sp/softfp\libc_nano.a(lib_a-nano-mallocr.o)
                0x200000b0                __malloc_free_list
 .bss.__malloc_sbrk_start
                0x200000b4        0x4 c:/siliconlabs/simplicitystudio/v5_3/developer/toolchains/gnu_arm/7.2_2017q4/bin/../lib/gcc/arm-none-eabi/7.2.1/../../../../arm-none-eabi/lib/thumb/v8-m.main/fpv5-sp/softfp\libc_nano.a(lib_a-nano-mallocr.o)
                0x200000b4                __malloc_sbrk_start
 *(COMMON)
 COMMON         0x200000b8     0x3ab0 ./Example/wireless_firmware_upgradation/rsi_wfup_app.o
                0x200000b8                rsp_received
                0x200000bc                fw_version
                0x200000d0                global_buf
 COMMON         0x20003b68       0x20 ./Platforms/hal/rsi_hal_mcu_interrupt.o
                0x20003b68                inbuf
                0x20003b74                call_back
                0x20003b78                outbuf
                0x20003b84                bufpos
 COMMON         0x20003b88        0x1 ./Platforms/hal/rsi_hal_mcu_platform_init.o
                0x20003b88                rx_done
 *fill*         0x20003b89        0x3 
 COMMON         0x20003b8c      0x680 ./Platforms/hal/rsi_hal_mcu_spi.o
                0x20003b8c                ldmaTXDescriptor
                0x20003b9c                ldmaRXDescriptor
                0x20003bac                ldmaRXConfig
                0x20003bbc                ldmaTXConfig
                0x20003bcc                dummy
 COMMON         0x2000420c        0x8 ./Sapis/nwk/socket/rsi_socket.o
                0x2000420c                rsi_socket_pool_non_rom
                0x20004210                rsi_socket_pool
 COMMON         0x20004214       0x14 ./Sapis/rom/rsi_apis_non_rom.o
                0x20004214                rom_apis
                0x20004218                global_cb
                0x2000421c                rsi_wlan_cb_non_rom
                0x20004220                rsi_socket_select_info
                0x20004224                global_cb_p
 COMMON         0x20004228        0x4 c:/siliconlabs/simplicitystudio/v5_3/developer/toolchains/gnu_arm/7.2_2017q4/bin/../lib/gcc/arm-none-eabi/7.2.1/../../../../arm-none-eabi/lib/thumb/v8-m.main/fpv5-sp/softfp\libc_nano.a(lib_a-reent.o)
                0x20004228                errno
                0x2000422c                . = ALIGN (0x4)
                0x2000422c                __bss_end__ = .

.heap           0x20004230     0x1000
                0x20004230                __HeapBase = .
                0x20004230                __end__ = .
                0x20004230                end = __end__
                0x20004230                _end = __end__
 *(.heap*)
 .heap          0x20004230     0x1000 ./CMSIS/EFR32MG21/startup_efr32mg21.o
                0x20005230                __HeapLimit = .

.stack_dummy    0x20004230      0xf00
 *(.stack*)
 .stack         0x20004230      0xf00 ./CMSIS/EFR32MG21/startup_efr32mg21.o
                0x20018000                __StackTop = (ORIGIN (RAM) + LENGTH (RAM))
                0x20017100                __StackLimit = (__StackTop - SIZEOF (.stack_dummy))
                0x20018000                PROVIDE (__stack, __StackTop)
                0x00000001                ASSERT ((__StackLimit >= __HeapLimit), region RAM overflowed with stack)
                0x00000001                ASSERT ((LENGTH (FLASH) >= (__etext + SIZEOF (.data))), FLASH memory overflowed !)
OUTPUT(Firmware_upgrade.axf elf32-littlearm)

.ARM.attributes
                0x00000000       0x34
 .ARM.attributes
                0x00000000       0x26 c:/siliconlabs/simplicitystudio/v5_3/developer/toolchains/gnu_arm/7.2_2017q4/bin/../lib/gcc/arm-none-eabi/7.2.1/thumb/v8-m.main/fpv5-sp/softfp/crti.o
 .ARM.attributes
                0x00000026       0x36 c:/siliconlabs/simplicitystudio/v5_3/developer/toolchains/gnu_arm/7.2_2017q4/bin/../lib/gcc/arm-none-eabi/7.2.1/thumb/v8-m.main/fpv5-sp/softfp/crtbegin.o
 .ARM.attributes
                0x0000005c       0x24 c:/siliconlabs/simplicitystudio/v5_3/developer/toolchains/gnu_arm/7.2_2017q4/bin/../lib/gcc/arm-none-eabi/7.2.1/../../../../arm-none-eabi/lib/thumb/v8-m.main/fpv5-sp/softfp/crt0.o
 .ARM.attributes
                0x00000080       0x24 ./CMSIS/EFR32MG21/startup_efr32mg21.o
 .ARM.attributes
                0x000000a4       0x3a ./CMSIS/EFR32MG21/system_efr32mg21.o
 .ARM.attributes
                0x000000de       0x3a ./Example/wireless_firmware_upgradation/rsi_wfup_app.o
 .ARM.attributes
                0x00000118       0x3a ./Platforms/hal/rsi_hal_mcu_interrupt.o
 .ARM.attributes
                0x00000152       0x3a ./Platforms/hal/rsi_hal_mcu_ioports.o
 .ARM.attributes
                0x0000018c       0x3a ./Platforms/hal/rsi_hal_mcu_platform_init.o
 .ARM.attributes
                0x000001c6       0x3a ./Platforms/hal/rsi_hal_mcu_spi.o
 .ARM.attributes
                0x00000200       0x3a ./Platforms/hal/rsi_hal_mcu_timer.o
 .ARM.attributes
                0x0000023a       0x3a ./Sapis/common/rsi_common_apis.o
 .ARM.attributes
                0x00000274       0x3a ./Sapis/common/rsi_device_init_apis.o
 .ARM.attributes
                0x000002ae       0x3a ./Sapis/driver/intf/spi/rsi_spi_frame_rd_wr.o
 .ARM.attributes
                0x000002e8       0x3a ./Sapis/driver/intf/spi/rsi_spi_functs.o
 .ARM.attributes
                0x00000322       0x3a ./Sapis/driver/intf/spi/rsi_spi_iface_init.o
 .ARM.attributes
                0x0000035c       0x3a ./Sapis/driver/intf/spi/rsi_spi_mem_rd_wr.o
 .ARM.attributes
                0x00000396       0x3a ./Sapis/driver/intf/spi/rsi_spi_reg_rd_wr.o
 .ARM.attributes
                0x000003d0       0x3a ./Sapis/driver/rsi_common.o
 .ARM.attributes
                0x0000040a       0x3a ./Sapis/driver/rsi_device_init.o
 .ARM.attributes
                0x00000444       0x3a ./Sapis/driver/rsi_driver.o
 .ARM.attributes
                0x0000047e       0x3a ./Sapis/driver/rsi_driver_event_handlers.o
 .ARM.attributes
                0x000004b8       0x3a ./Sapis/driver/rsi_events.o
 .ARM.attributes
                0x000004f2       0x3a ./Sapis/driver/rsi_nwk.o
 .ARM.attributes
                0x0000052c       0x3a ./Sapis/driver/rsi_os_none.o
 .ARM.attributes
                0x00000566       0x3a ./Sapis/driver/rsi_pkt_mgmt.o
 .ARM.attributes
                0x000005a0       0x3a ./Sapis/driver/rsi_queue.o
 .ARM.attributes
                0x000005da       0x3a ./Sapis/driver/rsi_scheduler.o
 .ARM.attributes
                0x00000614       0x3a ./Sapis/driver/rsi_timer.o
 .ARM.attributes
                0x0000064e       0x3a ./Sapis/driver/rsi_utils.o
 .ARM.attributes
                0x00000688       0x3a ./Sapis/driver/rsi_wlan.o
 .ARM.attributes
                0x000006c2       0x3a ./Sapis/nwk/applications/http_server/rsi_http_server.o
 .ARM.attributes
                0x000006fc       0x3a ./Sapis/nwk/socket/rsi_socket.o
 .ARM.attributes
                0x00000736       0x3a ./Sapis/rom/rsi_apis_non_rom.o
 .ARM.attributes
                0x00000770       0x3a ./Sapis/rom/rsi_events_rom.o
 .ARM.attributes
                0x000007aa       0x3a ./Sapis/rom/rsi_pkt_mgmt_rom.o
 .ARM.attributes
                0x000007e4       0x3a ./Sapis/rom/rsi_queue_rom.o
 .ARM.attributes
                0x0000081e       0x3a ./Sapis/rom/rsi_scheduler_rom.o
 .ARM.attributes
                0x00000858       0x3a ./Sapis/rom/rsi_socket_rom.o
 .ARM.attributes
                0x00000892       0x3a ./Sapis/rom/rsi_utils_rom.o
 .ARM.attributes
                0x000008cc       0x3a ./Sapis/wlan/rsi_wlan_apis.o
 .ARM.attributes
                0x00000906       0x3a ./debug_prints/retargetio.o
 .ARM.attributes
                0x00000940       0x3a ./emlib/em_cmu.o
 .ARM.attributes
                0x0000097a       0x3a ./emlib/em_core.o
 .ARM.attributes
                0x000009b4       0x3a ./emlib/em_gpio.o
 .ARM.attributes
                0x000009ee       0x3a ./emlib/em_ldma.o
 .ARM.attributes
                0x00000a28       0x3a ./emlib/em_system.o
 .ARM.attributes
                0x00000a62       0x3a ./emlib/em_usart.o
 .ARM.attributes
                0x00000a9c       0x36 c:/siliconlabs/simplicitystudio/v5_3/developer/toolchains/gnu_arm/7.2_2017q4/bin/../lib/gcc/arm-none-eabi/7.2.1/../../../../arm-none-eabi/lib/thumb/v8-m.main/fpv5-sp/softfp\libc_nano.a(lib_a-exit.o)
 .ARM.attributes
                0x00000ad2       0x36 c:/siliconlabs/simplicitystudio/v5_3/developer/toolchains/gnu_arm/7.2_2017q4/bin/../lib/gcc/arm-none-eabi/7.2.1/../../../../arm-none-eabi/lib/thumb/v8-m.main/fpv5-sp/softfp\libc_nano.a(lib_a-impure.o)
 .ARM.attributes
                0x00000b08       0x36 c:/siliconlabs/simplicitystudio/v5_3/developer/toolchains/gnu_arm/7.2_2017q4/bin/../lib/gcc/arm-none-eabi/7.2.1/../../../../arm-none-eabi/lib/thumb/v8-m.main/fpv5-sp/softfp\libc_nano.a(lib_a-init.o)
 .ARM.attributes
                0x00000b3e       0x36 c:/siliconlabs/simplicitystudio/v5_3/developer/toolchains/gnu_arm/7.2_2017q4/bin/../lib/gcc/arm-none-eabi/7.2.1/../../../../arm-none-eabi/lib/thumb/v8-m.main/fpv5-sp/softfp\libc_nano.a(lib_a-memcmp.o)
 .ARM.attributes
                0x00000b74       0x36 c:/siliconlabs/simplicitystudio/v5_3/developer/toolchains/gnu_arm/7.2_2017q4/bin/../lib/gcc/arm-none-eabi/7.2.1/../../../../arm-none-eabi/lib/thumb/v8-m.main/fpv5-sp/softfp\libc_nano.a(lib_a-memcpy-stub.o)
 .ARM.attributes
                0x00000baa       0x36 c:/siliconlabs/simplicitystudio/v5_3/developer/toolchains/gnu_arm/7.2_2017q4/bin/../lib/gcc/arm-none-eabi/7.2.1/../../../../arm-none-eabi/lib/thumb/v8-m.main/fpv5-sp/softfp\libc_nano.a(lib_a-memset.o)
 .ARM.attributes
                0x00000be0       0x36 c:/siliconlabs/simplicitystudio/v5_3/developer/toolchains/gnu_arm/7.2_2017q4/bin/../lib/gcc/arm-none-eabi/7.2.1/../../../../arm-none-eabi/lib/thumb/v8-m.main/fpv5-sp/softfp\libc_nano.a(lib_a-printf.o)
 .ARM.attributes
                0x00000c16       0x36 c:/siliconlabs/simplicitystudio/v5_3/developer/toolchains/gnu_arm/7.2_2017q4/bin/../lib/gcc/arm-none-eabi/7.2.1/../../../../arm-none-eabi/lib/thumb/v8-m.main/fpv5-sp/softfp\libc_nano.a(lib_a-stdio.o)
 .ARM.attributes
                0x00000c4c       0x36 c:/siliconlabs/simplicitystudio/v5_3/developer/toolchains/gnu_arm/7.2_2017q4/bin/../lib/gcc/arm-none-eabi/7.2.1/../../../../arm-none-eabi/lib/thumb/v8-m.main/fpv5-sp/softfp\libc_nano.a(lib_a-strcpy.o)
 .ARM.attributes
                0x00000c82       0x1b c:/siliconlabs/simplicitystudio/v5_3/developer/toolchains/gnu_arm/7.2_2017q4/bin/../lib/gcc/arm-none-eabi/7.2.1/../../../../arm-none-eabi/lib/thumb/v8-m.main/fpv5-sp/softfp\libc_nano.a(lib_a-strlen.o)
 .ARM.attributes
                0x00000c9d       0x36 c:/siliconlabs/simplicitystudio/v5_3/developer/toolchains/gnu_arm/7.2_2017q4/bin/../lib/gcc/arm-none-eabi/7.2.1/../../../../arm-none-eabi/lib/thumb/v8-m.main/fpv5-sp/softfp\libc_nano.a(lib_a-writer.o)
 .ARM.attributes
                0x00000cd3       0x36 c:/siliconlabs/simplicitystudio/v5_3/developer/toolchains/gnu_arm/7.2_2017q4/bin/../lib/gcc/arm-none-eabi/7.2.1/../../../../arm-none-eabi/lib/thumb/v8-m.main/fpv5-sp/softfp\libc_nano.a(lib_a-closer.o)
 .ARM.attributes
                0x00000d09       0x36 c:/siliconlabs/simplicitystudio/v5_3/developer/toolchains/gnu_arm/7.2_2017q4/bin/../lib/gcc/arm-none-eabi/7.2.1/../../../../arm-none-eabi/lib/thumb/v8-m.main/fpv5-sp/softfp\libc_nano.a(lib_a-findfp.o)
 .ARM.attributes
                0x00000d3f       0x36 c:/siliconlabs/simplicitystudio/v5_3/developer/toolchains/gnu_arm/7.2_2017q4/bin/../lib/gcc/arm-none-eabi/7.2.1/../../../../arm-none-eabi/lib/thumb/v8-m.main/fpv5-sp/softfp\libc_nano.a(lib_a-fwalk.o)
 .ARM.attributes
                0x00000d75       0x36 c:/siliconlabs/simplicitystudio/v5_3/developer/toolchains/gnu_arm/7.2_2017q4/bin/../lib/gcc/arm-none-eabi/7.2.1/../../../../arm-none-eabi/lib/thumb/v8-m.main/fpv5-sp/softfp\libc_nano.a(lib_a-lseekr.o)
 .ARM.attributes
                0x00000dab       0x36 c:/siliconlabs/simplicitystudio/v5_3/developer/toolchains/gnu_arm/7.2_2017q4/bin/../lib/gcc/arm-none-eabi/7.2.1/../../../../arm-none-eabi/lib/thumb/v8-m.main/fpv5-sp/softfp\libc_nano.a(lib_a-nano-mallocr.o)
 .ARM.attributes
                0x00000de1       0x36 c:/siliconlabs/simplicitystudio/v5_3/developer/toolchains/gnu_arm/7.2_2017q4/bin/../lib/gcc/arm-none-eabi/7.2.1/../../../../arm-none-eabi/lib/thumb/v8-m.main/fpv5-sp/softfp\libc_nano.a(lib_a-nano-vfprintf.o)
 .ARM.attributes
                0x00000e17       0x36 c:/siliconlabs/simplicitystudio/v5_3/developer/toolchains/gnu_arm/7.2_2017q4/bin/../lib/gcc/arm-none-eabi/7.2.1/../../../../arm-none-eabi/lib/thumb/v8-m.main/fpv5-sp/softfp\libc_nano.a(lib_a-nano-vfprintf_i.o)
 .ARM.attributes
                0x00000e4d       0x36 c:/siliconlabs/simplicitystudio/v5_3/developer/toolchains/gnu_arm/7.2_2017q4/bin/../lib/gcc/arm-none-eabi/7.2.1/../../../../arm-none-eabi/lib/thumb/v8-m.main/fpv5-sp/softfp\libc_nano.a(lib_a-readr.o)
 .ARM.attributes
                0x00000e83       0x36 c:/siliconlabs/simplicitystudio/v5_3/developer/toolchains/gnu_arm/7.2_2017q4/bin/../lib/gcc/arm-none-eabi/7.2.1/../../../../arm-none-eabi/lib/thumb/v8-m.main/fpv5-sp/softfp\libc_nano.a(lib_a-reent.o)
 .ARM.attributes
                0x00000eb9       0x36 c:/siliconlabs/simplicitystudio/v5_3/developer/toolchains/gnu_arm/7.2_2017q4/bin/../lib/gcc/arm-none-eabi/7.2.1/../../../../arm-none-eabi/lib/thumb/v8-m.main/fpv5-sp/softfp\libc_nano.a(lib_a-sbrkr.o)
 .ARM.attributes
                0x00000eef       0x36 c:/siliconlabs/simplicitystudio/v5_3/developer/toolchains/gnu_arm/7.2_2017q4/bin/../lib/gcc/arm-none-eabi/7.2.1/../../../../arm-none-eabi/lib/thumb/v8-m.main/fpv5-sp/softfp\libc_nano.a(lib_a-wbuf.o)
 .ARM.attributes
                0x00000f25       0x36 c:/siliconlabs/simplicitystudio/v5_3/developer/toolchains/gnu_arm/7.2_2017q4/bin/../lib/gcc/arm-none-eabi/7.2.1/../../../../arm-none-eabi/lib/thumb/v8-m.main/fpv5-sp/softfp\libc_nano.a(lib_a-wsetup.o)
 .ARM.attributes
                0x00000f5b       0x36 c:/siliconlabs/simplicitystudio/v5_3/developer/toolchains/gnu_arm/7.2_2017q4/bin/../lib/gcc/arm-none-eabi/7.2.1/../../../../arm-none-eabi/lib/thumb/v8-m.main/fpv5-sp/softfp\libc_nano.a(lib_a-fflush.o)
 .ARM.attributes
                0x00000f91       0x36 c:/siliconlabs/simplicitystudio/v5_3/developer/toolchains/gnu_arm/7.2_2017q4/bin/../lib/gcc/arm-none-eabi/7.2.1/../../../../arm-none-eabi/lib/thumb/v8-m.main/fpv5-sp/softfp\libc_nano.a(lib_a-makebuf.o)
 .ARM.attributes
                0x00000fc7       0x36 c:/siliconlabs/simplicitystudio/v5_3/developer/toolchains/gnu_arm/7.2_2017q4/bin/../lib/gcc/arm-none-eabi/7.2.1/../../../../arm-none-eabi/lib/thumb/v8-m.main/fpv5-sp/softfp\libc_nano.a(lib_a-memchr-stub.o)
 .ARM.attributes
                0x00000ffd       0x36 c:/siliconlabs/simplicitystudio/v5_3/developer/toolchains/gnu_arm/7.2_2017q4/bin/../lib/gcc/arm-none-eabi/7.2.1/../../../../arm-none-eabi/lib/thumb/v8-m.main/fpv5-sp/softfp\libc_nano.a(lib_a-mlock.o)
 .ARM.attributes
                0x00001033       0x36 c:/siliconlabs/simplicitystudio/v5_3/developer/toolchains/gnu_arm/7.2_2017q4/bin/../lib/gcc/arm-none-eabi/7.2.1/../../../../arm-none-eabi/lib/thumb/v8-m.main/fpv5-sp/softfp\libc_nano.a(lib_a-nano-freer.o)
 .ARM.attributes
                0x00001069       0x36 c:/siliconlabs/simplicitystudio/v5_3/developer/toolchains/gnu_arm/7.2_2017q4/bin/../lib/gcc/arm-none-eabi/7.2.1/../../../../arm-none-eabi/lib/thumb/v8-m.main/fpv5-sp/softfp\libc_nano.a(lib_a-fstatr.o)
 .ARM.attributes
                0x0000109f       0x36 c:/siliconlabs/simplicitystudio/v5_3/developer/toolchains/gnu_arm/7.2_2017q4/bin/../lib/gcc/arm-none-eabi/7.2.1/../../../../arm-none-eabi/lib/thumb/v8-m.main/fpv5-sp/softfp\libc_nano.a(lib_a-isattyr.o)
 .ARM.attributes
                0x000010d5       0x36 c:/siliconlabs/simplicitystudio/v5_3/developer/toolchains/gnu_arm/7.2_2017q4/bin/../lib/gcc/arm-none-eabi/7.2.1/thumb/v8-m.main/fpv5-sp/softfp/crtend.o
 .ARM.attributes
                0x0000110b       0x26 c:/siliconlabs/simplicitystudio/v5_3/developer/toolchains/gnu_arm/7.2_2017q4/bin/../lib/gcc/arm-none-eabi/7.2.1/thumb/v8-m.main/fpv5-sp/softfp/crtn.o

.comment        0x00000000       0x7e
 .comment       0x00000000       0x7e ./CMSIS/EFR32MG21/system_efr32mg21.o
                                 0x7f (size before relaxing)
 .comment       0x0000007e       0x7f ./Example/wireless_firmware_upgradation/rsi_wfup_app.o
 .comment       0x0000007e       0x7f ./Platforms/hal/rsi_hal_mcu_interrupt.o
 .comment       0x0000007e       0x7f ./Platforms/hal/rsi_hal_mcu_ioports.o
 .comment       0x0000007e       0x7f ./Platforms/hal/rsi_hal_mcu_platform_init.o
 .comment       0x0000007e       0x7f ./Platforms/hal/rsi_hal_mcu_spi.o
 .comment       0x0000007e       0x7f ./Platforms/hal/rsi_hal_mcu_timer.o
 .comment       0x0000007e       0x7f ./Sapis/common/rsi_common_apis.o
 .comment       0x0000007e       0x7f ./Sapis/common/rsi_device_init_apis.o
 .comment       0x0000007e       0x7f ./Sapis/driver/intf/spi/rsi_spi_frame_rd_wr.o
 .comment       0x0000007e       0x7f ./Sapis/driver/intf/spi/rsi_spi_functs.o
 .comment       0x0000007e       0x7f ./Sapis/driver/intf/spi/rsi_spi_iface_init.o
 .comment       0x0000007e       0x7f ./Sapis/driver/intf/spi/rsi_spi_mem_rd_wr.o
 .comment       0x0000007e       0x7f ./Sapis/driver/intf/spi/rsi_spi_reg_rd_wr.o
 .comment       0x0000007e       0x7f ./Sapis/driver/rsi_common.o
 .comment       0x0000007e       0x7f ./Sapis/driver/rsi_device_init.o
 .comment       0x0000007e       0x7f ./Sapis/driver/rsi_driver.o
 .comment       0x0000007e       0x7f ./Sapis/driver/rsi_driver_event_handlers.o
 .comment       0x0000007e       0x7f ./Sapis/driver/rsi_events.o
 .comment       0x0000007e       0x7f ./Sapis/driver/rsi_nwk.o
 .comment       0x0000007e       0x7f ./Sapis/driver/rsi_os_none.o
 .comment       0x0000007e       0x7f ./Sapis/driver/rsi_pkt_mgmt.o
 .comment       0x0000007e       0x7f ./Sapis/driver/rsi_queue.o
 .comment       0x0000007e       0x7f ./Sapis/driver/rsi_scheduler.o
 .comment       0x0000007e       0x7f ./Sapis/driver/rsi_timer.o
 .comment       0x0000007e       0x7f ./Sapis/driver/rsi_utils.o
 .comment       0x0000007e       0x7f ./Sapis/driver/rsi_wlan.o
 .comment       0x0000007e       0x7f ./Sapis/nwk/applications/http_server/rsi_http_server.o
 .comment       0x0000007e       0x7f ./Sapis/nwk/socket/rsi_socket.o
 .comment       0x0000007e       0x7f ./Sapis/rom/rsi_apis_non_rom.o
 .comment       0x0000007e       0x7f ./Sapis/rom/rsi_events_rom.o
 .comment       0x0000007e       0x7f ./Sapis/rom/rsi_pkt_mgmt_rom.o
 .comment       0x0000007e       0x7f ./Sapis/rom/rsi_queue_rom.o
 .comment       0x0000007e       0x7f ./Sapis/rom/rsi_scheduler_rom.o
 .comment       0x0000007e       0x7f ./Sapis/rom/rsi_socket_rom.o
 .comment       0x0000007e       0x7f ./Sapis/rom/rsi_utils_rom.o
 .comment       0x0000007e       0x7f ./Sapis/wlan/rsi_wlan_apis.o
 .comment       0x0000007e       0x7f ./debug_prints/retargetio.o
 .comment       0x0000007e       0x7f ./emlib/em_cmu.o
 .comment       0x0000007e       0x7f ./emlib/em_core.o
 .comment       0x0000007e       0x7f ./emlib/em_gpio.o
 .comment       0x0000007e       0x7f ./emlib/em_ldma.o
 .comment       0x0000007e       0x7f ./emlib/em_system.o
 .comment       0x0000007e       0x7f ./emlib/em_usart.o

.debug_line     0x00000000     0xf5f6
 .debug_line    0x00000000       0xd9 ./CMSIS/EFR32MG21/startup_efr32mg21.o
 .debug_line    0x000000d9      0x405 ./CMSIS/EFR32MG21/system_efr32mg21.o
 .debug_line    0x000004de      0x3c5 ./Example/wireless_firmware_upgradation/rsi_wfup_app.o
 .debug_line    0x000008a3      0x6a6 ./Platforms/hal/rsi_hal_mcu_interrupt.o
 .debug_line    0x00000f49      0x658 ./Platforms/hal/rsi_hal_mcu_ioports.o
 .debug_line    0x000015a1      0x7b8 ./Platforms/hal/rsi_hal_mcu_platform_init.o
 .debug_line    0x00001d59      0x57f ./Platforms/hal/rsi_hal_mcu_spi.o
 .debug_line    0x000022d8      0x546 ./Platforms/hal/rsi_hal_mcu_timer.o
 .debug_line    0x0000281e      0x6c4 ./Sapis/common/rsi_common_apis.o
 .debug_line    0x00002ee2      0x43d ./Sapis/common/rsi_device_init_apis.o
 .debug_line    0x0000331f      0x497 ./Sapis/driver/intf/spi/rsi_spi_frame_rd_wr.o
 .debug_line    0x000037b6      0x4d9 ./Sapis/driver/intf/spi/rsi_spi_functs.o
 .debug_line    0x00003c8f      0x406 ./Sapis/driver/intf/spi/rsi_spi_iface_init.o
 .debug_line    0x00004095      0x419 ./Sapis/driver/intf/spi/rsi_spi_mem_rd_wr.o
 .debug_line    0x000044ae      0x416 ./Sapis/driver/intf/spi/rsi_spi_reg_rd_wr.o
 .debug_line    0x000048c4      0x6b8 ./Sapis/driver/rsi_common.o
 .debug_line    0x00004f7c      0x543 ./Sapis/driver/rsi_device_init.o
 .debug_line    0x000054bf      0x3e5 ./Sapis/driver/rsi_driver.o
 .debug_line    0x000058a4      0x53f ./Sapis/driver/rsi_driver_event_handlers.o
 .debug_line    0x00005de3      0x456 ./Sapis/driver/rsi_events.o
 .debug_line    0x00006239      0x522 ./Sapis/driver/rsi_nwk.o
 .debug_line    0x0000675b      0x4fb ./Sapis/driver/rsi_os_none.o
 .debug_line    0x00006c56      0x3f8 ./Sapis/driver/rsi_pkt_mgmt.o
 .debug_line    0x0000704e      0x419 ./Sapis/driver/rsi_queue.o