rsi_bt_gap_apis.c:31:9:rsi_bt_set_local_class_of_device	24	static
rsi_bt_gap_apis.c:50:9:rsi_bt_get_local_class_of_device	16	static
rsi_bt_gap_apis.c:65:9:rsi_bt_start_discoverable	16	static
rsi_bt_gap_apis.c:84:9:rsi_bt_start_limited_discoverable	24	static
rsi_bt_gap_apis.c:104:9:rsi_bt_write_current_iac_lap	32	static
rsi_bt_gap_apis.c:131:9:rsi_bt_stop_discoverable	16	static
rsi_bt_gap_apis.c:151:9:rsi_bt_get_discoverable_status	16	static
rsi_bt_gap_apis.c:166:9:rsi_bt_set_connectable	16	static
rsi_bt_gap_apis.c:183:9:rsi_bt_set_afh_host_channel_classification	32	static
rsi_bt_gap_apis.c:205:9:rsi_bt_get_afh_host_channel_classification	32	static
rsi_bt_gap_apis.c:224:9:rsi_bt_set_non_connectable	16	static
rsi_bt_gap_apis.c:242:9:rsi_bt_get_connectable_status	16	static
rsi_bt_gap_apis.c:257:9:rsi_bt_enable_authentication	16	static
rsi_bt_gap_apis.c:274:9:rsi_bt_disable_authentication	16	static
rsi_bt_gap_apis.c:291:9:rsi_bt_get_authentication	8	static
rsi_bt_gap_apis.c:308:9:rsi_bt_remote_name_request_async	24	static
rsi_bt_gap_apis.c:330:9:rsi_bt_remote_name_request_cancel	24	static
rsi_bt_gap_apis.c:355:9:rsi_bt_inquiry	32	static
rsi_bt_gap_apis.c:384:9:rsi_bt_cancel_inquiry	8	static
rsi_bt_gap_apis.c:399:9:rsi_bt_enable_device_under_testmode	8	static
rsi_bt_gap_apis.c:415:9:rsi_bt_connect	24	static
rsi_bt_gap_apis.c:439:9:rsi_bt_gatt_connect	24	static
rsi_bt_gap_apis.c:461:9:rsi_bt_cancel_connect	24	static
rsi_bt_gap_apis.c:484:9:rsi_bt_disconnect	24	static
rsi_bt_gap_apis.c:507:9:rsi_bt_accept_ssp_confirm	32	static
rsi_bt_gap_apis.c:532:9:rsi_bt_reject_ssp_confirm	32	static
rsi_bt_gap_apis.c:558:9:rsi_bt_passkey	40	static
rsi_bt_gap_apis.c:584:9:rsi_bt_pincode_request_reply	56	static
rsi_bt_gap_apis.c:611:9:rsi_bt_linkkey_request_reply	56	static
rsi_bt_gap_apis.c:640:9:rsi_bt_get_local_device_role	24	static
rsi_bt_gap_apis.c:663:9:rsi_bt_set_local_device_role	32	static
rsi_bt_gap_apis.c:691:9:rsi_bt_get_services_async	24	static
rsi_bt_gap_apis.c:715:9:rsi_bt_search_service_async	32	static
rsi_bt_gap_apis.c:742:9:rsi_bt_sniff_mode	40	static
rsi_bt_gap_apis.c:768:9:rsi_bt_sniff_exit_mode	24	static
rsi_bt_gap_apis.c:793:9:rsi_bt_sniff_subrating_mode	40	static
rsi_bt_gap_apis.c:820:9:rsi_bt_set_ssp_mode	24	static
rsi_bt_gap_apis.c:841:9:rsi_bt_set_eir_data	224	static
rsi_bt_gap_apis.c:866:9:rsi_bt_per_rx	16	static
rsi_bt_gap_apis.c:881:9:rsi_bt_per_tx	16	static
rsi_bt_gap_apis.c:903:9:rsi_bt_add_device_id	40	static
rsi_bt_gap_apis.c:932:9:rsi_bt_change_pkt_type	24	static
rsi_bt_gap_apis.c:956:9:rsi_bt_ptt_req	24	static
