rsi_hal_mcu_platform_init.c:101:6:rsi_hal_board_init	8	static
rsi_hal_mcu_platform_init.c:151:6:SystemClock_Config	88	static
rsi_hal_mcu_platform_init.c:202:13:MX_SPI1_Init	8	static
rsi_hal_mcu_platform_init.c:225:13:MX_TIM2_Init	32	static
rsi_hal_mcu_platform_init.c:270:6:MX_DMA_Init	16	static
rsi_hal_mcu_platform_init.c:326:13:MX_GPIO_Init	40	static
rsi_hal_mcu_platform_init.c:372:6:Error_Handler	4	static
rsi_hal_mcu_platform_init.c:394:6:rsi_switch_to_high_clk_freq	4	static
rsi_hal_mcu_platform_init.c:400:13:MX_USART2_UART_Init	8	static
rsi_hal_mcu_platform_init.c:452:6:HAL_TIM_PeriodElapsedCallback	16	static
rsi_hal_mcu_platform_init.c:471:1:__io_putchar	16	static
